../Core/Src/coil_driver.c:13:6:Coils_Init	16	static
../Core/Src/coil_driver.c:61:6:Set_Coil_Power	32	static
../Core/Src/coil_driver.c:89:6:Set_All_Coils_Power	24	static
../Core/Src/coil_driver.c:95:6:Stop_All_Coils	8	static
../Core/Src/coil_driver.c:99:7:Get_Coil_Power	16	static
../Core/Src/coil_driver.c:104:6:Start_Coil_Test	32	static
../Core/Src/coil_driver.c:116:6:Stop_Coil_Test	4	static
../Core/Src/coil_driver.c:120:6:Process_Coil_Test	32	static
../Core/Src/coil_driver.c:145:9:Is_Coil_Test_Running	4	static
../Core/Src/coil_driver.c:149:6:Check_Coils_Safety	24	static
../Core/Src/coil_driver.c:175:6:Reset_Coil_Fault	16	static
../Core/Src/coil_driver.c:182:9:Get_Coil_Fault_Status	16	static
../Core/Src/coil_driver.c:187:13:Get_Coil_Fault_Reason	16	static
../Core/Src/coil_driver.c:192:6:Get_Coils_Status_String	56	static
../Core/Src/coil_driver.c:201:7:Get_Coils_Average_Power	16	static
../Core/Src/coil_driver.c:209:7:Get_Coils_Max_Power	24	static
../Core/Src/coil_driver.c:220:10:Get_Coils_Total_On_Time	16	static
