../Core/Src/coil_driver.c:12:6:Coils_Init	16	static
../Core/Src/coil_driver.c:60:6:Set_Coil_Power	32	static
../Core/Src/coil_driver.c:88:6:Set_All_Coils_Power	24	static
../Core/Src/coil_driver.c:94:6:Stop_All_Coils	8	static
../Core/Src/coil_driver.c:98:7:Get_Coil_Power	16	static
../Core/Src/coil_driver.c:103:6:Start_Coil_Test	32	static
../Core/Src/coil_driver.c:115:6:Stop_Coil_Test	4	static
../Core/Src/coil_driver.c:119:6:Process_Coil_Test	32	static
../Core/Src/coil_driver.c:144:9:Is_Coil_Test_Running	4	static
../Core/Src/coil_driver.c:148:6:Check_Coils_Safety	24	static
../Core/Src/coil_driver.c:174:6:Reset_Coil_Fault	16	static
../Core/Src/coil_driver.c:181:9:Get_Coil_Fault_Status	16	static
../Core/Src/coil_driver.c:186:13:Get_Coil_Fault_Reason	16	static
../Core/Src/coil_driver.c:191:6:Get_Coils_Status_String	56	static
../Core/Src/coil_driver.c:200:7:Get_Coils_Average_Power	16	static
../Core/Src/coil_driver.c:208:7:Get_Coils_Max_Power	24	static
../Core/Src/coil_driver.c:219:10:Get_Coils_Total_On_Time	16	static
