../Core/Src/levitation_control.c:51:13:DipoleField	64	static
../Core/Src/levitation_control.c:72:13:Compute_ForceTorque	112	static
../Core/Src/levitation_control.c:138:13:Build_Matrix_A	80	static
../Core/Src/levitation_control.c:161:12:InvertMatrix_6x6	368	static
../Core/Src/levitation_control.c:222:13:Solve_Currents	408	static
../Core/Src/levitation_control.c:294:13:ComputeResidual	64	static
../Core/Src/levitation_control.c:320:13:ComputeJacobian	168	static
../Core/Src/levitation_control.c:343:13:GaussNewtonIteration	456	static
../Core/Src/levitation_control.c:435:6:Initialize_Coil_Geometry	72	static
../Core/Src/levitation_control.c:467:6:Initialize_Sensor_Geometry	24	static
../Core/Src/levitation_control.c:483:6:Calculate_Ball_Position	80	static
../Core/Src/levitation_control.c:549:6:Update_PID_Controller	152	static,ignoring_inline_asm
../Core/Src/levitation_control.c:630:6:Calculate_Coil_Forces	432	static
../Core/Src/levitation_control.c:653:6:Apply_Levitation_Control	96	static
../Core/Src/levitation_control.c:681:6:Start_Levitation	32	static
../Core/Src/levitation_control.c:707:6:Stop_Levitation	8	static
../Core/Src/levitation_control.c:715:6:Set_Levitation_Target	40	static
../Core/Src/levitation_control.c:723:6:Get_Levitation_Status	136	static
../Core/Src/levitation_control.c:738:6:EstimateBallPosition	168	static
../Core/Src/levitation_control.c:796:16:IsBallReleased	32	static
