../Core/Src/levitation_control.c:44:6:Initialize_Coil_Geometry	32	static
../Core/Src/levitation_control.c:96:6:Initialize_Sensor_Geometry	16	static
../Core/Src/levitation_control.c:119:6:Calculate_Ball_Position	56	static
../Core/Src/levitation_control.c:169:6:Update_PID_Controller	64	static
../Core/Src/levitation_control.c:227:6:Calculate_Coil_Forces	56	static
../Core/Src/levitation_control.c:270:6:Apply_Levitation_Control	80	static
../Core/Src/levitation_control.c:305:6:Start_Levitation	32	static
../Core/Src/levitation_control.c:330:6:Stop_Levitation	8	static
../Core/Src/levitation_control.c:341:6:Set_Levitation_Target	40	static
../Core/Src/levitation_control.c:349:6:Get_Levitation_Status	136	static
