../Core/Src/levitation_control.c:52:13:DipoleField	64	static
../Core/Src/levitation_control.c:73:13:Compute_ForceTorque	112	static
../Core/Src/levitation_control.c:139:13:Build_Matrix_A	80	static
../Core/Src/levitation_control.c:162:12:InvertMatrix_6x6	368	static
../Core/Src/levitation_control.c:223:13:Solve_Currents	408	static
../Core/Src/levitation_control.c:295:13:ComputeResidual	64	static
../Core/Src/levitation_control.c:321:13:ComputeJacobian	168	static
../Core/Src/levitation_control.c:344:13:GaussNewtonIteration	456	static
../Core/Src/levitation_control.c:436:6:Initialize_Coil_Geometry	72	static
../Core/Src/levitation_control.c:468:6:Initialize_Sensor_Geometry	24	static
../Core/Src/levitation_control.c:484:6:Calculate_Ball_Position	80	static
../Core/Src/levitation_control.c:550:6:Update_PID_Controller	152	static,ignoring_inline_asm
../Core/Src/levitation_control.c:631:6:Calculate_Coil_Forces	432	static
../Core/Src/levitation_control.c:654:6:Apply_Levitation_Control	96	static
../Core/Src/levitation_control.c:682:6:Start_Levitation	32	static
../Core/Src/levitation_control.c:708:6:Stop_Levitation	8	static
../Core/Src/levitation_control.c:716:6:Set_Levitation_Target	40	static
../Core/Src/levitation_control.c:724:6:Get_Levitation_Status	136	static
../Core/Src/levitation_control.c:739:6:EstimateBallPosition	352	static
