../Core/Src/main.c:194:6:Process_IMU_Byte	8	static
../Core/Src/main.c:223:6:Check_QSPI	8	static
../Core/Src/main.c:156:6:System_Init	96	static
../Core/Src/main.c:232:6:Calculate_CPU_Usage	8	static
../Core/Src/main.c:243:6:Update_Uptime	8	static
../Core/Src/main.c:218:6:Update_System_Status	8	static
../Core/Src/main.c:247:6:Show_Help_Menu	8	static
../Core/Src/main.c:269:6:Show_Prompt	0	static
../Core/Src/main.c:273:6:Show_System_Status	24	static
../Core/Src/main.c:289:6:Stream_Sensor_Data	176	static
../Core/Src/main.c:318:6:Process_Coil_Calib_Data	24	static
../Core/Src/main.c:358:6:Receive_Coil_Calibration	9440	static
../Core/Src/main.c:396:6:Calculate_3D_Position	0	static
../Core/Src/main.c:406:6:Send_HID_Report	0	static
../Core/Src/main.c:411:6:SystemControlLoop	24	static
../Core/Src/main.c:601:6:HAL_UART_RxCpltCallback	16	static
../Core/Src/main.c:632:6:HAL_UART_ErrorCallback	0	static
../Core/Src/main.c:639:6:HAL_TIM_PeriodElapsedCallback	0	static
../Core/Src/main.c:646:6:Process_Console_Commands	88	static
../Core/Src/main.c:938:6:Error_Handler	8	static
../Core/Src/main.c:561:6:SystemClock_Config	128	static
../Core/Src/main.c:428:5:main	48	static
