../Core/Src/main.c:165:6:System_Init	8	static
../Core/Src/main.c:199:6:Update_System_Status	8	static
../Core/Src/main.c:204:6:Check_QSPI	16	static
../Core/Src/main.c:212:6:Calculate_CPU_Usage	24	static
../Core/Src/main.c:226:6:Update_Uptime	8	static
../Core/Src/main.c:231:6:Show_Help_Menu	8	static
../Core/Src/main.c:248:6:Show_Prompt	8	static
../Core/Src/main.c:253:6:Show_System_Status	24	static
../Core/Src/main.c:268:6:Stream_Sensor_Data	184	static
../Core/Src/main.c:295:6:Calculate_3D_Position	4	static
../Core/Src/main.c:308:6:Send_HID_Report	4	static
../Core/Src/main.c:320:5:main	16	static
../Core/Src/main.c:449:6:SystemClock_Config	120	static
../Core/Src/main.c:505:6:Error_Handler	8	static
../Core/Src/main.c:514:6:HAL_UART_RxCpltCallback	16	static
../Core/Src/main.c:534:6:Process_Console_Commands	88	static
../Core/Src/main.c:691:6:MPU_Config	24	static
