../Core/Src/main.c:153:6:System_Init	8	static
../Core/Src/main.c:182:6:Process_IMU_Byte	24	static
../Core/Src/main.c:207:6:Update_System_Status	8	static
../Core/Src/main.c:212:6:Check_QSPI	16	static
../Core/Src/main.c:221:6:Calculate_CPU_Usage	24	static
../Core/Src/main.c:232:6:Update_Uptime	8	static
../Core/Src/main.c:236:6:Show_Help_Menu	8	static
../Core/Src/main.c:258:6:Show_Prompt	8	static
../Core/Src/main.c:262:6:Show_System_Status	24	static
../Core/Src/main.c:278:6:Stream_Sensor_Data	184	static
../Core/Src/main.c:306:6:Process_Coil_Calib_Data	32	static
../Core/Src/main.c:347:6:Receive_Coil_Calibration	9456	static
../Core/Src/main.c:392:6:Calculate_3D_Position	4	static
../Core/Src/main.c:402:6:Send_HID_Report	4	static
../Core/Src/main.c:412:5:main	184	static
../Core/Src/main.c:551:6:SystemClock_Config	120	static
../Core/Src/main.c:597:6:HAL_UART_RxCpltCallback	16	static
../Core/Src/main.c:632:6:Error_Handler	8	static
../Core/Src/main.c:639:6:Process_Console_Commands	240	static
../Core/Src/main.c:909:6:MPU_Config	24	static
