../Core/Src/sensor_mlx90393.c:27:16:mlx90393_reset	32	static
../Core/Src/sensor_mlx90393.c:46:16:mlx90393_exit	32	static
../Core/Src/sensor_mlx90393.c:67:16:mlx90393_start_sm_xyzT	32	static
../Core/Src/sensor_mlx90393.c:89:16:mlx90393_read_rm_xyzT	56	static
../Core/Src/sensor_mlx90393.c:121:6:ConfigureSensor	40	static
../Core/Src/sensor_mlx90393.c:154:6:Sensors_Init	40	static
../Core/Src/sensor_mlx90393.c:225:6:Sensors_Deinit	16	static
../Core/Src/sensor_mlx90393.c:233:9:Read_Sensor	64	static
../Core/Src/sensor_mlx90393.c:305:9:Read_All_Sensors	16	static
../Core/Src/sensor_mlx90393.c:316:6:Calibrate_Sensors_Start	16	static
../Core/Src/sensor_mlx90393.c:335:6:Calibrate_Sensors_Stop	4	static
../Core/Src/sensor_mlx90393.c:341:9:Is_Calibration_Running	4	static
../Core/Src/sensor_mlx90393.c:347:10:calculate_calibration_checksum	32	static
../Core/Src/sensor_mlx90393.c:358:6:Save_Calibration_To_Flash	224	static
../Core/Src/sensor_mlx90393.c:388:6:Load_Calibration_From_Flash	240	static
../Core/Src/sensor_mlx90393.c:441:6:Apply_Calibration	24	static
../Core/Src/sensor_mlx90393.c:457:7:Calculate_Magnetic_Field_Strength	32	static
../Core/Src/sensor_mlx90393.c:468:9:Test_Sensor_Connection	16	static
../Core/Src/sensor_mlx90393.c:476:9:Test_Sensor_Connection_Simple	16	static
../Core/Src/sensor_mlx90393.c:485:9:Get_Sensor_Health_Status	24	static
../Core/Src/sensor_mlx90393.c:499:6:Get_Sensor_Data_String	88	static
../Core/Src/sensor_mlx90393.c:514:6:Get_Sensor_Stats_String	32	static
../Core/Src/sensor_mlx90393.c:524:7:Get_Sensor_Read_Frequency	16	static
../Core/Src/sensor_mlx90393.c:536:9:Quick_Read_Sensor	16	static
