../Core/Src/sensor_mlx90393.c:33:16:mlx90393_reset	32	static
../Core/Src/sensor_mlx90393.c:50:16:mlx90393_exit	32	static
../Core/Src/sensor_mlx90393.c:67:16:mlx90393_start_sm_xyzT	32	static
../Core/Src/sensor_mlx90393.c:87:16:mlx90393_read_rm_xyzT	56	static
../Core/Src/sensor_mlx90393.c:112:6:ConfigureSensor	40	static
../Core/Src/sensor_mlx90393.c:145:6:Sensors_Init	32	static
../Core/Src/sensor_mlx90393.c:206:9:Read_Sensor	80	static
../Core/Src/sensor_mlx90393.c:274:9:Read_All_Sensors	16	static
../Core/Src/sensor_mlx90393.c:282:6:Calibrate_Sensors_Start	40	static
../Core/Src/sensor_mlx90393.c:304:6:Calibrate_Sensors_Stop	4	static
../Core/Src/sensor_mlx90393.c:305:9:Is_Calibration_Running	4	static
../Core/Src/sensor_mlx90393.c:309:10:calculate_calibration_checksum	32	static
../Core/Src/sensor_mlx90393.c:318:6:Save_Calibration_To_Flash	224	static
../Core/Src/sensor_mlx90393.c:338:6:Load_Calibration_From_Flash	240	static
../Core/Src/sensor_mlx90393.c:383:6:Apply_Calibration	24	static
../Core/Src/sensor_mlx90393.c:396:7:Calculate_Magnetic_Field_Strength	32	static
../Core/Src/sensor_mlx90393.c:405:9:Test_Sensor_Connection	16	static
../Core/Src/sensor_mlx90393.c:411:9:Test_Sensor_Connection_Simple	16	static
../Core/Src/sensor_mlx90393.c:416:9:Get_Sensor_Health_Status	24	static
../Core/Src/sensor_mlx90393.c:425:6:Get_Sensor_Data_String	88	static
../Core/Src/sensor_mlx90393.c:439:6:Get_Sensor_Stats_String	32	static
../Core/Src/sensor_mlx90393.c:447:7:Get_Sensor_Read_Frequency	16	static
../Core/Src/sensor_mlx90393.c:455:9:Quick_Read_Sensor	16	static
../Core/Src/sensor_mlx90393.c:461:6:Test_SPI_Bus	16	static
../Core/Src/sensor_mlx90393.c:462:6:Measure_SPI_Timing	4	static
../Core/Src/sensor_mlx90393.c:463:9:Verify_SPI_Communication	8	static
../Core/Src/sensor_mlx90393.c:464:9:MLX90393_Read_Register	16	static
../Core/Src/sensor_mlx90393.c:465:6:MLX90393_Reset_Sensor	16	static
../Core/Src/sensor_mlx90393.c:470:9:MLX90393_Get_Raw_Data	40	static
