../Core/Src/sensor_mlx90393.c:48:16:mlx90393_exit.isra	24	static
../Core/Src/sensor_mlx90393.c:111:6:ConfigureSensor	48	static
../Core/Src/sensor_mlx90393.c:235:9:Read_Sensor_With_Gain	64	static
../Core/Src/sensor_mlx90393.c:283:6:Calibrate_Offset_Procedure	64	static
../Core/Src/sensor_mlx90393.c:327:9:Read_Sensor_Calibrated	56	static
../Core/Src/sensor_mlx90393.c:344:9:Quick_Read_Sensor	0	static
../Core/Src/sensor_mlx90393.c:348:9:Read_Sensor	0	static
../Core/Src/sensor_mlx90393.c:352:6:Calibrate_Sensors_Start	16	static
../Core/Src/sensor_mlx90393.c:361:9:Test_Sensor_Connection	0	static
../Core/Src/sensor_mlx90393.c:370:7:Calculate_Magnetic_Field_Strength	0	static
../Core/Src/sensor_mlx90393.c:380:6:Get_Sensor_Stats_String	24	static
../Core/Src/sensor_mlx90393.c:388:6:Save_Calibration_To_Flash	224	static
../Core/Src/sensor_mlx90393.c:406:6:Load_Calibration_From_Flash	232	static
../Core/Src/sensor_mlx90393.c:434:6:HAL_SPI_ErrorCallback	8	static
../Core/Src/sensor_mlx90393.c:444:9:Read_Sensor_DMA_Start	48	static,ignoring_inline_asm
../Core/Src/sensor_mlx90393.c:643:13:Start_Next_Sensor_Read	24	static
../Core/Src/sensor_mlx90393.c:483:9:Process_Sensor_DMA_Data	8	static,ignoring_inline_asm
../Core/Src/sensor_mlx90393.c:512:6:Update_Sensors_DMA	64	static
../Core/Src/sensor_mlx90393.c:139:6:Sensors_Init	56	static
../Core/Src/sensor_mlx90393.c:664:6:HAL_SPI_TxRxCpltCallback	16	static,ignoring_inline_asm
