../Core/Src/coil_driver.c:15:6:Coils_Init	32	static
../Core/Src/coil_driver.c:71:6:Set_Coil_Power	32	static
../Core/Src/coil_driver.c:104:6:Set_All_Coils_Power	16	static
../Core/Src/coil_driver.c:111:6:Stop_All_Coils	0	static
../Core/Src/coil_driver.c:116:7:Get_Coil_Power	0	static
../Core/Src/coil_driver.c:123:6:Start_Coil_Test	8	static
../Core/Src/coil_driver.c:137:6:Stop_Coil_Test	0	static
../Core/Src/coil_driver.c:143:6:Process_Coil_Test	16	static
../Core/Src/coil_driver.c:165:9:Is_Coil_Test_Running	0	static
../Core/Src/coil_driver.c:171:6:Check_Coils_Safety	24	static
../Core/Src/coil_driver.c:189:6:Reset_Coil_Fault	4	static
../Core/Src/coil_driver.c:197:9:Get_Coil_Fault_Status	0	static
../Core/Src/coil_driver.c:203:13:Get_Coil_Fault_Reason	0	static
../Core/Src/coil_driver.c:210:6:Get_Coils_Status_String	56	static
../Core/Src/coil_driver.c:220:7:Get_Coils_Average_Power	0	static
../Core/Src/coil_driver.c:229:7:Get_Coils_Max_Power	0	static
../Core/Src/coil_driver.c:239:10:Get_Coils_Total_On_Time	0	static
