../Core/Src/levitation_control.c:244:6:Initialize_Coil_Geometry	48	static
../Core/Src/levitation_control.c:280:6:Initialize_Sensor_Geometry	64	static
../Core/Src/levitation_control.c:439:6:Update_PID_Controller	112	static,ignoring_inline_asm
../Core/Src/levitation_control.c:511:6:Calculate_Coil_Forces	1320	static
../Core/Src/levitation_control.c:635:6:Start_Levitation	32	static
../Core/Src/levitation_control.c:661:6:Stop_Levitation	8	static
../Core/Src/levitation_control.c:669:6:Set_Levitation_Target	24	static
../Core/Src/levitation_control.c:677:6:Get_Levitation_Status	88	static
../Core/Src/levitation_control.c:695:7:PowerToCurrent	0	static
../Core/Src/levitation_control.c:299:6:EstimateBallPosition	912	static
../Core/Src/levitation_control.c:546:6:Apply_Levitation_Control	128	static
