../Core/Src/levitation_control.c:162:12:InvertMatrix_6x6	320	static
../Core/Src/levitation_control.c:295:13:ComputeResidual	64	static
../Core/Src/levitation_control.c:436:6:Initialize_Coil_Geometry	48	static
../Core/Src/levitation_control.c:468:6:Initialize_Sensor_Geometry	32	static
../Core/Src/levitation_control.c:484:6:Calculate_Ball_Position	96	static
../Core/Src/levitation_control.c:550:6:Update_PID_Controller	136	static,ignoring_inline_asm
../Core/Src/levitation_control.c:631:6:Calculate_Coil_Forces	800	static
../Core/Src/levitation_control.c:654:6:Apply_Levitation_Control	72	static
../Core/Src/levitation_control.c:682:6:Start_Levitation	32	static
../Core/Src/levitation_control.c:708:6:Stop_Levitation	8	static
../Core/Src/levitation_control.c:716:6:Set_Levitation_Target	24	static
../Core/Src/levitation_control.c:724:6:Get_Levitation_Status	120	static
../Core/Src/levitation_control.c:739:6:EstimateBallPosition	776	static
