../Core/Src/main.c:146:6:System_Init	8	static
../Core/Src/main.c:174:6:Process_IMU_Byte	24	static
../Core/Src/main.c:199:6:Update_System_Status	8	static
../Core/Src/main.c:204:6:Check_QSPI	16	static
../Core/Src/main.c:213:6:Calculate_CPU_Usage	24	static
../Core/Src/main.c:224:6:Update_Uptime	8	static
../Core/Src/main.c:228:6:Show_Help_Menu	8	static
../Core/Src/main.c:250:6:Show_Prompt	8	static
../Core/Src/main.c:254:6:Show_System_Status	24	static
../Core/Src/main.c:270:6:Stream_Sensor_Data	184	static
../Core/Src/main.c:299:6:Calculate_3D_Position	4	static
../Core/Src/main.c:309:6:Send_HID_Report	4	static
../Core/Src/main.c:319:5:main	184	static
../Core/Src/main.c:459:6:SystemClock_Config	120	static
../Core/Src/main.c:505:6:HAL_UART_RxCpltCallback	16	static
../Core/Src/main.c:527:6:Error_Handler	8	static
../Core/Src/main.c:534:6:Process_Console_Commands	232	static
../Core/Src/main.c:784:6:MPU_Config	24	static
