../Core/Src/main.c:175:6:System_Init	32	static
../Core/Src/main.c:223:6:System_Deinit	4	static
../Core/Src/main.c:227:6:Update_System_Status	8	static
../Core/Src/main.c:234:6:Handle_Emergency_Stop	8	static
../Core/Src/main.c:241:6:Test_Single_Sensor	24	static
../Core/Src/main.c:269:9:Quick_Read_Sensor	128	static
../Core/Src/main.c:369:6:Debug_Sensor_Completely	16	static
../Core/Src/main.c:374:6:Run_Full_System_Test	8	static
../Core/Src/main.c:383:6:Run_Coil_Test_Suite	16	static
../Core/Src/main.c:399:6:Run_Sensor_Test_Suite	16	static
../Core/Src/main.c:416:6:Run_SPI_Test_Suite	8	static
../Core/Src/main.c:427:6:Run_Integration_Test	8	static
../Core/Src/main.c:437:6:Calculate_CPU_Usage	24	static
../Core/Src/main.c:451:6:Update_Uptime	8	static
../Core/Src/main.c:455:6:Save_System_Config	8	static
../Core/Src/main.c:460:6:Load_System_Config	8	static
../Core/Src/main.c:466:6:Show_Help_Menu	8	static
../Core/Src/main.c:509:6:Show_System_Status	8	static
../Core/Src/main.c:524:6:Test_SPI_Pins	40	static
../Core/Src/main.c:563:6:Test_SPI_Communication	40	static
../Core/Src/main.c:596:6:HAL_UART_RxCpltCallback	16	static
../Core/Src/main.c:619:7:Calculate_Temperature	16	static
../Core/Src/main.c:623:9:Fast_Read_Sensor	88	static
../Core/Src/main.c:672:6:Stream_Sensor_Data	120	static
../Core/Src/main.c:695:5:main	8	static
../Core/Src/main.c:798:6:SystemClock_Config	120	static
../Core/Src/main.c:854:6:Error_Handler	8	static
../Core/Src/main.c:864:6:Process_Console_Commands	856	static
../Core/Src/main.c:1768:6:MPU_Config	24	static
