../Core/Src/sensor_mlx90393.c:52:20:sensor_select	0	static
../Core/Src/sensor_mlx90393.c:57:20:sensor_deselect	0	static
../Core/Src/sensor_mlx90393.c:73:6:Sensors_Init	56	static
../Core/Src/sensor_mlx90393.c:234:6:HAL_SPI_TxRxCpltCallback	32	static,ignoring_inline_asm
../Core/Src/sensor_mlx90393.c:256:6:Sensors_Update	56	static,ignoring_inline_asm
../Core/Src/sensor_mlx90393.c:329:9:Read_Sensor_With_Gain	48	static
../Core/Src/sensor_mlx90393.c:372:6:Calibrate_Offset_Procedure	56	static
../Core/Src/sensor_mlx90393.c:406:9:Read_Sensor_Calibrated	56	static
../Core/Src/sensor_mlx90393.c:426:9:Test_Sensor_Connection	0	static
../Core/Src/sensor_mlx90393.c:432:7:Calculate_Magnetic_Field_Strength	0	static
../Core/Src/sensor_mlx90393.c:442:9:Quick_Read_Sensor	0	static
../Core/Src/sensor_mlx90393.c:447:9:Read_Sensor	0	static
../Core/Src/sensor_mlx90393.c:452:6:Calibrate_Sensors_Start	16	static
../Core/Src/sensor_mlx90393.c:461:6:Get_Sensor_Stats_String	24	static
../Core/Src/sensor_mlx90393.c:472:6:Save_Calibration_To_Flash	0	static
../Core/Src/sensor_mlx90393.c:477:6:Load_Calibration_From_Flash	0	static
../Core/Src/sensor_mlx90393.c:482:6:HAL_SPI_ErrorCallback	16	static
