Archive member included to satisfy reference by file (symbol)

C:/ST/STM32CubeIDE_2.0.0/STM32CubeIDE/plugins/com.st.stm32cube.ide.mcu.externaltools.gnu-tools-for-stm32.13.3.rel1.win32_1.0.100.202509120712/tools/bin/../lib/gcc/arm-none-eabi/13.3.1/../../../../arm-none-eabi/lib/thumb/v7e-m+dp/hard\libc_nano.a(libc_a-atof.o)
                              ./Core/Src/main.o (atof)
C:/ST/STM32CubeIDE_2.0.0/STM32CubeIDE/plugins/com.st.stm32cube.ide.mcu.externaltools.gnu-tools-for-stm32.13.3.rel1.win32_1.0.100.202509120712/tools/bin/../lib/gcc/arm-none-eabi/13.3.1/../../../../arm-none-eabi/lib/thumb/v7e-m+dp/hard\libc_nano.a(libc_a-atoi.o)
                              ./Core/Src/main.o (atoi)
C:/ST/STM32CubeIDE_2.0.0/STM32CubeIDE/plugins/com.st.stm32cube.ide.mcu.externaltools.gnu-tools-for-stm32.13.3.rel1.win32_1.0.100.202509120712/tools/bin/../lib/gcc/arm-none-eabi/13.3.1/../../../../arm-none-eabi/lib/thumb/v7e-m+dp/hard\libc_nano.a(libc_a-exit.o)
                              C:/ST/STM32CubeIDE_2.0.0/STM32CubeIDE/plugins/com.st.stm32cube.ide.mcu.externaltools.gnu-tools-for-stm32.13.3.rel1.win32_1.0.100.202509120712/tools/bin/../lib/gcc/arm-none-eabi/13.3.1/../../../../arm-none-eabi/lib/thumb/v7e-m+dp/hard/crt0.o (exit)
C:/ST/STM32CubeIDE_2.0.0/STM32CubeIDE/plugins/com.st.stm32cube.ide.mcu.externaltools.gnu-tools-for-stm32.13.3.rel1.win32_1.0.100.202509120712/tools/bin/../lib/gcc/arm-none-eabi/13.3.1/../../../../arm-none-eabi/lib/thumb/v7e-m+dp/hard\libc_nano.a(libc_a-strtod.o)
                              C:/ST/STM32CubeIDE_2.0.0/STM32CubeIDE/plugins/com.st.stm32cube.ide.mcu.externaltools.gnu-tools-for-stm32.13.3.rel1.win32_1.0.100.202509120712/tools/bin/../lib/gcc/arm-none-eabi/13.3.1/../../../../arm-none-eabi/lib/thumb/v7e-m+dp/hard\libc_nano.a(libc_a-atof.o) (strtod)
C:/ST/STM32CubeIDE_2.0.0/STM32CubeIDE/plugins/com.st.stm32cube.ide.mcu.externaltools.gnu-tools-for-stm32.13.3.rel1.win32_1.0.100.202509120712/tools/bin/../lib/gcc/arm-none-eabi/13.3.1/../../../../arm-none-eabi/lib/thumb/v7e-m+dp/hard\libc_nano.a(libc_a-strtol.o)
                              C:/ST/STM32CubeIDE_2.0.0/STM32CubeIDE/plugins/com.st.stm32cube.ide.mcu.externaltools.gnu-tools-for-stm32.13.3.rel1.win32_1.0.100.202509120712/tools/bin/../lib/gcc/arm-none-eabi/13.3.1/../../../../arm-none-eabi/lib/thumb/v7e-m+dp/hard\libc_nano.a(libc_a-atoi.o) (_strtol_r)
C:/ST/STM32CubeIDE_2.0.0/STM32CubeIDE/plugins/com.st.stm32cube.ide.mcu.externaltools.gnu-tools-for-stm32.13.3.rel1.win32_1.0.100.202509120712/tools/bin/../lib/gcc/arm-none-eabi/13.3.1/../../../../arm-none-eabi/lib/thumb/v7e-m+dp/hard\libc_nano.a(libc_a-strtoul.o)
                              ./Core/Src/main.o (strtoul)
C:/ST/STM32CubeIDE_2.0.0/STM32CubeIDE/plugins/com.st.stm32cube.ide.mcu.externaltools.gnu-tools-for-stm32.13.3.rel1.win32_1.0.100.202509120712/tools/bin/../lib/gcc/arm-none-eabi/13.3.1/../../../../arm-none-eabi/lib/thumb/v7e-m+dp/hard\libc_nano.a(libc_a-ctype_.o)
                              C:/ST/STM32CubeIDE_2.0.0/STM32CubeIDE/plugins/com.st.stm32cube.ide.mcu.externaltools.gnu-tools-for-stm32.13.3.rel1.win32_1.0.100.202509120712/tools/bin/../lib/gcc/arm-none-eabi/13.3.1/../../../../arm-none-eabi/lib/thumb/v7e-m+dp/hard\libc_nano.a(libc_a-strtol.o) (_ctype_)
C:/ST/STM32CubeIDE_2.0.0/STM32CubeIDE/plugins/com.st.stm32cube.ide.mcu.externaltools.gnu-tools-for-stm32.13.3.rel1.win32_1.0.100.202509120712/tools/bin/../lib/gcc/arm-none-eabi/13.3.1/../../../../arm-none-eabi/lib/thumb/v7e-m+dp/hard\libc_nano.a(libc_a-nano-vfprintf_float.o)
                              (_printf_float)
C:/ST/STM32CubeIDE_2.0.0/STM32CubeIDE/plugins/com.st.stm32cube.ide.mcu.externaltools.gnu-tools-for-stm32.13.3.rel1.win32_1.0.100.202509120712/tools/bin/../lib/gcc/arm-none-eabi/13.3.1/../../../../arm-none-eabi/lib/thumb/v7e-m+dp/hard\libc_nano.a(libc_a-nano-vfprintf_i.o)
                              C:/ST/STM32CubeIDE_2.0.0/STM32CubeIDE/plugins/com.st.stm32cube.ide.mcu.externaltools.gnu-tools-for-stm32.13.3.rel1.win32_1.0.100.202509120712/tools/bin/../lib/gcc/arm-none-eabi/13.3.1/../../../../arm-none-eabi/lib/thumb/v7e-m+dp/hard\libc_nano.a(libc_a-nano-vfprintf_float.o) (_printf_common)
C:/ST/STM32CubeIDE_2.0.0/STM32CubeIDE/plugins/com.st.stm32cube.ide.mcu.externaltools.gnu-tools-for-stm32.13.3.rel1.win32_1.0.100.202509120712/tools/bin/../lib/gcc/arm-none-eabi/13.3.1/../../../../arm-none-eabi/lib/thumb/v7e-m+dp/hard\libc_nano.a(libc_a-nano-vfscanf_float.o)
                              (_scanf_float)
C:/ST/STM32CubeIDE_2.0.0/STM32CubeIDE/plugins/com.st.stm32cube.ide.mcu.externaltools.gnu-tools-for-stm32.13.3.rel1.win32_1.0.100.202509120712/tools/bin/../lib/gcc/arm-none-eabi/13.3.1/../../../../arm-none-eabi/lib/thumb/v7e-m+dp/hard\libc_nano.a(libc_a-findfp.o)
[...]
Memory Configuration

Name             Origin             Length             Attributes
FLASH            0x08000000         0x00020000         xr
DTCMRAM          0x20000000         0x00020000         xrw
RAM_D1           0x24000000         0x00080000         xrw
RAM_D2           0x30000000         0x00048000         xrw
RAM_D3           0x38000000         0x00010000         xrw
ITCMRAM          0x00000000         0x00010000         xrw
*default*        0x00000000         0xffffffff

Linker script and memory map

LOAD C:/ST/STM32CubeIDE_2.0.0/STM32CubeIDE/plugins/com.st.stm32cube.ide.mcu.externaltools.gnu-tools-for-stm32.13.3.rel1.win32_1.0.100.202509120712/tools/bin/../lib/gcc/arm-none-eabi/13.3.1/thumb/v7e-m+dp/hard/crti.o
LOAD C:/ST/STM32CubeIDE_2.0.0/STM32CubeIDE/plugins/com.st.stm32cube.ide.mcu.externaltools.gnu-tools-for-stm32.13.3.rel1.win32_1.0.100.202509120712/tools/bin/../lib/gcc/arm-none-eabi/13.3.1/thumb/v7e-m+dp/hard/crtbegin.o
LOAD C:/ST/STM32CubeIDE_2.0.0/STM32CubeIDE/plugins/com.st.stm32cube.ide.mcu.externaltools.gnu-tools-for-stm32.13.3.rel1.win32_1.0.100.202509120712/tools/bin/../lib/gcc/arm-none-eabi/13.3.1/../../../../arm-none-eabi/lib/thumb/v7e-m+dp/hard/crt0.o
LOAD ./Core/Src/coil_calib.o
LOAD ./Core/Src/coil_driver.o
LOAD ./Core/Src/debug_console.o
LOAD ./Core/Src/dma.o
LOAD ./Core/Src/gpio.o
LOAD ./Core/Src/levitation_control.o
LOAD ./Core/Src/main.o
LOAD ./Core/Src/qspi_flash.o
LOAD ./Core/Src/quadspi.o
LOAD ./Core/Src/sensor_mlx90393.o
LOAD ./Core/Src/spi.o
LOAD ./Core/Src/stm32h7xx_hal_msp.o
LOAD ./Core/Src/stm32h7xx_it.o
LOAD ./Core/Src/syscalls.o
LOAD ./Core/Src/sysmem.o
LOAD ./Core/Src/system_stm32h7xx.o
LOAD ./Core/Src/tim.o
LOAD ./Core/Src/usart.o
LOAD ./Core/Src/usbd_hid_if.o
LOAD ./Core/Startup/startup_stm32h750vbtx.o
LOAD ./Drivers/STM32H7xx_HAL_Driver/Src/stm32h7xx_hal.o
LOAD ./Drivers/STM32H7xx_HAL_Driver/Src/stm32h7xx_hal_cortex.o
LOAD ./Drivers/STM32H7xx_HAL_Driver/Src/stm32h7xx_hal_dma.o
LOAD ./Drivers/STM32H7xx_HAL_Driver/Src/stm32h7xx_hal_dma_ex.o
LOAD ./Drivers/STM32H7xx_HAL_Driver/Src/stm32h7xx_hal_exti.o
LOAD ./Drivers/STM32H7xx_HAL_Driver/Src/stm32h7xx_hal_flash.o
LOAD ./Drivers/STM32H7xx_HAL_Driver/Src/stm32h7xx_hal_flash_ex.o
LOAD ./Drivers/STM32H7xx_HAL_Driver/Src/stm32h7xx_hal_gpio.o
LOAD ./Drivers/STM32H7xx_HAL_Driver/Src/stm32h7xx_hal_hsem.o
LOAD ./Drivers/STM32H7xx_HAL_Driver/Src/stm32h7xx_hal_i2c.o
LOAD ./Drivers/STM32H7xx_HAL_Driver/Src/stm32h7xx_hal_i2c_ex.o
LOAD ./Drivers/STM32H7xx_HAL_Driver/Src/stm32h7xx_hal_mdma.o
LOAD ./Drivers/STM32H7xx_HAL_Driver/Src/stm32h7xx_hal_pcd.o
LOAD ./Drivers/STM32H7xx_HAL_Driver/Src/stm32h7xx_hal_pcd_ex.o
LOAD ./Drivers/STM32H7xx_HAL_Driver/Src/stm32h7xx_hal_pwr.o
LOAD ./Drivers/STM32H7xx_HAL_Driver/Src/stm32h7xx_hal_pwr_ex.o
LOAD ./Drivers/STM32H7xx_HAL_Driver/Src/stm32h7xx_hal_qspi.o
LOAD ./Drivers/STM32H7xx_HAL_Driver/Src/stm32h7xx_hal_rcc.o
LOAD ./Drivers/STM32H7xx_HAL_Driver/Src/stm32h7xx_hal_rcc_ex.o
LOAD ./Drivers/STM32H7xx_HAL_Driver/Src/stm32h7xx_hal_spi.o
LOAD ./Drivers/STM32H7xx_HAL_Driver/Src/stm32h7xx_hal_spi_ex.o
LOAD ./Drivers/STM32H7xx_HAL_Driver/Src/stm32h7xx_hal_tim.o
LOAD ./Drivers/STM32H7xx_HAL_Driver/Src/stm32h7xx_hal_tim_ex.o
LOAD ./Drivers/STM32H7xx_HAL_Driver/Src/stm32h7xx_hal_uart.o
LOAD ./Drivers/STM32H7xx_HAL_Driver/Src/stm32h7xx_hal_uart_ex.o
LOAD ./Drivers/STM32H7xx_HAL_Driver/Src/stm32h7xx_ll_delayblock.o
LOAD ./Drivers/STM32H7xx_HAL_Driver/Src/stm32h7xx_ll_usb.o
LOAD ./Middlewares/ST/STM32_USB_Device_Library/Class/HID/Src/usbd_hid.o
LOAD ./Middlewares/ST/STM32_USB_Device_Library/Core/Src/usbd_core.o
LOAD ./Middlewares/ST/STM32_USB_Device_Library/Core/Src/usbd_ctlreq.o
LOAD ./Middlewares/ST/STM32_USB_Device_Library/Core/Src/usbd_ioreq.o
LOAD ./USB_DEVICE/App/usb_device.o
LOAD ./USB_DEVICE/App/usbd_desc.o
LOAD ./USB_DEVICE/Target/usbd_conf.o
START GROUP
LOAD C:/ST/STM32CubeIDE_2.0.0/STM32CubeIDE/plugins/com.st.stm32cube.ide.mcu.externaltools.gnu-tools-for-stm32.13.3.rel1.win32_1.0.100.202509120712/tools/bin/../lib/gcc/arm-none-eabi/13.3.1/../../../../arm-none-eabi/lib/thumb/v7e-m+dp/hard\libc_nano.a
LOAD C:/ST/STM32CubeIDE_2.0.0/STM32CubeIDE/plugins/com.st.stm32cube.ide.mcu.externaltools.gnu-tools-for-stm32.13.3.rel1.win32_1.0.100.202509120712/tools/bin/../lib/gcc/arm-none-eabi/13.3.1/../../../../arm-none-eabi/lib/thumb/v7e-m+dp/hard\libm.a
END GROUP
START GROUP
LOAD C:/ST/STM32CubeIDE_2.0.0/STM32CubeIDE/plugins/com.st.stm32cube.ide.mcu.externaltools.gnu-tools-for-stm32.13.3.rel1.win32_1.0.100.202509120712/tools/bin/../lib/gcc/arm-none-eabi/13.3.1/thumb/v7e-m+dp/hard\libgcc.a
LOAD C:/ST/STM32CubeIDE_2.0.0/STM32CubeIDE/plugins/com.st.stm32cube.ide.mcu.externaltools.gnu-tools-for-stm32.13.3.rel1.win32_1.0.100.202509120712/tools/bin/../lib/gcc/arm-none-eabi/13.3.1/../../../../arm-none-eabi/lib/thumb/v7e-m+dp/hard\libc_nano.a
END GROUP
START GROUP
LOAD C:/ST/STM32CubeIDE_2.0.0/STM32CubeIDE/plugins/com.st.stm32cube.ide.mcu.externaltools.gnu-tools-for-stm32.13.3.rel1.win32_1.0.100.202509120712/tools/bin/../lib/gcc/arm-none-eabi/13.3.1/thumb/v7e-m+dp/hard\libgcc.a
LOAD C:/ST/STM32CubeIDE_2.0.0/STM32CubeIDE/plugins/com.st.stm32cube.ide.mcu.externaltools.gnu-tools-for-stm32.13.3.rel1.win32_1.0.100.202509120712/tools/bin/../lib/gcc/arm-none-eabi/13.3.1/../../../../arm-none-eabi/lib/thumb/v7e-m+dp/hard\libc_nano.a
LOAD C:/ST/STM32CubeIDE_2.0.0/STM32CubeIDE/plugins/com.st.stm32cube.ide.mcu.externaltools.gnu-tools-for-stm32.13.3.rel1.win32_1.0.100.202509120712/tools/bin/../lib/gcc/arm-none-eabi/13.3.1/../../../../arm-none-eabi/lib/thumb/v7e-m+dp/hard\libnosys.a
END GROUP
START GROUP
LOAD C:/ST/STM32CubeIDE_2.0.0/STM32CubeIDE/plugins/com.st.stm32cube.ide.mcu.externaltools.gnu-tools-for-stm32.13.3.rel1.win32_1.0.100.202509120712/tools/bin/../lib/gcc/arm-none-eabi/13.3.1/thumb/v7e-m+dp/hard\libgcc.a
LOAD C:/ST/STM32CubeIDE_2.0.0/STM32CubeIDE/plugins/com.st.stm32cube.ide.mcu.externaltools.gnu-tools-for-stm32.13.3.rel1.win32_1.0.100.202509120712/tools/bin/../lib/gcc/arm-none-eabi/13.3.1/../../../../arm-none-eabi/lib/thumb/v7e-m+dp/hard\libc_nano.a
LOAD C:/ST/STM32CubeIDE_2.0.0/STM32CubeIDE/plugins/com.st.stm32cube.ide.mcu.externaltools.gnu-tools-for-stm32.13.3.rel1.win32_1.0.100.202509120712/tools/bin/../lib/gcc/arm-none-eabi/13.3.1/../../../../arm-none-eabi/lib/thumb/v7e-m+dp/hard\libnosys.a
END GROUP
LOAD C:/ST/STM32CubeIDE_2.0.0/STM32CubeIDE/plugins/com.st.stm32cube.ide.mcu.externaltools.gnu-tools-for-stm32.13.3.rel1.win32_1.0.100.202509120712/tools/bin/../lib/gcc/arm-none-eabi/13.3.1/thumb/v7e-m+dp/hard/crtend.o
LOAD C:/ST/STM32CubeIDE_2.0.0/STM32CubeIDE/plugins/com.st.stm32cube.ide.mcu.externaltools.gnu-tools-for-stm32.13.3.rel1.win32_1.0.100.202509120712/tools/bin/../lib/gcc/arm-none-eabi/13.3.1/thumb/v7e-m+dp/hard/crtn.o
                0x24080000                        _estack = (ORIGIN (RAM_D1) + LENGTH (RAM_D1))
                0x00000200                        _Min_Heap_Size = 0x200
                0x00000400                        _Min_Stack_Size = 0x400

.isr_vector     0x08000000      0x298
                0x08000000                        . = ALIGN (0x4)
 *(.isr_vector)
 .isr_vector    0x08000000      0x298 ./Core/Startup/startup_stm32h750vbtx.o
                0x08000000                g_pfnVectors
                0x08000298                        . = ALIGN (0x4)

.text           0x080002a0    0x1c870
                0x080002a0                        . = ALIGN (0x4)
 *(.text)
 .text          0x080002a0       0x40 C:/ST/STM32CubeIDE_2.0.0/STM32CubeIDE/plugins/com.st.stm32cube.ide.mcu.externaltools.gnu-tools-for-stm32.13.3.rel1.win32_1.0.100.202509120712/tools/bin/../lib/gcc/arm-none-eabi/13.3.1/thumb/v7e-m+dp/hard/crtbegin.o
 .text          0x080002e0       0x14 C:/ST/STM32CubeIDE_2.0.0/STM32CubeIDE/plugins/com.st.stm32cube.ide.mcu.externaltools.gnu-tools-for-stm32.13.3.rel1.win32_1.0.100.202509120712/tools/bin/../lib/gcc/arm-none-eabi/13.3.1/../../../../arm-none-eabi/lib/thumb/v7e-m+dp/hard\libc_nano.a(libc_a-strcmp.o)
                0x080002e0                strcmp
 *fill*         0x080002f4        0xc 
 .text          0x08000300       0xa0 C:/ST/STM32CubeIDE_2.0.0/STM32CubeIDE/plugins/com.st.stm32cube.ide.mcu.externaltools.gnu-tools-for-stm32.13.3.rel1.win32_1.0.100.202509120712/tools/bin/../lib/gcc/arm-none-eabi/13.3.1/../../../../arm-none-eabi/lib/thumb/v7e-m+dp/hard\libc_nano.a(libc_a-memchr.o)
                0x08000300                memchr
 .text          0x080003a0       0x10 C:/ST/STM32CubeIDE_2.0.0/STM32CubeIDE/plugins/com.st.stm32cube.ide.mcu.externaltools.gnu-tools-for-stm32.13.3.rel1.win32_1.0.100.202509120712/tools/bin/../lib/gcc/arm-none-eabi/13.3.1/../../../../arm-none-eabi/lib/thumb/v7e-m+dp/hard\libc_nano.a(libc_a-strlen.o)
                0x080003a0                strlen
 .text          0x080003b0      0x378 C:/ST/STM32CubeIDE_2.0.0/STM32CubeIDE/plugins/com.st.stm32cube.ide.mcu.externaltools.gnu-tools-for-stm32.13.3.rel1.win32_1.0.100.202509120712/tools/bin/../lib/gcc/arm-none-eabi/13.3.1/thumb/v7e-m+dp/hard\libgcc.a(_arm_addsubdf3.o)
                0x080003b0                __aeabi_drsub
                0x080003b8                __aeabi_dsub
                0x080003b8                __subdf3
                0x080003bc                __aeabi_dadd
                0x080003bc                __adddf3
                0x08000634                __floatunsidf
                0x08000634                __aeabi_ui2d
                0x08000654                __floatsidf
                0x08000654                __aeabi_i2d
                0x08000678                __aeabi_f2d
                0x08000678                __extendsfdf2
                0x080006bc                __floatundidf
                0x080006bc                __aeabi_ul2d
                0x080006cc                __floatdidf
                0x080006cc                __aeabi_l2d
 .text          0x08000728       0x30 C:/ST/STM32CubeIDE_2.0.0/STM32CubeIDE/plugins/com.st.stm32cube.ide.mcu.externaltools.gnu-tools-for-stm32.13.3.rel1.win32_1.0.100.202509120712/tools/bin/../lib/gcc/arm-none-eabi/13.3.1/thumb/v7e-m+dp/hard\libgcc.a(_aeabi_uldivmod.o)
                0x08000728                __aeabi_uldivmod
 .text          0x08000758       0x30 C:/ST/STM32CubeIDE_2.0.0/STM32CubeIDE/plugins/com.st.stm32cube.ide.mcu.externaltools.gnu-tools-for-stm32.13.3.rel1.win32_1.0.100.202509120712/tools/bin/../lib/gcc/arm-none-eabi/13.3.1/thumb/v7e-m+dp/hard\libgcc.a(_fixdfdi.o)
                0x08000758                __fixdfdi
                0x08000758                __aeabi_d2lz
 .text          0x08000788       0x40 C:/ST/STM32CubeIDE_2.0.0/STM32CubeIDE/plugins/com.st.stm32cube.ide.mcu.externaltools.gnu-tools-for-stm32.13.3.rel1.win32_1.0.100.202509120712/tools/bin/../lib/gcc/arm-none-eabi/13.3.1/thumb/v7e-m+dp/hard\libgcc.a(_fixunsdfdi.o)
                0x08000788                __fixunsdfdi
                0x08000788                __aeabi_d2ulz
 .text          0x080007c8      0x2f8 C:/ST/STM32CubeIDE_2.0.0/STM32CubeIDE/plugins/com.st.stm32cube.ide.mcu.externaltools.gnu-tools-for-stm32.13.3.rel1.win32_1.0.100.202509120712/tools/bin/../lib/gcc/arm-none-eabi/13.3.1/thumb/v7e-m+dp/hard\libgcc.a(_udivmoddi4.o)
                0x080007c8                __udivmoddi4
 .text          0x08000ac0        0x4 C:/ST/STM32CubeIDE_2.0.0/STM32CubeIDE/plugins/com.st.stm32cube.ide.mcu.externaltools.gnu-tools-for-stm32.13.3.rel1.win32_1.0.100.202509120712/tools/bin/../lib/gcc/arm-none-eabi/13.3.1/thumb/v7e-m+dp/hard\libgcc.a(_dvmd_tls.o)
                0x08000ac0                __aeabi_idiv0
                0x08000ac0                __aeabi_ldiv0
 *(.text*)
 .text.Load_Coil_Calibration
                0x08000ac4       0x8c ./Core/Src/coil_calib.o
                0x08000ac4                Load_Coil_Calibration
 .text.Get_Coil_Field
                0x08000b50      0x2c4 ./Core/Src/coil_calib.o
                0x08000b50                Get_Coil_Field
 .text.Coils_Init
                0x08000e14      0x454 ./Core/Src/coil_driver.o
                0x08000e14                Coils_Init
 .text.Set_Coil_Power
                0x08001268      0x1b8 ./Core/Src/coil_driver.o
                0x08001268                Set_Coil_Power
 .text.Set_All_Coils_Power
                0x08001420       0x34 ./Core/Src/coil_driver.o
                0x08001420                Set_All_Coils_Power
 .text.Stop_All_Coils
                0x08001454       0x14 ./Core/Src/coil_driver.o
                0x08001454                Stop_All_Coils
 .text.Get_Coil_Power
                0x08001468       0x40 ./Core/Src/coil_driver.o
                0x08001468                Get_Coil_Power
 .text.Start_Coil_Test
                0x080014a8       0x60 ./Core/Src/coil_driver.o
                0x080014a8                Start_Coil_Test
 .text.Stop_Coil_Test
                0x08001508       0x24 ./Core/Src/coil_driver.o
                0x08001508                Stop_Coil_Test
 .text.Process_Coil_Test
                0x0800152c       0xc8 ./Core/Src/coil_driver.o
                0x0800152c                Process_Coil_Test
 .text.Debug_Init
                0x080015f4       0x20 ./Core/Src/debug_console.o
                0x080015f4                Debug_Init
 .text.Debug_Print
                0x08001614       0xb0 ./Core/Src/debug_console.o
                0x08001614                Debug_Print
 .text.MX_DMA_Init
                0x080016c4       0x50 ./Core/Src/dma.o
                0x080016c4                MX_DMA_Init
 .text.MX_GPIO_Init
                0x08001714      0x150 ./Core/Src/gpio.o
                0x08001714                MX_GPIO_Init
 .text.DipoleField
                0x08001864      0x1d8 ./Core/Src/levitation_control.o
 .text.Compute_ForceTorque
                0x08001a3c      0x434 ./Core/Src/levitation_control.o
 .text.Build_Matrix_A
                0x08001e70      0x110 ./Core/Src/levitation_control.o
 .text.InvertMatrix_6x6
                0x08001f80      0x438 ./Core/Src/levitation_control.o
 .text.Solve_Currents
                0x080023b8      0x484 ./Core/Src/levitation_control.o
 .text.ComputeResidual
                0x0800283c      0x170 ./Core/Src/levitation_control.o
 .text.ComputeJacobian
                0x080029ac       0xfc ./Core/Src/levitation_control.o
 .text.GaussNewtonIteration
                0x08002aa8      0xa40 ./Core/Src/levitation_control.o
 .text.Initialize_Coil_Geometry
                0x080034e8      0x2a8 ./Core/Src/levitation_control.o
                0x080034e8                Initialize_Coil_Geometry
 .text.Initialize_Sensor_Geometry
                0x08003790       0xdc ./Core/Src/levitation_control.o
                0x08003790                Initialize_Sensor_Geometry
 .text.Calculate_Ball_Position
                0x0800386c      0x2dc ./Core/Src/levitation_control.o
                0x0800386c                Calculate_Ball_Position
 .text.Update_PID_Controller
                0x08003b48      0x628 ./Core/Src/levitation_control.o
                0x08003b48                Update_PID_Controller
 .text.Calculate_Coil_Forces
                0x08004170      0x17c ./Core/Src/levitation_control.o
                0x08004170                Calculate_Coil_Forces
 .text.Apply_Levitation_Control
                0x080042ec      0x11c ./Core/Src/levitation_control.o
                0x080042ec                Apply_Levitation_Control
 .text.Start_Levitation
                0x08004408       0xf4 ./Core/Src/levitation_control.o
                0x08004408                Start_Levitation
 .text.Stop_Levitation
                0x080044fc       0x2c ./Core/Src/levitation_control.o
                0x080044fc                Stop_Levitation
 .text.Set_Levitation_Target
                0x08004528       0x60 ./Core/Src/levitation_control.o
                0x08004528                Set_Levitation_Target
 .text.EstimateBallPosition
                0x08004588      0x5dc ./Core/Src/levitation_control.o
                0x08004588                EstimateBallPosition
 .text.System_Init
                0x08004b64       0x94 ./Core/Src/main.o
                0x08004b64                System_Init
 .text.Process_IMU_Byte
                0x08004bf8       0xb0 ./Core/Src/main.o
                0x08004bf8                Process_IMU_Byte
 .text.Update_System_Status
                0x08004ca8       0x10 ./Core/Src/main.o
                0x08004ca8                Update_System_Status
 .text.Calculate_CPU_Usage
                0x08004cb8       0x4c ./Core/Src/main.o
                0x08004cb8                Calculate_CPU_Usage
 .text.Update_Uptime
                0x08004d04       0x18 ./Core/Src/main.o
                0x08004d04                Update_Uptime
 .text.Show_Help_Menu
                0x08004d1c       0xec ./Core/Src/main.o
                0x08004d1c                Show_Help_Menu
 .text.Show_Prompt
                0x08004e08       0x1c ./Core/Src/main.o
                0x08004e08                Show_Prompt
 .text.Show_System_Status
                0x08004e24       0xf4 ./Core/Src/main.o
                0x08004e24                Show_System_Status
 .text.Stream_Sensor_Data
                0x08004f18      0x238 ./Core/Src/main.o
                0x08004f18                Stream_Sensor_Data
 .text.Process_Coil_Calib_Data
                0x08005150      0x138 ./Core/Src/main.o
                0x08005150                Process_Coil_Calib_Data
 .text.main     0x08005288      0x3dc ./Core/Src/main.o
                0x08005288                main
 .text.SystemClock_Config
                0x08005664       0xf4 ./Core/Src/main.o
                0x08005664                SystemClock_Config
 .text.HAL_UART_RxCpltCallback
                0x08005758      0x124 ./Core/Src/main.o
                0x08005758                HAL_UART_RxCpltCallback
 .text.Error_Handler
                0x0800587c       0x1c ./Core/Src/main.o
                0x0800587c                Error_Handler
 .text.Process_Console_Commands
                0x08005898      0xac0 ./Core/Src/main.o
                0x08005898                Process_Console_Commands
 .text.MPU_Config
                0x08006358       0x58 ./Core/Src/main.o
 .text.QSPI_WriteEnable
                0x080063b0       0x54 ./Core/Src/qspi_flash.o
 .text.QSPI_ReadStatus
                0x08006404       0x84 ./Core/Src/qspi_flash.o
 .text.QSPI_WaitForWriteEnd
                0x08006488       0x22 ./Core/Src/qspi_flash.o
 .text.QSPI_Flash_Init
                0x080064aa       0x16 ./Core/Src/qspi_flash.o
                0x080064aa                QSPI_Flash_Init
 .text.QSPI_Flash_ReadJEDECID
                0x080064c0       0x9c ./Core/Src/qspi_flash.o
                0x080064c0                QSPI_Flash_ReadJEDECID
 .text.QSPI_Flash_EraseSector
                0x0800655c       0x78 ./Core/Src/qspi_flash.o
                0x0800655c                QSPI_Flash_EraseSector
 .text.QSPI_Flash_WritePage
                0x080065d4       0xfc ./Core/Src/qspi_flash.o
                0x080065d4                QSPI_Flash_WritePage
 .text.QSPI_Flash_WriteBuffer
                0x080066d0       0x70 ./Core/Src/qspi_flash.o
                0x080066d0                QSPI_Flash_WriteBuffer
 .text.QSPI_Flash_ReadBuffer
                0x08006740       0xa0 ./Core/Src/qspi_flash.o
                0x08006740                QSPI_Flash_ReadBuffer
 .text.MX_QUADSPI_Init
                0x080067e0       0x58 ./Core/Src/quadspi.o
                0x080067e0                MX_QUADSPI_Init
 .text.HAL_QSPI_MspInit
                0x08006838      0x194 ./Core/Src/quadspi.o
                0x08006838                HAL_QSPI_MspInit
 .text.mlx90393_reset
                0x080069cc       0x78 ./Core/Src/sensor_mlx90393.o
 .text.mlx90393_exit
                0x08006a44       0x78 ./Core/Src/sensor_mlx90393.o
 .text.mlx90393_start_sm_xyzT
                0x08006abc       0x86 ./Core/Src/sensor_mlx90393.o
 .text.mlx90393_read_rm_xyzT
                0x08006b42       0xf2 ./Core/Src/sensor_mlx90393.o
 .text.calculate_calibration_checksum
                0x08006c34       0x46 ./Core/Src/sensor_mlx90393.o
 *fill*         0x08006c7a        0x2 
 .text.ConfigureSensor
                0x08006c7c       0xe4 ./Core/Src/sensor_mlx90393.o
                0x08006c7c                ConfigureSensor
 .text.Sensors_Init
                0x08006d60      0x408 ./Core/Src/sensor_mlx90393.o
                0x08006d60                Sensors_Init
 .text.Read_Sensor_With_Gain
                0x08007168      0x1dc ./Core/Src/sensor_mlx90393.o
                0x08007168                Read_Sensor_With_Gain
 .text.Calibrate_Offset_Procedure
                0x08007344      0x25c ./Core/Src/sensor_mlx90393.o
                0x08007344                Calibrate_Offset_Procedure
 .text.Read_Sensor_Calibrated
                0x080075a0      0x100 ./Core/Src/sensor_mlx90393.o
                0x080075a0                Read_Sensor_Calibrated
 .text.Test_Sensor_Connection
                0x080076a0       0x38 ./Core/Src/sensor_mlx90393.o
                0x080076a0                Test_Sensor_Connection
 .text.Get_Sensor_Stats_String
                0x080076d8       0x60 ./Core/Src/sensor_mlx90393.o
                0x080076d8                Get_Sensor_Stats_String
 .text.Save_Calibration_To_Flash
                0x08007738      0x100 ./Core/Src/sensor_mlx90393.o
                0x08007738                Save_Calibration_To_Flash
 .text.Load_Calibration_From_Flash
                0x08007838      0x144 ./Core/Src/sensor_mlx90393.o
                0x08007838                Load_Calibration_From_Flash
 .text.MX_SPI1_Init
                0x0800797c       0xac ./Core/Src/spi.o
                0x0800797c                MX_SPI1_Init
 .text.HAL_SPI_MspInit
                0x08007a28      0x244 ./Core/Src/spi.o
                0x08007a28                HAL_SPI_MspInit
 .text.HAL_MspInit
                0x08007c6c       0x34 ./Core/Src/stm32h7xx_hal_msp.o
                0x08007c6c                HAL_MspInit
 .text.NMI_Handler
                0x08007ca0        0x8 ./Core/Src/stm32h7xx_it.o
                0x08007ca0                NMI_Handler
 .text.HardFault_Handler
                0x08007ca8        0x8 ./Core/Src/stm32h7xx_it.o
                0x08007ca8                HardFault_Handler
 .text.MemManage_Handler
                0x08007cb0        0x8 ./Core/Src/stm32h7xx_it.o
                0x08007cb0                MemManage_Handler
 .text.BusFault_Handler
                0x08007cb8        0x8 ./Core/Src/stm32h7xx_it.o
                0x08007cb8                BusFault_Handler
 .text.UsageFault_Handler
                0x08007cc0        0x8 ./Core/Src/stm32h7xx_it.o
                0x08007cc0                UsageFault_Handler
 .text.SVC_Handler
                0x08007cc8        0xe ./Core/Src/stm32h7xx_it.o
                0x08007cc8                SVC_Handler
 .text.DebugMon_Handler
                0x08007cd6        0xe ./Core/Src/stm32h7xx_it.o
                0x08007cd6                DebugMon_Handler
 .text.PendSV_Handler
                0x08007ce4        0xe ./Core/Src/stm32h7xx_it.o
                0x08007ce4                PendSV_Handler
 .text.SysTick_Handler
                0x08007cf2        0xc ./Core/Src/stm32h7xx_it.o
                0x08007cf2                SysTick_Handler
 *fill*         0x08007cfe        0x2 
 .text.DMA1_Stream0_IRQHandler
                0x08007d00       0x14 ./Core/Src/stm32h7xx_it.o
                0x08007d00                DMA1_Stream0_IRQHandler
 .text.DMA1_Stream1_IRQHandler
                0x08007d14       0x14 ./Core/Src/stm32h7xx_it.o
                0x08007d14                DMA1_Stream1_IRQHandler
 .text.SPI1_IRQHandler
                0x08007d28       0x14 ./Core/Src/stm32h7xx_it.o
                0x08007d28                SPI1_IRQHandler
 .text.USART2_IRQHandler
                0x08007d3c       0x14 ./Core/Src/stm32h7xx_it.o
                0x08007d3c                USART2_IRQHandler
 .text.USART3_IRQHandler
                0x08007d50       0x38 ./Core/Src/stm32h7xx_it.o
                0x08007d50                USART3_IRQHandler
 .text.OTG_FS_IRQHandler
                0x08007d88       0x14 ./Core/Src/stm32h7xx_it.o
                0x08007d88                OTG_FS_IRQHandler
 .text._getpid  0x08007d9c       0x10 ./Core/Src/syscalls.o
                0x08007d9c                _getpid
 .text._kill    0x08007dac       0x20 ./Core/Src/syscalls.o
                0x08007dac                _kill
 .text._exit    0x08007dcc       0x16 ./Core/Src/syscalls.o
                0x08007dcc                _exit
 .text._read    0x08007de2       0x3a ./Core/Src/syscalls.o
                0x08007de2                _read
 .text._write   0x08007e1c       0x38 ./Core/Src/syscalls.o
                0x08007e1c                _write
 .text._close   0x08007e54       0x18 ./Core/Src/syscalls.o
                0x08007e54                _close
 .text._fstat   0x08007e6c       0x20 ./Core/Src/syscalls.o
                0x08007e6c                _fstat
 .text._isatty  0x08007e8c       0x16 ./Core/Src/syscalls.o
                0x08007e8c                _isatty
 .text._lseek   0x08007ea2       0x1a ./Core/Src/syscalls.o
                0x08007ea2                _lseek
 .text._sbrk    0x08007ebc       0x6c ./Core/Src/sysmem.o
                0x08007ebc                _sbrk
 .text.SystemInit
                0x08007f28      0x140 ./Core/Src/system_stm32h7xx.o
                0x08007f28                SystemInit
 .text.ExitRun0Mode
                0x08008068       0x30 ./Core/Src/system_stm32h7xx.o
                0x08008068                ExitRun0Mode
 .text.MX_TIM1_Init
                0x08008098      0x168 ./Core/Src/tim.o
                0x08008098                MX_TIM1_Init
 .text.MX_TIM2_Init
                0x08008200       0xf4 ./Core/Src/tim.o
                0x08008200                MX_TIM2_Init
 .text.MX_TIM3_Init
                0x080082f4       0xf8 ./Core/Src/tim.o
                0x080082f4                MX_TIM3_Init
 .text.HAL_TIM_PWM_MspInit
                0x080083ec       0x9c ./Core/Src/tim.o
                0x080083ec                HAL_TIM_PWM_MspInit
 .text.HAL_TIM_MspPostInit
                0x08008488      0x154 ./Core/Src/tim.o
                0x08008488                HAL_TIM_MspPostInit
 .text.MX_USART2_UART_Init
                0x080085dc       0x98 ./Core/Src/usart.o
                0x080085dc                MX_USART2_UART_Init
 .text.MX_USART3_UART_Init
                0x08008674       0x98 ./Core/Src/usart.o
                0x08008674                MX_USART3_UART_Init
 .text.HAL_UART_MspInit
                0x0800870c      0x194 ./Core/Src/usart.o
                0x0800870c                HAL_UART_MspInit
 .text.Reset_Handler
                0x080088a0       0x54 ./Core/Startup/startup_stm32h750vbtx.o
                0x080088a0                Reset_Handler
 .text.Default_Handler
                0x080088f4        0x2 ./Core/Startup/startup_stm32h750vbtx.o
                0x080088f4                RTC_Alarm_IRQHandler
                0x080088f4                HASH_RNG_IRQHandler
                0x080088f4                EXTI2_IRQHandler
                0x080088f4                TIM8_CC_IRQHandler
                0x080088f4                HRTIM1_Master_IRQHandler
                0x080088f4                UART8_IRQHandler
                0x080088f4                SPI4_IRQHandler
                0x080088f4                TIM1_CC_IRQHandler
                0x080088f4                BDMA_Channel6_IRQHandler
                0x080088f4                DMA2_Stream5_IRQHandler
                0x080088f4                HRTIM1_FLT_IRQHandler
                0x080088f4                JPEG_IRQHandler
                0x080088f4                DMA1_Stream5_IRQHandler
                0x080088f4                BDMA_Channel1_IRQHandler
                0x080088f4                HRTIM1_TIMD_IRQHandler
                0x080088f4                TAMP_STAMP_IRQHandler
                0x080088f4                EXTI3_IRQHandler
                0x080088f4                LPTIM4_IRQHandler
                0x080088f4                TIM8_TRG_COM_TIM14_IRQHandler
                0x080088f4                LPTIM2_IRQHandler
                0x080088f4                DFSDM1_FLT1_IRQHandler
                0x080088f4                DMAMUX2_OVR_IRQHandler
                0x080088f4                TIM8_UP_TIM13_IRQHandler
                0x080088f4                I2C3_ER_IRQHandler
                0x080088f4                DFSDM1_FLT2_IRQHandler
                0x080088f4                MDMA_IRQHandler
                0x080088f4                LPTIM3_IRQHandler
                0x080088f4                HSEM1_IRQHandler
                0x080088f4                EXTI0_IRQHandler
                0x080088f4                I2C2_EV_IRQHandler
                0x080088f4                DMA1_Stream2_IRQHandler
                0x080088f4                FPU_IRQHandler
                0x080088f4                OTG_HS_WKUP_IRQHandler
                0x080088f4                FDCAN1_IT1_IRQHandler
                0x080088f4                LTDC_ER_IRQHandler
                0x080088f4                DMA2_Stream2_IRQHandler
                0x080088f4                HRTIM1_TIME_IRQHandler
                0x080088f4                TIM6_DAC_IRQHandler
                0x080088f4                DCMI_IRQHandler
                0x080088f4                HRTIM1_TIMC_IRQHandler
                0x080088f4                DMA2_Stream3_IRQHandler
                0x080088f4                SAI2_IRQHandler
                0x080088f4                DFSDM1_FLT3_IRQHandler
                0x080088f4                USART6_IRQHandler
                0x080088f4                TIM17_IRQHandler
                0x080088f4                BDMA_Channel7_IRQHandler
                0x080088f4                CRYP_IRQHandler
                0x080088f4                LPTIM5_IRQHandler
                0x080088f4                UART5_IRQHandler
                0x080088f4                ADC3_IRQHandler
                0x080088f4                DMA2_Stream0_IRQHandler
                0x080088f4                TIM4_IRQHandler
                0x080088f4                BDMA_Channel2_IRQHandler
                0x080088f4                QUADSPI_IRQHandler
                0x080088f4                I2C1_EV_IRQHandler
                0x080088f4                DMA1_Stream6_IRQHandler
                0x080088f4                DMAMUX1_OVR_IRQHandler
                0x080088f4                TIM16_IRQHandler
                0x080088f4                UART4_IRQHandler
                0x080088f4                BDMA_Channel5_IRQHandler
                0x080088f4                TIM3_IRQHandler
                0x080088f4                RCC_IRQHandler
                0x080088f4                TIM8_BRK_TIM12_IRQHandler
                0x080088f4                TIM1_TRG_COM_IRQHandler
                0x080088f4                Default_Handler
                0x080088f4                ECC_IRQHandler
                0x080088f4                CEC_IRQHandler
                0x080088f4                EXTI15_10_IRQHandler
                0x080088f4                BDMA_Channel0_IRQHandler
                0x080088f4                ADC_IRQHandler
                0x080088f4                DMA1_Stream7_IRQHandler
                0x080088f4                HRTIM1_TIMA_IRQHandler
                0x080088f4                SPI5_IRQHandler
                0x080088f4                TIM7_IRQHandler
                0x080088f4                SDMMC1_IRQHandler
                0x080088f4                TIM5_IRQHandler
                0x080088f4                DMA2_Stream7_IRQHandler
                0x080088f4                TIM15_IRQHandler
                0x080088f4                PVD_AVD_IRQHandler
                0x080088f4                I2C3_EV_IRQHandler
                0x080088f4                EXTI9_5_IRQHandler
                0x080088f4                RTC_WKUP_IRQHandler
                0x080088f4                LTDC_IRQHandler
                0x080088f4                SAI3_IRQHandler
                0x080088f4                ETH_WKUP_IRQHandler
                0x080088f4                SPDIF_RX_IRQHandler
                0x080088f4                SPI2_IRQHandler
                0x080088f4                OTG_HS_EP1_IN_IRQHandler
                0x080088f4                CRS_IRQHandler
                0x080088f4                EXTI4_IRQHandler
                0x080088f4                HRTIM1_TIMB_IRQHandler
                0x080088f4                FDCAN2_IT1_IRQHandler
                0x080088f4                ETH_IRQHandler
                0x080088f4                TIM1_UP_IRQHandler
                0x080088f4                BDMA_Channel4_IRQHandler
                0x080088f4                OTG_HS_EP1_OUT_IRQHandler
                0x080088f4                WWDG_IRQHandler
                0x080088f4                SPI6_IRQHandler
                0x080088f4                MDIOS_IRQHandler
                0x080088f4                I2C4_EV_IRQHandler
                0x080088f4                FDCAN2_IT0_IRQHandler
                0x080088f4                LPUART1_IRQHandler
                0x080088f4                FDCAN1_IT0_IRQHandler
                0x080088f4                TIM2_IRQHandler
                0x080088f4                OTG_FS_WKUP_IRQHandler
                0x080088f4                OTG_HS_IRQHandler
                0x080088f4                DMA2D_IRQHandler
                0x080088f4                TIM1_BRK_IRQHandler
                0x080088f4                EXTI1_IRQHandler
                0x080088f4                SDMMC2_IRQHandler
                0x080088f4                OTG_FS_EP1_OUT_IRQHandler
                0x080088f4                BDMA_Channel3_IRQHandler
                0x080088f4                UART7_IRQHandler
                0x080088f4                MDIOS_WKUP_IRQHandler
                0x080088f4                DFSDM1_FLT0_IRQHandler
                0x080088f4                SAI4_IRQHandler
                0x080088f4                I2C2_ER_IRQHandler
                0x080088f4                DMA2_Stream1_IRQHandler
                0x080088f4                FLASH_IRQHandler
                0x080088f4                DMA2_Stream4_IRQHandler
                0x080088f4                USART1_IRQHandler
                0x080088f4                SPI3_IRQHandler
                0x080088f4                WAKEUP_PIN_IRQHandler
                0x080088f4                DMA1_Stream4_IRQHandler
                0x080088f4                OTG_FS_EP1_IN_IRQHandler
                0x080088f4                I2C1_ER_IRQHandler
                0x080088f4                FMC_IRQHandler
                0x080088f4                FDCAN_CAL_IRQHandler
                0x080088f4                SWPMI1_IRQHandler
                0x080088f4                COMP1_IRQHandler
                0x080088f4                LPTIM1_IRQHandler
                0x080088f4                I2C4_ER_IRQHandler
                0x080088f4                DMA2_Stream6_IRQHandler
                0x080088f4                SAI1_IRQHandler
                0x080088f4                DMA1_Stream3_IRQHandler
 *fill*         0x080088f6        0x2 
 .text.HAL_Init
                0x080088f8       0x78 ./Drivers/STM32H7xx_HAL_Driver/Src/stm32h7xx_hal.o
                0x080088f8                HAL_Init
 .text.HAL_InitTick
                0x08008970       0x6c ./Drivers/STM32H7xx_HAL_Driver/Src/stm32h7xx_hal.o
                0x08008970                HAL_InitTick
 .text.HAL_IncTick
                0x080089dc       0x28 ./Drivers/STM32H7xx_HAL_Driver/Src/stm32h7xx_hal.o
                0x080089dc                HAL_IncTick
 .text.HAL_GetTick
                0x08008a04       0x18 ./Drivers/STM32H7xx_HAL_Driver/Src/stm32h7xx_hal.o
                0x08008a04                HAL_GetTick
 .text.HAL_Delay
                0x08008a1c       0x48 ./Drivers/STM32H7xx_HAL_Driver/Src/stm32h7xx_hal.o
                0x08008a1c                HAL_Delay
 .text.HAL_GetREVID
                0x08008a64       0x18 ./Drivers/STM32H7xx_HAL_Driver/Src/stm32h7xx_hal.o
                0x08008a64                HAL_GetREVID
 .text.HAL_SYSCFG_AnalogSwitchConfig
                0x08008a7c       0x2c ./Drivers/STM32H7xx_HAL_Driver/Src/stm32h7xx_hal.o
                0x08008a7c                HAL_SYSCFG_AnalogSwitchConfig
 .text.__NVIC_SetPriorityGrouping
                0x08008aa8       0x48 ./Drivers/STM32H7xx_HAL_Driver/Src/stm32h7xx_hal_cortex.o
 .text.__NVIC_GetPriorityGrouping
                0x08008af0       0x1c ./Drivers/STM32H7xx_HAL_Driver/Src/stm32h7xx_hal_cortex.o
 .text.__NVIC_EnableIRQ
                0x08008b0c       0x3c ./Drivers/STM32H7xx_HAL_Driver/Src/stm32h7xx_hal_cortex.o
 .text.__NVIC_SetPriority
                0x08008b48       0x54 ./Drivers/STM32H7xx_HAL_Driver/Src/stm32h7xx_hal_cortex.o
 .text.NVIC_EncodePriority
                0x08008b9c       0x66 ./Drivers/STM32H7xx_HAL_Driver/Src/stm32h7xx_hal_cortex.o
 *fill*         0x08008c02        0x2 
 .text.SysTick_Config
                0x08008c04       0x44 ./Drivers/STM32H7xx_HAL_Driver/Src/stm32h7xx_hal_cortex.o
 .text.HAL_NVIC_SetPriorityGrouping
                0x08008c48       0x16 ./Drivers/STM32H7xx_HAL_Driver/Src/stm32h7xx_hal_cortex.o
                0x08008c48                HAL_NVIC_SetPriorityGrouping
 .text.HAL_NVIC_SetPriority
                0x08008c5e       0x34 ./Drivers/STM32H7xx_HAL_Driver/Src/stm32h7xx_hal_cortex.o
                0x08008c5e                HAL_NVIC_SetPriority
 .text.HAL_NVIC_EnableIRQ
                0x08008c92       0x1c ./Drivers/STM32H7xx_HAL_Driver/Src/stm32h7xx_hal_cortex.o
                0x08008c92                HAL_NVIC_EnableIRQ
 .text.HAL_SYSTICK_Config
                0x08008cae       0x18 ./Drivers/STM32H7xx_HAL_Driver/Src/stm32h7xx_hal_cortex.o
                0x08008cae                HAL_SYSTICK_Config
 *fill*         0x08008cc6        0x2 
 .text.HAL_MPU_Disable
                0x08008cc8       0x30 ./Drivers/STM32H7xx_HAL_Driver/Src/stm32h7xx_hal_cortex.o
                0x08008cc8                HAL_MPU_Disable
 .text.HAL_MPU_Enable
                0x08008cf8       0x40 ./Drivers/STM32H7xx_HAL_Driver/Src/stm32h7xx_hal_cortex.o
                0x08008cf8                HAL_MPU_Enable
 .text.HAL_MPU_ConfigRegion
                0x08008d38       0x80 ./Drivers/STM32H7xx_HAL_Driver/Src/stm32h7xx_hal_cortex.o
                0x08008d38                HAL_MPU_ConfigRegion
 .text.HAL_DMA_Init
                0x08008db8      0x6b8 ./Drivers/STM32H7xx_HAL_Driver/Src/stm32h7xx_hal_dma.o
                0x08008db8                HAL_DMA_Init
 .text.HAL_DMA_Abort
                0x08009470      0x63c ./Drivers/STM32H7xx_HAL_Driver/Src/stm32h7xx_hal_dma.o
                0x08009470                HAL_DMA_Abort
 .text.HAL_DMA_Abort_IT
                0x08009aac      0x48c ./Drivers/STM32H7xx_HAL_Driver/Src/stm32h7xx_hal_dma.o
                0x08009aac                HAL_DMA_Abort_IT
 .text.HAL_DMA_IRQHandler
                0x08009f38      0xe54 ./Drivers/STM32H7xx_HAL_Driver/Src/stm32h7xx_hal_dma.o
                0x08009f38                HAL_DMA_IRQHandler
 .text.DMA_CalcBaseAndBitshift
                0x0800ad8c      0x164 ./Drivers/STM32H7xx_HAL_Driver/Src/stm32h7xx_hal_dma.o
 .text.DMA_CheckFifoParam
                0x0800aef0       0xf8 ./Drivers/STM32H7xx_HAL_Driver/Src/stm32h7xx_hal_dma.o
 .text.DMA_CalcDMAMUXChannelBaseAndMask
                0x0800afe8      0x134 ./Drivers/STM32H7xx_HAL_Driver/Src/stm32h7xx_hal_dma.o
 .text.DMA_CalcDMAMUXRequestGenBaseAndMask
                0x0800b11c       0xe8 ./Drivers/STM32H7xx_HAL_Driver/Src/stm32h7xx_hal_dma.o
 .text.HAL_GPIO_Init
                0x0800b204      0x360 ./Drivers/STM32H7xx_HAL_Driver/Src/stm32h7xx_hal_gpio.o
                0x0800b204                HAL_GPIO_Init
 .text.HAL_GPIO_WritePin
                0x0800b564       0x32 ./Drivers/STM32H7xx_HAL_Driver/Src/stm32h7xx_hal_gpio.o
                0x0800b564                HAL_GPIO_WritePin
 .text.HAL_PCD_Init
                0x0800b596      0x218 ./Drivers/STM32H7xx_HAL_Driver/Src/stm32h7xx_hal_pcd.o
                0x0800b596                HAL_PCD_Init
 .text.HAL_PCD_Start
                0x0800b7ae       0x6a ./Drivers/STM32H7xx_HAL_Driver/Src/stm32h7xx_hal_pcd.o
                0x0800b7ae                HAL_PCD_Start
 .text.HAL_PCD_IRQHandler
                0x0800b818      0x99c ./Drivers/STM32H7xx_HAL_Driver/Src/stm32h7xx_hal_pcd.o
                0x0800b818                HAL_PCD_IRQHandler
 .text.HAL_PCD_SetAddress
                0x0800c1b4       0x48 ./Drivers/STM32H7xx_HAL_Driver/Src/stm32h7xx_hal_pcd.o
                0x0800c1b4                HAL_PCD_SetAddress
 .text.HAL_PCD_EP_Open
                0x0800c1fc       0xd4 ./Drivers/STM32H7xx_HAL_Driver/Src/stm32h7xx_hal_pcd.o
                0x0800c1fc                HAL_PCD_EP_Open
 .text.HAL_PCD_EP_Close
                0x0800c2d0       0x94 ./Drivers/STM32H7xx_HAL_Driver/Src/stm32h7xx_hal_pcd.o
                0x0800c2d0                HAL_PCD_EP_Close
 .text.HAL_PCD_EP_Receive
                0x0800c364       0x76 ./Drivers/STM32H7xx_HAL_Driver/Src/stm32h7xx_hal_pcd.o
                0x0800c364                HAL_PCD_EP_Receive
 .text.HAL_PCD_EP_Transmit
                0x0800c3da       0x74 ./Drivers/STM32H7xx_HAL_Driver/Src/stm32h7xx_hal_pcd.o
                0x0800c3da                HAL_PCD_EP_Transmit
 .text.HAL_PCD_EP_SetStall
                0x0800c44e       0xc6 ./Drivers/STM32H7xx_HAL_Driver/Src/stm32h7xx_hal_pcd.o
                0x0800c44e                HAL_PCD_EP_SetStall
 .text.HAL_PCD_EP_ClrStall
                0x0800c514       0xac ./Drivers/STM32H7xx_HAL_Driver/Src/stm32h7xx_hal_pcd.o
                0x0800c514                HAL_PCD_EP_ClrStall
 .text.HAL_PCD_EP_Abort
                0x0800c5c0       0x62 ./Drivers/STM32H7xx_HAL_Driver/Src/stm32h7xx_hal_pcd.o
                0x0800c5c0                HAL_PCD_EP_Abort
 .text.PCD_WriteEmptyTxFifo
                0x0800c622      0x118 ./Drivers/STM32H7xx_HAL_Driver/Src/stm32h7xx_hal_pcd.o
 *fill*         0x0800c73a        0x2 
 .text.PCD_EP_OutXfrComplete_int
                0x0800c73c      0x1d0 ./Drivers/STM32H7xx_HAL_Driver/Src/stm32h7xx_hal_pcd.o
 .text.PCD_EP_OutSetupPacket_int
                0x0800c90c       0x8c ./Drivers/STM32H7xx_HAL_Driver/Src/stm32h7xx_hal_pcd.o
 .text.HAL_PCDEx_SetTxFiFo
                0x0800c998       0x8e ./Drivers/STM32H7xx_HAL_Driver/Src/stm32h7xx_hal_pcd_ex.o
                0x0800c998                HAL_PCDEx_SetTxFiFo
 .text.HAL_PCDEx_SetRxFiFo
                0x0800ca26       0x22 ./Drivers/STM32H7xx_HAL_Driver/Src/stm32h7xx_hal_pcd_ex.o
                0x0800ca26                HAL_PCDEx_SetRxFiFo
 .text.HAL_PCDEx_ActivateLPM
                0x0800ca48       0x48 ./Drivers/STM32H7xx_HAL_Driver/Src/stm32h7xx_hal_pcd_ex.o
                0x0800ca48                HAL_PCDEx_ActivateLPM
 .text.HAL_PCDEx_LPM_Callback
                0x0800ca90       0x18 ./Drivers/STM32H7xx_HAL_Driver/Src/stm32h7xx_hal_pcd_ex.o
                0x0800ca90                HAL_PCDEx_LPM_Callback
 .text.HAL_PWREx_ConfigSupply
                0x0800caa8       0x74 ./Drivers/STM32H7xx_HAL_Driver/Src/stm32h7xx_hal_pwr_ex.o
                0x0800caa8                HAL_PWREx_ConfigSupply
 .text.HAL_PWREx_EnableUSBVoltageDetector
                0x0800cb1c       0x20 ./Drivers/STM32H7xx_HAL_Driver/Src/stm32h7xx_hal_pwr_ex.o
                0x0800cb1c                HAL_PWREx_EnableUSBVoltageDetector
 .text.HAL_QSPI_Init
                0x0800cb3c       0xe8 ./Drivers/STM32H7xx_HAL_Driver/Src/stm32h7xx_hal_qspi.o
                0x0800cb3c                HAL_QSPI_Init
 .text.HAL_QSPI_Command
                0x0800cc24       0xbc ./Drivers/STM32H7xx_HAL_Driver/Src/stm32h7xx_hal_qspi.o
                0x0800cc24                HAL_QSPI_Command
 .text.HAL_QSPI_Transmit
                0x0800cce0      0x124 ./Drivers/STM32H7xx_HAL_Driver/Src/stm32h7xx_hal_qspi.o
                0x0800cce0                HAL_QSPI_Transmit
 .text.HAL_QSPI_Receive
                0x0800ce04      0x13a ./Drivers/STM32H7xx_HAL_Driver/Src/stm32h7xx_hal_qspi.o
                0x0800ce04                HAL_QSPI_Receive
 .text.HAL_QSPI_AutoPolling
                0x0800cf3e       0xee ./Drivers/STM32H7xx_HAL_Driver/Src/stm32h7xx_hal_qspi.o
                0x0800cf3e                HAL_QSPI_AutoPolling
 .text.HAL_QSPI_SetTimeout
                0x0800d02c       0x1c ./Drivers/STM32H7xx_HAL_Driver/Src/stm32h7xx_hal_qspi.o
                0x0800d02c                HAL_QSPI_SetTimeout
 .text.QSPI_WaitFlagStateUntilTimeout
                0x0800d048       0x6e ./Drivers/STM32H7xx_HAL_Driver/Src/stm32h7xx_hal_qspi.o
 .text.QSPI_Config
                0x0800d0b6      0x32e ./Drivers/STM32H7xx_HAL_Driver/Src/stm32h7xx_hal_qspi.o
 .text.HAL_RCC_OscConfig
                0x0800d3e4      0x8b4 ./Drivers/STM32H7xx_HAL_Driver/Src/stm32h7xx_hal_rcc.o
                0x0800d3e4                HAL_RCC_OscConfig
 .text.HAL_RCC_ClockConfig
                0x0800dc98      0x36c ./Drivers/STM32H7xx_HAL_Driver/Src/stm32h7xx_hal_rcc.o
                0x0800dc98                HAL_RCC_ClockConfig
 .text.HAL_RCC_GetSysClockFreq
                0x0800e004      0x2f4 ./Drivers/STM32H7xx_HAL_Driver/Src/stm32h7xx_hal_rcc.o
                0x0800e004                HAL_RCC_GetSysClockFreq
 .text.HAL_RCC_GetHCLKFreq
                0x0800e2f8       0x60 ./Drivers/STM32H7xx_HAL_Driver/Src/stm32h7xx_hal_rcc.o
                0x0800e2f8                HAL_RCC_GetHCLKFreq
 .text.HAL_RCC_GetPCLK1Freq
                0x0800e358       0x2c ./Drivers/STM32H7xx_HAL_Driver/Src/stm32h7xx_hal_rcc.o
                0x0800e358                HAL_RCC_GetPCLK1Freq
 .text.HAL_RCC_GetPCLK2Freq
                0x0800e384       0x2c ./Drivers/STM32H7xx_HAL_Driver/Src/stm32h7xx_hal_rcc.o
                0x0800e384                HAL_RCC_GetPCLK2Freq
 .text.HAL_RCCEx_PeriphCLKConfig
                0x0800e3b0     0x1414 ./Drivers/STM32H7xx_HAL_Driver/Src/stm32h7xx_hal_rcc_ex.o
                0x0800e3b0                HAL_RCCEx_PeriphCLKConfig
 .text.HAL_RCCEx_GetD3PCLK1Freq
                0x0800f7c4       0x2c ./Drivers/STM32H7xx_HAL_Driver/Src/stm32h7xx_hal_rcc_ex.o
                0x0800f7c4                HAL_RCCEx_GetD3PCLK1Freq
 .text.HAL_RCCEx_GetPLL2ClockFreq
                0x0800f7f0      0x2a8 ./Drivers/STM32H7xx_HAL_Driver/Src/stm32h7xx_hal_rcc_ex.o
                0x0800f7f0                HAL_RCCEx_GetPLL2ClockFreq
 .text.HAL_RCCEx_GetPLL3ClockFreq
                0x0800fa98      0x2a8 ./Drivers/STM32H7xx_HAL_Driver/Src/stm32h7xx_hal_rcc_ex.o
                0x0800fa98                HAL_RCCEx_GetPLL3ClockFreq
 .text.RCCEx_PLL2_Config
                0x0800fd40      0x164 ./Drivers/STM32H7xx_HAL_Driver/Src/stm32h7xx_hal_rcc_ex.o
 .text.RCCEx_PLL3_Config
                0x0800fea4      0x164 ./Drivers/STM32H7xx_HAL_Driver/Src/stm32h7xx_hal_rcc_ex.o
 .text.HAL_SPI_Init
                0x08010008      0x248 ./Drivers/STM32H7xx_HAL_Driver/Src/stm32h7xx_hal_spi.o
                0x08010008                HAL_SPI_Init
 .text.HAL_SPI_TransmitReceive
                0x08010250      0x674 ./Drivers/STM32H7xx_HAL_Driver/Src/stm32h7xx_hal_spi.o
                0x08010250                HAL_SPI_TransmitReceive
 .text.HAL_SPI_IRQHandler
                0x080108c4      0x39c ./Drivers/STM32H7xx_HAL_Driver/Src/stm32h7xx_hal_spi.o
                0x080108c4                HAL_SPI_IRQHandler
 .text.HAL_SPI_TxCpltCallback
                0x08010c60       0x14 ./Drivers/STM32H7xx_HAL_Driver/Src/stm32h7xx_hal_spi.o
                0x08010c60                HAL_SPI_TxCpltCallback
 .text.HAL_SPI_RxCpltCallback
                0x08010c74       0x14 ./Drivers/STM32H7xx_HAL_Driver/Src/stm32h7xx_hal_spi.o
                0x08010c74                HAL_SPI_RxCpltCallback
 .text.HAL_SPI_TxRxCpltCallback
                0x08010c88       0x14 ./Drivers/STM32H7xx_HAL_Driver/Src/stm32h7xx_hal_spi.o
                0x08010c88                HAL_SPI_TxRxCpltCallback
 .text.HAL_SPI_ErrorCallback
                0x08010c9c       0x14 ./Drivers/STM32H7xx_HAL_Driver/Src/stm32h7xx_hal_spi.o
                0x08010c9c                HAL_SPI_ErrorCallback
 .text.HAL_SPI_SuspendCallback
                0x08010cb0       0x14 ./Drivers/STM32H7xx_HAL_Driver/Src/stm32h7xx_hal_spi.o
                0x08010cb0                HAL_SPI_SuspendCallback
 .text.SPI_DMAAbortOnError
                0x08010cc4       0x34 ./Drivers/STM32H7xx_HAL_Driver/Src/stm32h7xx_hal_spi.o
 .text.SPI_CloseTransfer
                0x08010cf8      0x140 ./Drivers/STM32H7xx_HAL_Driver/Src/stm32h7xx_hal_spi.o
 .text.SPI_WaitOnFlagUntilTimeout
                0x08010e38       0x5c ./Drivers/STM32H7xx_HAL_Driver/Src/stm32h7xx_hal_spi.o
 .text.SPI_GetPacketSize
                0x08010e94       0x36 ./Drivers/STM32H7xx_HAL_Driver/Src/stm32h7xx_hal_spi.o
 .text.HAL_TIM_PWM_Init
                0x08010eca       0xae ./Drivers/STM32H7xx_HAL_Driver/Src/stm32h7xx_hal_tim.o
                0x08010eca                HAL_TIM_PWM_Init
 .text.HAL_TIM_PWM_Start
                0x08010f78      0x21c ./Drivers/STM32H7xx_HAL_Driver/Src/stm32h7xx_hal_tim.o
                0x08010f78                HAL_TIM_PWM_Start
 .text.HAL_TIM_PWM_ConfigChannel
                0x08011194      0x228 ./Drivers/STM32H7xx_HAL_Driver/Src/stm32h7xx_hal_tim.o
                0x08011194                HAL_TIM_PWM_ConfigChannel
 .text.TIM_Base_SetConfig
                0x080113bc      0x140 ./Drivers/STM32H7xx_HAL_Driver/Src/stm32h7xx_hal_tim.o
                0x080113bc                TIM_Base_SetConfig
 .text.TIM_OC1_SetConfig
                0x080114fc      0x120 ./Drivers/STM32H7xx_HAL_Driver/Src/stm32h7xx_hal_tim.o
 .text.TIM_OC2_SetConfig
                0x0801161c      0x114 ./Drivers/STM32H7xx_HAL_Driver/Src/stm32h7xx_hal_tim.o
                0x0801161c                TIM_OC2_SetConfig
 .text.TIM_OC3_SetConfig
                0x08011730      0x110 ./Drivers/STM32H7xx_HAL_Driver/Src/stm32h7xx_hal_tim.o
 .text.TIM_OC4_SetConfig
                0x08011840       0xd4 ./Drivers/STM32H7xx_HAL_Driver/Src/stm32h7xx_hal_tim.o
 .text.TIM_OC5_SetConfig
                0x08011914       0xc8 ./Drivers/STM32H7xx_HAL_Driver/Src/stm32h7xx_hal_tim.o
 .text.TIM_OC6_SetConfig
                0x080119dc       0xcc ./Drivers/STM32H7xx_HAL_Driver/Src/stm32h7xx_hal_tim.o
 .text.TIM_CCxChannelCmd
                0x08011aa8       0x4a ./Drivers/STM32H7xx_HAL_Driver/Src/stm32h7xx_hal_tim.o
                0x08011aa8                TIM_CCxChannelCmd
 *fill*         0x08011af2        0x2 
 .text.HAL_TIMEx_MasterConfigSynchronization
                0x08011af4      0x11c ./Drivers/STM32H7xx_HAL_Driver/Src/stm32h7xx_hal_tim_ex.o
                0x08011af4                HAL_TIMEx_MasterConfigSynchronization
 .text.HAL_TIMEx_ConfigBreakDeadTime
                0x08011c10       0xfc ./Drivers/STM32H7xx_HAL_Driver/Src/stm32h7xx_hal_tim_ex.o
                0x08011c10                HAL_TIMEx_ConfigBreakDeadTime
 .text.HAL_UART_Init
                0x08011d0c       0xa0 ./Drivers/STM32H7xx_HAL_Driver/Src/stm32h7xx_hal_uart.o
                0x08011d0c                HAL_UART_Init
 .text.HAL_UART_Transmit
                0x08011dac      0x11c ./Drivers/STM32H7xx_HAL_Driver/Src/stm32h7xx_hal_uart.o
                0x08011dac                HAL_UART_Transmit
 .text.HAL_UART_Receive_IT
                0x08011ec8       0x98 ./Drivers/STM32H7xx_HAL_Driver/Src/stm32h7xx_hal_uart.o
                0x08011ec8                HAL_UART_Receive_IT
 .text.HAL_UART_IRQHandler
                0x08011f60      0x7ac ./Drivers/STM32H7xx_HAL_Driver/Src/stm32h7xx_hal_uart.o
                0x08011f60                HAL_UART_IRQHandler
 .text.HAL_UART_TxCpltCallback
                0x0801270c       0x14 ./Drivers/STM32H7xx_HAL_Driver/Src/stm32h7xx_hal_uart.o
                0x0801270c                HAL_UART_TxCpltCallback
 .text.HAL_UART_ErrorCallback
                0x08012720       0x14 ./Drivers/STM32H7xx_HAL_Driver/Src/stm32h7xx_hal_uart.o
                0x08012720                HAL_UART_ErrorCallback
 .text.HAL_UARTEx_RxEventCallback
                0x08012734       0x18 ./Drivers/STM32H7xx_HAL_Driver/Src/stm32h7xx_hal_uart.o
                0x08012734                HAL_UARTEx_RxEventCallback
 .text.UART_SetConfig
                0x0801274c      0xad0 ./Drivers/STM32H7xx_HAL_Driver/Src/stm32h7xx_hal_uart.o
                0x0801274c                UART_SetConfig
 .text.UART_AdvFeatureConfig
                0x0801321c      0x144 ./Drivers/STM32H7xx_HAL_Driver/Src/stm32h7xx_hal_uart.o
                0x0801321c                UART_AdvFeatureConfig
 .text.UART_CheckIdleState
                0x08013360      0x154 ./Drivers/STM32H7xx_HAL_Driver/Src/stm32h7xx_hal_uart.o
                0x08013360                UART_CheckIdleState
 .text.UART_WaitOnFlagUntilTimeout
                0x080134b4       0xda ./Drivers/STM32H7xx_HAL_Driver/Src/stm32h7xx_hal_uart.o
                0x080134b4                UART_WaitOnFlagUntilTimeout
 *fill*         0x0801358e        0x2 
 .text.UART_Start_Receive_IT
                0x08013590      0x244 ./Drivers/STM32H7xx_HAL_Driver/Src/stm32h7xx_hal_uart.o
                0x08013590                UART_Start_Receive_IT
 .text.UART_EndRxTransfer
                0x080137d4       0xcc ./Drivers/STM32H7xx_HAL_Driver/Src/stm32h7xx_hal_uart.o
 .text.UART_DMAAbortOnError
                0x080138a0       0x24 ./Drivers/STM32H7xx_HAL_Driver/Src/stm32h7xx_hal_uart.o
 .text.UART_EndTransmit_IT
                0x080138c4       0x56 ./Drivers/STM32H7xx_HAL_Driver/Src/stm32h7xx_hal_uart.o
 *fill*         0x0801391a        0x2 
 .text.UART_RxISR_8BIT
                0x0801391c      0x1b8 ./Drivers/STM32H7xx_HAL_Driver/Src/stm32h7xx_hal_uart.o
 .text.UART_RxISR_16BIT
                0x08013ad4      0x1b8 ./Drivers/STM32H7xx_HAL_Driver/Src/stm32h7xx_hal_uart.o
 .text.UART_RxISR_8BIT_FIFOEN
                0x08013c8c      0x364 ./Drivers/STM32H7xx_HAL_Driver/Src/stm32h7xx_hal_uart.o
 .text.UART_RxISR_16BIT_FIFOEN
                0x08013ff0      0x36c ./Drivers/STM32H7xx_HAL_Driver/Src/stm32h7xx_hal_uart.o
 .text.HAL_UARTEx_WakeupCallback
                0x0801435c       0x14 ./Drivers/STM32H7xx_HAL_Driver/Src/stm32h7xx_hal_uart_ex.o
                0x0801435c                HAL_UARTEx_WakeupCallback
 .text.HAL_UARTEx_RxFifoFullCallback
                0x08014370       0x14 ./Drivers/STM32H7xx_HAL_Driver/Src/stm32h7xx_hal_uart_ex.o
                0x08014370                HAL_UARTEx_RxFifoFullCallback
 .text.HAL_UARTEx_TxFifoEmptyCallback
                0x08014384       0x14 ./Drivers/STM32H7xx_HAL_Driver/Src/stm32h7xx_hal_uart_ex.o
                0x08014384                HAL_UARTEx_TxFifoEmptyCallback
 .text.HAL_UARTEx_DisableFifoMode
                0x08014398       0x72 ./Drivers/STM32H7xx_HAL_Driver/Src/stm32h7xx_hal_uart_ex.o
                0x08014398                HAL_UARTEx_DisableFifoMode
 .text.HAL_UARTEx_SetTxFifoThreshold
                0x0801440a       0x7c ./Drivers/STM32H7xx_HAL_Driver/Src/stm32h7xx_hal_uart_ex.o
                0x0801440a                HAL_UARTEx_SetTxFifoThreshold
 .text.HAL_UARTEx_SetRxFifoThreshold
                0x08014486       0x7c ./Drivers/STM32H7xx_HAL_Driver/Src/stm32h7xx_hal_uart_ex.o
                0x08014486                HAL_UARTEx_SetRxFifoThreshold
 *fill*         0x08014502        0x2 
 .text.UARTEx_SetNbDataToProcess
                0x08014504       0x9c ./Drivers/STM32H7xx_HAL_Driver/Src/stm32h7xx_hal_uart_ex.o
 .text.USB_CoreInit
                0x080145a0       0xe4 ./Drivers/STM32H7xx_HAL_Driver/Src/stm32h7xx_ll_usb.o
                0x080145a0                USB_CoreInit
 .text.USB_SetTurnaroundTime
                0x08014684      0x144 ./Drivers/STM32H7xx_HAL_Driver/Src/stm32h7xx_ll_usb.o
                0x08014684                USB_SetTurnaroundTime
 .text.USB_EnableGlobalInt
                0x080147c8       0x22 ./Drivers/STM32H7xx_HAL_Driver/Src/stm32h7xx_ll_usb.o
                0x080147c8                USB_EnableGlobalInt
 .text.USB_DisableGlobalInt
                0x080147ea       0x22 ./Drivers/STM32H7xx_HAL_Driver/Src/stm32h7xx_ll_usb.o
                0x080147ea                USB_DisableGlobalInt
 .text.USB_SetCurrentMode
                0x0801480c       0x98 ./Drivers/STM32H7xx_HAL_Driver/Src/stm32h7xx_ll_usb.o
                0x0801480c                USB_SetCurrentMode
 .text.USB_DevInit
                0x080148a4      0x2bc ./Drivers/STM32H7xx_HAL_Driver/Src/stm32h7xx_ll_usb.o
                0x080148a4                USB_DevInit
 .text.USB_FlushTxFifo
                0x08014b60       0x64 ./Drivers/STM32H7xx_HAL_Driver/Src/stm32h7xx_ll_usb.o
                0x08014b60                USB_FlushTxFifo
 .text.USB_FlushRxFifo
                0x08014bc4       0x5c ./Drivers/STM32H7xx_HAL_Driver/Src/stm32h7xx_ll_usb.o
                0x08014bc4                USB_FlushRxFifo
 .text.USB_SetDevSpeed
                0x08014c20       0x32 ./Drivers/STM32H7xx_HAL_Driver/Src/stm32h7xx_ll_usb.o
                0x08014c20                USB_SetDevSpeed
 .text.USB_GetDevSpeed
                0x08014c52       0x4a ./Drivers/STM32H7xx_HAL_Driver/Src/stm32h7xx_ll_usb.o
                0x08014c52                USB_GetDevSpeed
 .text.USB_ActivateEndpoint
                0x08014c9c      0x110 ./Drivers/STM32H7xx_HAL_Driver/Src/stm32h7xx_ll_usb.o
                0x08014c9c                USB_ActivateEndpoint
 .text.USB_DeactivateEndpoint
                0x08014dac      0x1b8 ./Drivers/STM32H7xx_HAL_Driver/Src/stm32h7xx_ll_usb.o
                0x08014dac                USB_DeactivateEndpoint
 .text.USB_EPStartXfer
                0x08014f64      0x548 ./Drivers/STM32H7xx_HAL_Driver/Src/stm32h7xx_ll_usb.o
                0x08014f64                USB_EPStartXfer
 .text.USB_EPStopXfer
                0x080154ac      0x154 ./Drivers/STM32H7xx_HAL_Driver/Src/stm32h7xx_ll_usb.o
                0x080154ac                USB_EPStopXfer
 .text.USB_WritePacket
                0x08015600       0x7c ./Drivers/STM32H7xx_HAL_Driver/Src/stm32h7xx_ll_usb.o
                0x08015600                USB_WritePacket
 .text.USB_ReadPacket
                0x0801567c       0xb0 ./Drivers/STM32H7xx_HAL_Driver/Src/stm32h7xx_ll_usb.o
                0x0801567c                USB_ReadPacket
 .text.USB_EPSetStall
                0x0801572c       0xdc ./Drivers/STM32H7xx_HAL_Driver/Src/stm32h7xx_ll_usb.o
                0x0801572c                USB_EPSetStall
 .text.USB_EPClearStall
                0x08015808       0xcc ./Drivers/STM32H7xx_HAL_Driver/Src/stm32h7xx_ll_usb.o
                0x08015808                USB_EPClearStall
 .text.USB_SetDevAddress
                0x080158d4       0x4c ./Drivers/STM32H7xx_HAL_Driver/Src/stm32h7xx_ll_usb.o
                0x080158d4                USB_SetDevAddress
 .text.USB_DevConnect
                0x08015920       0x42 ./Drivers/STM32H7xx_HAL_Driver/Src/stm32h7xx_ll_usb.o
                0x08015920                USB_DevConnect
 .text.USB_DevDisconnect
                0x08015962       0x42 ./Drivers/STM32H7xx_HAL_Driver/Src/stm32h7xx_ll_usb.o
                0x08015962                USB_DevDisconnect
 .text.USB_ReadInterrupts
                0x080159a4       0x26 ./Drivers/STM32H7xx_HAL_Driver/Src/stm32h7xx_ll_usb.o
                0x080159a4                USB_ReadInterrupts
 .text.USB_ReadDevAllOutEpInterrupt
                0x080159ca       0x34 ./Drivers/STM32H7xx_HAL_Driver/Src/stm32h7xx_ll_usb.o
                0x080159ca                USB_ReadDevAllOutEpInterrupt
 .text.USB_ReadDevAllInEpInterrupt
                0x080159fe       0x34 ./Drivers/STM32H7xx_HAL_Driver/Src/stm32h7xx_ll_usb.o
                0x080159fe                USB_ReadDevAllInEpInterrupt
 .text.USB_ReadDevOutEPInterrupt
                0x08015a32       0x3c ./Drivers/STM32H7xx_HAL_Driver/Src/stm32h7xx_ll_usb.o
                0x08015a32                USB_ReadDevOutEPInterrupt
 .text.USB_ReadDevInEPInterrupt
                0x08015a6e       0x5c ./Drivers/STM32H7xx_HAL_Driver/Src/stm32h7xx_ll_usb.o
                0x08015a6e                USB_ReadDevInEPInterrupt
 .text.USB_GetMode
                0x08015aca       0x1c ./Drivers/STM32H7xx_HAL_Driver/Src/stm32h7xx_ll_usb.o
                0x08015aca                USB_GetMode
 *fill*         0x08015ae6        0x2 
 .text.USB_ActivateSetup
                0x08015ae8       0x48 ./Drivers/STM32H7xx_HAL_Driver/Src/stm32h7xx_ll_usb.o
                0x08015ae8                USB_ActivateSetup
 .text.USB_EP0_OutStart
                0x08015b30       0xbc ./Drivers/STM32H7xx_HAL_Driver/Src/stm32h7xx_ll_usb.o
                0x08015b30                USB_EP0_OutStart
 .text.USB_CoreReset
                0x08015bec       0x62 ./Drivers/STM32H7xx_HAL_Driver/Src/stm32h7xx_ll_usb.o
 *fill*         0x08015c4e        0x2 
 .text.USBD_HID_Init
                0x08015c50       0xcc ./Middlewares/ST/STM32_USB_Device_Library/Class/HID/Src/usbd_hid.o
 .text.USBD_HID_DeInit
                0x08015d1c       0x90 ./Middlewares/ST/STM32_USB_Device_Library/Class/HID/Src/usbd_hid.o
 .text.USBD_HID_Setup
                0x08015dac      0x210 ./Middlewares/ST/STM32_USB_Device_Library/Class/HID/Src/usbd_hid.o
 .text.USBD_HID_GetFSCfgDesc
                0x08015fbc       0x34 ./Middlewares/ST/STM32_USB_Device_Library/Class/HID/Src/usbd_hid.o
 .text.USBD_HID_GetHSCfgDesc
                0x08015ff0       0x34 ./Middlewares/ST/STM32_USB_Device_Library/Class/HID/Src/usbd_hid.o
 .text.USBD_HID_GetOtherSpeedCfgDesc
                0x08016024       0x34 ./Middlewares/ST/STM32_USB_Device_Library/Class/HID/Src/usbd_hid.o
 .text.USBD_HID_DataIn
                0x08016058       0x2c ./Middlewares/ST/STM32_USB_Device_Library/Class/HID/Src/usbd_hid.o
 .text.USBD_HID_GetDeviceQualifierDesc
                0x08016084       0x20 ./Middlewares/ST/STM32_USB_Device_Library/Class/HID/Src/usbd_hid.o
 .text.USBD_Init
                0x080160a4       0x60 ./Middlewares/ST/STM32_USB_Device_Library/Core/Src/usbd_core.o
                0x080160a4                USBD_Init
 .text.USBD_RegisterClass
                0x08016104       0x6c ./Middlewares/ST/STM32_USB_Device_Library/Core/Src/usbd_core.o
                0x08016104                USBD_RegisterClass
 .text.USBD_Start
                0x08016170       0x18 ./Middlewares/ST/STM32_USB_Device_Library/Core/Src/usbd_core.o
                0x08016170                USBD_Start
 .text.USBD_RunTestMode
                0x08016188       0x16 ./Middlewares/ST/STM32_USB_Device_Library/Core/Src/usbd_core.o
                0x08016188                USBD_RunTestMode
 .text.USBD_SetClassConfig
                0x0801619e       0x38 ./Middlewares/ST/STM32_USB_Device_Library/Core/Src/usbd_core.o
                0x0801619e                USBD_SetClassConfig
 .text.USBD_ClrClassConfig
                0x080161d6       0x34 ./Middlewares/ST/STM32_USB_Device_Library/Core/Src/usbd_core.o
                0x080161d6                USBD_ClrClassConfig
 .text.USBD_LL_SetupStage
                0x0801620a       0xaa ./Middlewares/ST/STM32_USB_Device_Library/Core/Src/usbd_core.o
                0x0801620a                USBD_LL_SetupStage
 .text.USBD_LL_DataOutStage
                0x080162b4      0x166 ./Middlewares/ST/STM32_USB_Device_Library/Core/Src/usbd_core.o
                0x080162b4                USBD_LL_DataOutStage
 .text.USBD_LL_DataInStage
                0x0801641a      0x164 ./Middlewares/ST/STM32_USB_Device_Library/Core/Src/usbd_core.o
                0x0801641a                USBD_LL_DataInStage
 .text.USBD_LL_Reset
                0x0801657e       0xa4 ./Middlewares/ST/STM32_USB_Device_Library/Core/Src/usbd_core.o
                0x0801657e                USBD_LL_Reset
 .text.USBD_LL_SetSpeed
                0x08016622       0x20 ./Middlewares/ST/STM32_USB_Device_Library/Core/Src/usbd_core.o
                0x08016622                USBD_LL_SetSpeed
 .text.USBD_LL_Suspend
                0x08016642       0x38 ./Middlewares/ST/STM32_USB_Device_Library/Core/Src/usbd_core.o
                0x08016642                USBD_LL_Suspend
 .text.USBD_LL_Resume
                0x0801667a       0x30 ./Middlewares/ST/STM32_USB_Device_Library/Core/Src/usbd_core.o
                0x0801667a                USBD_LL_Resume
 .text.USBD_LL_SOF
                0x080166aa       0x40 ./Middlewares/ST/STM32_USB_Device_Library/Core/Src/usbd_core.o
                0x080166aa                USBD_LL_SOF
 .text.USBD_LL_IsoINIncomplete
                0x080166ea       0x64 ./Middlewares/ST/STM32_USB_Device_Library/Core/Src/usbd_core.o
                0x080166ea                USBD_LL_IsoINIncomplete
 .text.USBD_LL_IsoOUTIncomplete
                0x0801674e       0x64 ./Middlewares/ST/STM32_USB_Device_Library/Core/Src/usbd_core.o
                0x0801674e                USBD_LL_IsoOUTIncomplete
 .text.USBD_LL_DevConnected
                0x080167b2       0x16 ./Middlewares/ST/STM32_USB_Device_Library/Core/Src/usbd_core.o
                0x080167b2                USBD_LL_DevConnected
 .text.USBD_LL_DevDisconnected
                0x080167c8       0x46 ./Middlewares/ST/STM32_USB_Device_Library/Core/Src/usbd_core.o
                0x080167c8                USBD_LL_DevDisconnected
 .text.USBD_CoreFindIF
                0x0801680e       0x1a ./Middlewares/ST/STM32_USB_Device_Library/Core/Src/usbd_core.o
                0x0801680e                USBD_CoreFindIF
 .text.USBD_CoreFindEP
                0x08016828       0x1a ./Middlewares/ST/STM32_USB_Device_Library/Core/Src/usbd_core.o
                0x08016828                USBD_CoreFindEP
 .text.USBD_GetEpDesc
                0x08016842       0x70 ./Middlewares/ST/STM32_USB_Device_Library/Core/Src/usbd_core.o
                0x08016842                USBD_GetEpDesc
 .text.USBD_GetNextDesc
                0x080168b2       0x38 ./Middlewares/ST/STM32_USB_Device_Library/Core/Src/usbd_core.o
                0x080168b2                USBD_GetNextDesc
 .text.SWAPBYTE
                0x080168ea       0x3e ./Middlewares/ST/STM32_USB_Device_Library/Core/Src/usbd_ctlreq.o
 .text.USBD_StdDevReq
                0x08016928       0xe4 ./Middlewares/ST/STM32_USB_Device_Library/Core/Src/usbd_ctlreq.o
                0x08016928                USBD_StdDevReq
 .text.USBD_StdItfReq
                0x08016a0c       0xd8 ./Middlewares/ST/STM32_USB_Device_Library/Core/Src/usbd_ctlreq.o
                0x08016a0c                USBD_StdItfReq
 .text.USBD_StdEPReq
                0x08016ae4      0x33a ./Middlewares/ST/STM32_USB_Device_Library/Core/Src/usbd_ctlreq.o
                0x08016ae4                USBD_StdEPReq
 *fill*         0x08016e1e        0x2 
 .text.USBD_GetDescriptor
                0x08016e20      0x328 ./Middlewares/ST/STM32_USB_Device_Library/Core/Src/usbd_ctlreq.o
 .text.USBD_SetAddress
                0x08017148       0x88 ./Middlewares/ST/STM32_USB_Device_Library/Core/Src/usbd_ctlreq.o
 .text.USBD_SetConfig
                0x080171d0      0x154 ./Middlewares/ST/STM32_USB_Device_Library/Core/Src/usbd_ctlreq.o
 .text.USBD_GetConfig
                0x08017324       0x6c ./Middlewares/ST/STM32_USB_Device_Library/Core/Src/usbd_ctlreq.o
 .text.USBD_GetStatus
                0x08017390       0x68 ./Middlewares/ST/STM32_USB_Device_Library/Core/Src/usbd_ctlreq.o
 .text.USBD_SetFeature
                0x080173f8       0x52 ./Middlewares/ST/STM32_USB_Device_Library/Core/Src/usbd_ctlreq.o
 .text.USBD_ClrFeature
                0x0801744a       0x44 ./Middlewares/ST/STM32_USB_Device_Library/Core/Src/usbd_ctlreq.o
 .text.USBD_ParseSetupRequest
                0x0801748e       0x74 ./Middlewares/ST/STM32_USB_Device_Library/Core/Src/usbd_ctlreq.o
                0x0801748e                USBD_ParseSetupRequest
 .text.USBD_CtlError
                0x08017502       0x22 ./Middlewares/ST/STM32_USB_Device_Library/Core/Src/usbd_ctlreq.o
                0x08017502                USBD_CtlError
 .text.USBD_GetString
                0x08017524       0xa4 ./Middlewares/ST/STM32_USB_Device_Library/Core/Src/usbd_ctlreq.o
                0x08017524                USBD_GetString
 .text.USBD_GetLen
                0x080175c8       0x34 ./Middlewares/ST/STM32_USB_Device_Library/Core/Src/usbd_ctlreq.o
 .text.USBD_CtlSendData
                0x080175fc       0x36 ./Middlewares/ST/STM32_USB_Device_Library/Core/Src/usbd_ioreq.o
                0x080175fc                USBD_CtlSendData
 .text.USBD_CtlContinueSendData
                0x08017632       0x22 ./Middlewares/ST/STM32_USB_Device_Library/Core/Src/usbd_ioreq.o
                0x08017632                USBD_CtlContinueSendData
 .text.USBD_CtlContinueRx
                0x08017654       0x22 ./Middlewares/ST/STM32_USB_Device_Library/Core/Src/usbd_ioreq.o
                0x08017654                USBD_CtlContinueRx
 .text.USBD_CtlSendStatus
                0x08017676       0x26 ./Middlewares/ST/STM32_USB_Device_Library/Core/Src/usbd_ioreq.o
                0x08017676                USBD_CtlSendStatus
 .text.USBD_CtlReceiveStatus
                0x0801769c       0x26 ./Middlewares/ST/STM32_USB_Device_Library/Core/Src/usbd_ioreq.o
                0x0801769c                USBD_CtlReceiveStatus
 *fill*         0x080176c2        0x2 
 .text.MX_USB_DEVICE_Init
                0x080176c4       0x50 ./USB_DEVICE/App/usb_device.o
                0x080176c4                MX_USB_DEVICE_Init
 .text.USBD_FS_DeviceDescriptor
                0x08017714       0x24 ./USB_DEVICE/App/usbd_desc.o
                0x08017714                USBD_FS_DeviceDescriptor
 .text.USBD_FS_LangIDStrDescriptor
                0x08017738       0x24 ./USB_DEVICE/App/usbd_desc.o
                0x08017738                USBD_FS_LangIDStrDescriptor
 .text.USBD_FS_ProductStrDescriptor
                0x0801775c       0x3c ./USB_DEVICE/App/usbd_desc.o
                0x0801775c                USBD_FS_ProductStrDescriptor
 .text.USBD_FS_ManufacturerStrDescriptor
                0x08017798       0x28 ./USB_DEVICE/App/usbd_desc.o
                0x08017798                USBD_FS_ManufacturerStrDescriptor
 .text.USBD_FS_SerialStrDescriptor
                0x080177c0       0x24 ./USB_DEVICE/App/usbd_desc.o
                0x080177c0                USBD_FS_SerialStrDescriptor
 .text.USBD_FS_ConfigStrDescriptor
                0x080177e4       0x3c ./USB_DEVICE/App/usbd_desc.o
                0x080177e4                USBD_FS_ConfigStrDescriptor
 .text.USBD_FS_InterfaceStrDescriptor
                0x08017820       0x3c ./USB_DEVICE/App/usbd_desc.o
                0x08017820                USBD_FS_InterfaceStrDescriptor
 .text.Get_SerialNum
                0x0801785c       0x58 ./USB_DEVICE/App/usbd_desc.o
 .text.IntToUnicode
                0x080178b4       0x7e ./USB_DEVICE/App/usbd_desc.o
 *fill*         0x08017932        0x2 
 .text.HAL_PCD_MspInit
                0x08017934      0x108 ./USB_DEVICE/Target/usbd_conf.o
                0x08017934                HAL_PCD_MspInit
 .text.HAL_PCD_SetupStageCallback
                0x08017a3c       0x24 ./USB_DEVICE/Target/usbd_conf.o
                0x08017a3c                HAL_PCD_SetupStageCallback
 .text.HAL_PCD_DataOutStageCallback
                0x08017a60       0x36 ./USB_DEVICE/Target/usbd_conf.o
                0x08017a60                HAL_PCD_DataOutStageCallback
 .text.HAL_PCD_DataInStageCallback
                0x08017a96       0x34 ./USB_DEVICE/Target/usbd_conf.o
                0x08017a96                HAL_PCD_DataInStageCallback
 .text.HAL_PCD_SOFCallback
                0x08017aca       0x1c ./USB_DEVICE/Target/usbd_conf.o
                0x08017aca                HAL_PCD_SOFCallback
 .text.HAL_PCD_ResetCallback
                0x08017ae6       0x50 ./USB_DEVICE/Target/usbd_conf.o
                0x08017ae6                HAL_PCD_ResetCallback
 *fill*         0x08017b36        0x2 
 .text.HAL_PCD_SuspendCallback
                0x08017b38       0x4c ./USB_DEVICE/Target/usbd_conf.o
                0x08017b38                HAL_PCD_SuspendCallback
 .text.HAL_PCD_ResumeCallback
                0x08017b84       0x1c ./USB_DEVICE/Target/usbd_conf.o
                0x08017b84                HAL_PCD_ResumeCallback
 .text.HAL_PCD_ISOOUTIncompleteCallback
                0x08017ba0       0x24 ./USB_DEVICE/Target/usbd_conf.o
                0x08017ba0                HAL_PCD_ISOOUTIncompleteCallback
 .text.HAL_PCD_ISOINIncompleteCallback
                0x08017bc4       0x24 ./USB_DEVICE/Target/usbd_conf.o
                0x08017bc4                HAL_PCD_ISOINIncompleteCallback
 .text.HAL_PCD_ConnectCallback
                0x08017be8       0x1c ./USB_DEVICE/Target/usbd_conf.o
                0x08017be8                HAL_PCD_ConnectCallback
 .text.HAL_PCD_DisconnectCallback
                0x08017c04       0x1c ./USB_DEVICE/Target/usbd_conf.o
                0x08017c04                HAL_PCD_DisconnectCallback
 .text.USBD_LL_Init
                0x08017c20       0xa0 ./USB_DEVICE/Target/usbd_conf.o
                0x08017c20                USBD_LL_Init
 .text.USBD_LL_Start
                0x08017cc0       0x36 ./USB_DEVICE/Target/usbd_conf.o
                0x08017cc0                USBD_LL_Start
 .text.USBD_LL_OpenEP
                0x08017cf6       0x4c ./USB_DEVICE/Target/usbd_conf.o
                0x08017cf6                USBD_LL_OpenEP
 .text.USBD_LL_CloseEP
                0x08017d42       0x3e ./USB_DEVICE/Target/usbd_conf.o
                0x08017d42                USBD_LL_CloseEP
 .text.USBD_LL_StallEP
                0x08017d80       0x3e ./USB_DEVICE/Target/usbd_conf.o
                0x08017d80                USBD_LL_StallEP
 .text.USBD_LL_ClearStallEP
                0x08017dbe       0x3e ./USB_DEVICE/Target/usbd_conf.o
                0x08017dbe                USBD_LL_ClearStallEP
 .text.USBD_LL_IsStallEP
                0x08017dfc       0x58 ./USB_DEVICE/Target/usbd_conf.o
                0x08017dfc                USBD_LL_IsStallEP
 .text.USBD_LL_SetUSBAddress
                0x08017e54       0x3e ./USB_DEVICE/Target/usbd_conf.o
                0x08017e54                USBD_LL_SetUSBAddress
 .text.USBD_LL_Transmit
                0x08017e92       0x42 ./USB_DEVICE/Target/usbd_conf.o
                0x08017e92                USBD_LL_Transmit
 .text.USBD_LL_PrepareReceive
                0x08017ed4       0x42 ./USB_DEVICE/Target/usbd_conf.o
                0x08017ed4                USBD_LL_PrepareReceive
 *fill*         0x08017f16        0x2 
 .text.USBD_static_malloc
                0x08017f18       0x1c ./USB_DEVICE/Target/usbd_conf.o
                0x08017f18                USBD_static_malloc
 .text.USBD_static_free
                0x08017f34       0x14 ./USB_DEVICE/Target/usbd_conf.o
                0x08017f34                USBD_static_free
 .text.USBD_Get_USB_Status
                0x08017f48       0x58 ./USB_DEVICE/Target/usbd_conf.o
                0x08017f48                USBD_Get_USB_Status
 .text.atof     0x08017fa0        0x6 C:/ST/STM32CubeIDE_2.0.0/STM32CubeIDE/plugins/com.st.stm32cube.ide.mcu.externaltools.gnu-tools-for-stm32.13.3.rel1.win32_1.0.100.202509120712/tools/bin/../lib/gcc/arm-none-eabi/13.3.1/../../../../arm-none-eabi/lib/thumb/v7e-m+dp/hard\libc_nano.a(libc_a-atof.o)
                0x08017fa0                atof
 .text.atoi     0x08017fa6        0x8 C:/ST/STM32CubeIDE_2.0.0/STM32CubeIDE/plugins/com.st.stm32cube.ide.mcu.externaltools.gnu-tools-for-stm32.13.3.rel1.win32_1.0.100.202509120712/tools/bin/../lib/gcc/arm-none-eabi/13.3.1/../../../../arm-none-eabi/lib/thumb/v7e-m+dp/hard\libc_nano.a(libc_a-atoi.o)
                0x08017fa6                atoi
 .text.sulp     0x08017fae       0x34 C:/ST/STM32CubeIDE_2.0.0/STM32CubeIDE/plugins/com.st.stm32cube.ide.mcu.externaltools.gnu-tools-for-stm32.13.3.rel1.win32_1.0.100.202509120712/tools/bin/../lib/gcc/arm-none-eabi/13.3.1/../../../../arm-none-eabi/lib/thumb/v7e-m+dp/hard\libc_nano.a(libc_a-strtod.o)
 *fill*         0x08017fe2        0x6 
 .text._strtod_l
                0x08017fe8      0xb34 C:/ST/STM32CubeIDE_2.0.0/STM32CubeIDE/plugins/com.st.stm32cube.ide.mcu.externaltools.gnu-tools-for-stm32.13.3.rel1.win32_1.0.100.202509120712/tools/bin/../lib/gcc/arm-none-eabi/13.3.1/../../../../arm-none-eabi/lib/thumb/v7e-m+dp/hard\libc_nano.a(libc_a-strtod.o)
                0x08017fe8                _strtod_l
 .text._strtod_r
                0x08018b1c        0xc C:/ST/STM32CubeIDE_2.0.0/STM32CubeIDE/plugins/com.st.stm32cube.ide.mcu.externaltools.gnu-tools-for-stm32.13.3.rel1.win32_1.0.100.202509120712/tools/bin/../lib/gcc/arm-none-eabi/13.3.1/../../../../arm-none-eabi/lib/thumb/v7e-m+dp/hard\libc_nano.a(libc_a-strtod.o)
                0x08018b1c                _strtod_r
 .text.strtod   0x08018b28       0x18 C:/ST/STM32CubeIDE_2.0.0/STM32CubeIDE/plugins/com.st.stm32cube.ide.mcu.externaltools.gnu-tools-for-stm32.13.3.rel1.win32_1.0.100.202509120712/tools/bin/../lib/gcc/arm-none-eabi/13.3.1/../../../../arm-none-eabi/lib/thumb/v7e-m+dp/hard\libc_nano.a(libc_a-strtod.o)
                0x08018b28                strtod
 .text._strtol_l.isra.0
                0x08018b40       0xf4 C:/ST/STM32CubeIDE_2.0.0/STM32CubeIDE/plugins/com.st.stm32cube.ide.mcu.externaltools.gnu-tools-for-stm32.13.3.rel1.win32_1.0.100.202509120712/tools/bin/../lib/gcc/arm-none-eabi/13.3.1/../../../../arm-none-eabi/lib/thumb/v7e-m+dp/hard\libc_nano.a(libc_a-strtol.o)
 .text._strtol_r
                0x08018c34        0x4 C:/ST/STM32CubeIDE_2.0.0/STM32CubeIDE/plugins/com.st.stm32cube.ide.mcu.externaltools.gnu-tools-for-stm32.13.3.rel1.win32_1.0.100.202509120712/tools/bin/../lib/gcc/arm-none-eabi/13.3.1/../../../../arm-none-eabi/lib/thumb/v7e-m+dp/hard\libc_nano.a(libc_a-strtol.o)
                0x08018c34                _strtol_r
 .text.strtol   0x08018c38       0x14 C:/ST/STM32CubeIDE_2.0.0/STM32CubeIDE/plugins/com.st.stm32cube.ide.mcu.externaltools.gnu-tools-for-stm32.13.3.rel1.win32_1.0.100.202509120712/tools/bin/../lib/gcc/arm-none-eabi/13.3.1/../../../../arm-none-eabi/lib/thumb/v7e-m+dp/hard\libc_nano.a(libc_a-strtol.o)
                0x08018c38                strtol
 .text._strtoul_l.isra.0
                0x08018c4c       0xdc C:/ST/STM32CubeIDE_2.0.0/STM32CubeIDE/plugins/com.st.stm32cube.ide.mcu.externaltools.gnu-tools-for-stm32.13.3.rel1.win32_1.0.100.202509120712/tools/bin/../lib/gcc/arm-none-eabi/13.3.1/../../../../arm-none-eabi/lib/thumb/v7e-m+dp/hard\libc_nano.a(libc_a-strtoul.o)
 .text.strtoul  0x08018d28       0x14 C:/ST/STM32CubeIDE_2.0.0/STM32CubeIDE/plugins/com.st.stm32cube.ide.mcu.externaltools.gnu-tools-for-stm32.13.3.rel1.win32_1.0.100.202509120712/tools/bin/../lib/gcc/arm-none-eabi/13.3.1/../../../../arm-none-eabi/lib/thumb/v7e-m+dp/hard\libc_nano.a(libc_a-strtoul.o)
                0x08018d28                strtoul
 .text.__cvt    0x08018d3c       0xa8 C:/ST/STM32CubeIDE_2.0.0/STM32CubeIDE/plugins/com.st.stm32cube.ide.mcu.externaltools.gnu-tools-for-stm32.13.3.rel1.win32_1.0.100.202509120712/tools/bin/../lib/gcc/arm-none-eabi/13.3.1/../../../../arm-none-eabi/lib/thumb/v7e-m+dp/hard\libc_nano.a(libc_a-nano-vfprintf_float.o)
                0x08018d3c                __cvt
 .text.__exponent
                0x08018de4       0x74 C:/ST/STM32CubeIDE_2.0.0/STM32CubeIDE/plugins/com.st.stm32cube.ide.mcu.externaltools.gnu-tools-for-stm32.13.3.rel1.win32_1.0.100.202509120712/tools/bin/../lib/gcc/arm-none-eabi/13.3.1/../../../../arm-none-eabi/lib/thumb/v7e-m+dp/hard\libc_nano.a(libc_a-nano-vfprintf_float.o)
                0x08018de4                __exponent
 .text._printf_float
                0x08018e58      0x434 C:/ST/STM32CubeIDE_2.0.0/STM32CubeIDE/plugins/com.st.stm32cube.ide.mcu.externaltools.gnu-tools-for-stm32.13.3.rel1.win32_1.0.100.202509120712/tools/bin/../lib/gcc/arm-none-eabi/13.3.1/../../../../arm-none-eabi/lib/thumb/v7e-m+dp/hard\libc_nano.a(libc_a-nano-vfprintf_float.o)
                0x08018e58                _printf_float
 .text._printf_common
                0x0801928c       0xda C:/ST/STM32CubeIDE_2.0.0/STM32CubeIDE/plugins/com.st.stm32cube.ide.mcu.externaltools.gnu-tools-for-stm32.13.3.rel1.win32_1.0.100.202509120712/tools/bin/../lib/gcc/arm-none-eabi/13.3.1/../../../../arm-none-eabi/lib/thumb/v7e-m+dp/hard\libc_nano.a(libc_a-nano-vfprintf_i.o)
                0x0801928c                _printf_common
 *fill*         0x08019366        0x2 
 .text._printf_i
                0x08019368      0x23c C:/ST/STM32CubeIDE_2.0.0/STM32CubeIDE/plugins/com.st.stm32cube.ide.mcu.externaltools.gnu-tools-for-stm32.13.3.rel1.win32_1.0.100.202509120712/tools/bin/../lib/gcc/arm-none-eabi/13.3.1/../../../../arm-none-eabi/lib/thumb/v7e-m+dp/hard\libc_nano.a(libc_a-nano-vfprintf_i.o)
                0x08019368                _printf_i
 .text._scanf_float
                0x080195a4      0x40c C:/ST/STM32CubeIDE_2.0.0/STM32CubeIDE/plugins/com.st.stm32cube.ide.mcu.externaltools.gnu-tools-for-stm32.13.3.rel1.win32_1.0.100.202509120712/tools/bin/../lib/gcc/arm-none-eabi/13.3.1/../../../../arm-none-eabi/lib/thumb/v7e-m+dp/hard\libc_nano.a(libc_a-nano-vfscanf_float.o)
                0x080195a4                _scanf_float
 .text.std      0x080199b0       0x6c C:/ST/STM32CubeIDE_2.0.0/STM32CubeIDE/plugins/com.st.stm32cube.ide.mcu.externaltools.gnu-tools-for-stm32.13.3.rel1.win32_1.0.100.202509120712/tools/bin/../lib/gcc/arm-none-eabi/13.3.1/../../../../arm-none-eabi/lib/thumb/v7e-m+dp/hard\libc_nano.a(libc_a-findfp.o)
 .text.stdio_exit_handler
                0x08019a1c       0x18 C:/ST/STM32CubeIDE_2.0.0/STM32CubeIDE/plugins/com.st.stm32cube.ide.mcu.externaltools.gnu-tools-for-stm32.13.3.rel1.win32_1.0.100.202509120712/tools/bin/../lib/gcc/arm-none-eabi/13.3.1/../../../../arm-none-eabi/lib/thumb/v7e-m+dp/hard\libc_nano.a(libc_a-findfp.o)
 .text.cleanup_stdio
                0x08019a34       0x40 C:/ST/STM32CubeIDE_2.0.0/STM32CubeIDE/plugins/com.st.stm32cube.ide.mcu.externaltools.gnu-tools-for-stm32.13.3.rel1.win32_1.0.100.202509120712/tools/bin/../lib/gcc/arm-none-eabi/13.3.1/../../../../arm-none-eabi/lib/thumb/v7e-m+dp/hard\libc_nano.a(libc_a-findfp.o)
 .text.global_stdio_init.part.0
                0x08019a74       0x3c C:/ST/STM32CubeIDE_2.0.0/STM32CubeIDE/plugins/com.st.stm32cube.ide.mcu.externaltools.gnu-tools-for-stm32.13.3.rel1.win32_1.0.100.202509120712/tools/bin/../lib/gcc/arm-none-eabi/13.3.1/../../../../arm-none-eabi/lib/thumb/v7e-m+dp/hard\libc_nano.a(libc_a-findfp.o)
 .text.__sfp_lock_acquire
                0x08019ab0        0xc C:/ST/STM32CubeIDE_2.0.0/STM32CubeIDE/plugins/com.st.stm32cube.ide.mcu.externaltools.gnu-tools-for-stm32.13.3.rel1.win32_1.0.100.202509120712/tools/bin/../lib/gcc/arm-none-eabi/13.3.1/../../../../arm-none-eabi/lib/thumb/v7e-m+dp/hard\libc_nano.a(libc_a-findfp.o)
                0x08019ab0                __sfp_lock_acquire
 .text.__sfp_lock_release
                0x08019abc        0xc C:/ST/STM32CubeIDE_2.0.0/STM32CubeIDE/plugins/com.st.stm32cube.ide.mcu.externaltools.gnu-tools-for-stm32.13.3.rel1.win32_1.0.100.202509120712/tools/bin/../lib/gcc/arm-none-eabi/13.3.1/../../../../arm-none-eabi/lib/thumb/v7e-m+dp/hard\libc_nano.a(libc_a-findfp.o)
                0x08019abc                __sfp_lock_release
 .text.__sinit  0x08019ac8       0x30 C:/ST/STM32CubeIDE_2.0.0/STM32CubeIDE/plugins/com.st.stm32cube.ide.mcu.externaltools.gnu-tools-for-stm32.13.3.rel1.win32_1.0.100.202509120712/tools/bin/../lib/gcc/arm-none-eabi/13.3.1/../../../../arm-none-eabi/lib/thumb/v7e-m+dp/hard\libc_nano.a(libc_a-findfp.o)
                0x08019ac8                __sinit
 .text._fwalk_sglue
                0x08019af8       0x3c C:/ST/STM32CubeIDE_2.0.0/STM32CubeIDE/plugins/com.st.stm32cube.ide.mcu.externaltools.gnu-tools-for-stm32.13.3.rel1.win32_1.0.100.202509120712/tools/bin/../lib/gcc/arm-none-eabi/13.3.1/../../../../arm-none-eabi/lib/thumb/v7e-m+dp/hard\libc_nano.a(libc_a-fwalk.o)
                0x08019af8                _fwalk_sglue
 .text.snprintf
                0x08019b34       0x6c C:/ST/STM32CubeIDE_2.0.0/STM32CubeIDE/plugins/com.st.stm32cube.ide.mcu.externaltools.gnu-tools-for-stm32.13.3.rel1.win32_1.0.100.202509120712/tools/bin/../lib/gcc/arm-none-eabi/13.3.1/../../../../arm-none-eabi/lib/thumb/v7e-m+dp/hard\libc_nano.a(libc_a-snprintf.o)
                0x08019b34                sniprintf
                0x08019b34                snprintf
 .text.sprintf  0x08019ba0       0x44 C:/ST/STM32CubeIDE_2.0.0/STM32CubeIDE/plugins/com.st.stm32cube.ide.mcu.externaltools.gnu-tools-for-stm32.13.3.rel1.win32_1.0.100.202509120712/tools/bin/../lib/gcc/arm-none-eabi/13.3.1/../../../../arm-none-eabi/lib/thumb/v7e-m+dp/hard\libc_nano.a(libc_a-sprintf.o)
                0x08019ba0                siprintf
                0x08019ba0                sprintf
 .text.__sread  0x08019be4       0x22 C:/ST/STM32CubeIDE_2.0.0/STM32CubeIDE/plugins/com.st.stm32cube.ide.mcu.externaltools.gnu-tools-for-stm32.13.3.rel1.win32_1.0.100.202509120712/tools/bin/../lib/gcc/arm-none-eabi/13.3.1/../../../../arm-none-eabi/lib/thumb/v7e-m+dp/hard\libc_nano.a(libc_a-stdio.o)
                0x08019be4                __sread
 .text.__swrite
                0x08019c06       0x38 C:/ST/STM32CubeIDE_2.0.0/STM32CubeIDE/plugins/com.st.stm32cube.ide.mcu.externaltools.gnu-tools-for-stm32.13.3.rel1.win32_1.0.100.202509120712/tools/bin/../lib/gcc/arm-none-eabi/13.3.1/../../../../arm-none-eabi/lib/thumb/v7e-m+dp/hard\libc_nano.a(libc_a-stdio.o)
                0x08019c06                __swrite
 .text.__sseek  0x08019c3e       0x24 C:/ST/STM32CubeIDE_2.0.0/STM32CubeIDE/plugins/com.st.stm32cube.ide.mcu.externaltools.gnu-tools-for-stm32.13.3.rel1.win32_1.0.100.202509120712/tools/bin/../lib/gcc/arm-none-eabi/13.3.1/../../../../arm-none-eabi/lib/thumb/v7e-m+dp/hard\libc_nano.a(libc_a-stdio.o)
                0x08019c3e                __sseek
 .text.__sclose
                0x08019c62        0x8 C:/ST/STM32CubeIDE_2.0.0/STM32CubeIDE/plugins/com.st.stm32cube.ide.mcu.externaltools.gnu-tools-for-stm32.13.3.rel1.win32_1.0.100.202509120712/tools/bin/../lib/gcc/arm-none-eabi/13.3.1/../../../../arm-none-eabi/lib/thumb/v7e-m+dp/hard\libc_nano.a(libc_a-stdio.o)
                0x08019c62                __sclose
 .text._vsnprintf_r
                0x08019c6a       0x5c C:/ST/STM32CubeIDE_2.0.0/STM32CubeIDE/plugins/com.st.stm32cube.ide.mcu.externaltools.gnu-tools-for-stm32.13.3.rel1.win32_1.0.100.202509120712/tools/bin/../lib/gcc/arm-none-eabi/13.3.1/../../../../arm-none-eabi/lib/thumb/v7e-m+dp/hard\libc_nano.a(libc_a-vsnprintf.o)
                0x08019c6a                _vsniprintf_r
                0x08019c6a                _vsnprintf_r
 *fill*         0x08019cc6        0x2 
 .text.vsnprintf
                0x08019cc8       0x1c C:/ST/STM32CubeIDE_2.0.0/STM32CubeIDE/plugins/com.st.stm32cube.ide.mcu.externaltools.gnu-tools-for-stm32.13.3.rel1.win32_1.0.100.202509120712/tools/bin/../lib/gcc/arm-none-eabi/13.3.1/../../../../arm-none-eabi/lib/thumb/v7e-m+dp/hard\libc_nano.a(libc_a-vsnprintf.o)
                0x08019cc8                vsniprintf
                0x08019cc8                vsnprintf
 .text.memset   0x08019ce4       0x10 C:/ST/STM32CubeIDE_2.0.0/STM32CubeIDE/plugins/com.st.stm32cube.ide.mcu.externaltools.gnu-tools-for-stm32.13.3.rel1.win32_1.0.100.202509120712/tools/bin/../lib/gcc/arm-none-eabi/13.3.1/../../../../arm-none-eabi/lib/thumb/v7e-m+dp/hard\libc_nano.a(libc_a-memset.o)
                0x08019ce4                memset
 .text.strncmp  0x08019cf4       0x24 C:/ST/STM32CubeIDE_2.0.0/STM32CubeIDE/plugins/com.st.stm32cube.ide.mcu.externaltools.gnu-tools-for-stm32.13.3.rel1.win32_1.0.100.202509120712/tools/bin/../lib/gcc/arm-none-eabi/13.3.1/../../../../arm-none-eabi/lib/thumb/v7e-m+dp/hard\libc_nano.a(libc_a-strncmp.o)
                0x08019cf4                strncmp
 .text.strtok   0x08019d18       0x68 C:/ST/STM32CubeIDE_2.0.0/STM32CubeIDE/plugins/com.st.stm32cube.ide.mcu.externaltools.gnu-tools-for-stm32.13.3.rel1.win32_1.0.100.202509120712/tools/bin/../lib/gcc/arm-none-eabi/13.3.1/../../../../arm-none-eabi/lib/thumb/v7e-m+dp/hard\libc_nano.a(libc_a-strtok.o)
                0x08019d18                strtok
 .text.__strtok_r
                0x08019d80       0x50 C:/ST/STM32CubeIDE_2.0.0/STM32CubeIDE/plugins/com.st.stm32cube.ide.mcu.externaltools.gnu-tools-for-stm32.13.3.rel1.win32_1.0.100.202509120712/tools/bin/../lib/gcc/arm-none-eabi/13.3.1/../../../../arm-none-eabi/lib/thumb/v7e-m+dp/hard\libc_nano.a(libc_a-strtok_r.o)
                0x08019d80                __strtok_r
 .text._localeconv_r
                0x08019dd0        0x8 C:/ST/STM32CubeIDE_2.0.0/STM32CubeIDE/plugins/com.st.stm32cube.ide.mcu.externaltools.gnu-tools-for-stm32.13.3.rel1.win32_1.0.100.202509120712/tools/bin/../lib/gcc/arm-none-eabi/13.3.1/../../../../arm-none-eabi/lib/thumb/v7e-m+dp/hard\libc_nano.a(libc_a-localeconv.o)
                0x08019dd0                _localeconv_r
 .text._close_r
                0x08019dd8       0x20 C:/ST/STM32CubeIDE_2.0.0/STM32CubeIDE/plugins/com.st.stm32cube.ide.mcu.externaltools.gnu-tools-for-stm32.13.3.rel1.win32_1.0.100.202509120712/tools/bin/../lib/gcc/arm-none-eabi/13.3.1/../../../../arm-none-eabi/lib/thumb/v7e-m+dp/hard\libc_nano.a(libc_a-closer.o)
                0x08019dd8                _close_r
 .text._lseek_r
                0x08019df8       0x24 C:/ST/STM32CubeIDE_2.0.0/STM32CubeIDE/plugins/com.st.stm32cube.ide.mcu.externaltools.gnu-tools-for-stm32.13.3.rel1.win32_1.0.100.202509120712/tools/bin/../lib/gcc/arm-none-eabi/13.3.1/../../../../arm-none-eabi/lib/thumb/v7e-m+dp/hard\libc_nano.a(libc_a-lseekr.o)
                0x08019df8                _lseek_r
 .text._read_r  0x08019e1c       0x24 C:/ST/STM32CubeIDE_2.0.0/STM32CubeIDE/plugins/com.st.stm32cube.ide.mcu.externaltools.gnu-tools-for-stm32.13.3.rel1.win32_1.0.100.202509120712/tools/bin/../lib/gcc/arm-none-eabi/13.3.1/../../../../arm-none-eabi/lib/thumb/v7e-m+dp/hard\libc_nano.a(libc_a-readr.o)
                0x08019e1c                _read_r
 .text._write_r
                0x08019e40       0x24 C:/ST/STM32CubeIDE_2.0.0/STM32CubeIDE/plugins/com.st.stm32cube.ide.mcu.externaltools.gnu-tools-for-stm32.13.3.rel1.win32_1.0.100.202509120712/tools/bin/../lib/gcc/arm-none-eabi/13.3.1/../../../../arm-none-eabi/lib/thumb/v7e-m+dp/hard\libc_nano.a(libc_a-writer.o)
                0x08019e40                _write_r
 .text.__errno  0x08019e64        0xc C:/ST/STM32CubeIDE_2.0.0/STM32CubeIDE/plugins/com.st.stm32cube.ide.mcu.externaltools.gnu-tools-for-stm32.13.3.rel1.win32_1.0.100.202509120712/tools/bin/../lib/gcc/arm-none-eabi/13.3.1/../../../../arm-none-eabi/lib/thumb/v7e-m+dp/hard\libc_nano.a(libc_a-errno.o)
                0x08019e64                __errno
 .text.__libc_init_array
                0x08019e70       0x48 C:/ST/STM32CubeIDE_2.0.0/STM32CubeIDE/plugins/com.st.stm32cube.ide.mcu.externaltools.gnu-tools-for-stm32.13.3.rel1.win32_1.0.100.202509120712/tools/bin/../lib/gcc/arm-none-eabi/13.3.1/../../../../arm-none-eabi/lib/thumb/v7e-m+dp/hard\libc_nano.a(libc_a-init.o)
                0x08019e70                __libc_init_array
 .text.__retarget_lock_init_recursive
                0x08019eb8        0x2 C:/ST/STM32CubeIDE_2.0.0/STM32CubeIDE/plugins/com.st.stm32cube.ide.mcu.externaltools.gnu-tools-for-stm32.13.3.rel1.win32_1.0.100.202509120712/tools/bin/../lib/gcc/arm-none-eabi/13.3.1/../../../../arm-none-eabi/lib/thumb/v7e-m+dp/hard\libc_nano.a(libc_a-lock.o)
                0x08019eb8                __retarget_lock_init_recursive
 .text.__retarget_lock_acquire_recursive
                0x08019eba        0x2 C:/ST/STM32CubeIDE_2.0.0/STM32CubeIDE/plugins/com.st.stm32cube.ide.mcu.externaltools.gnu-tools-for-stm32.13.3.rel1.win32_1.0.100.202509120712/tools/bin/../lib/gcc/arm-none-eabi/13.3.1/../../../../arm-none-eabi/lib/thumb/v7e-m+dp/hard\libc_nano.a(libc_a-lock.o)
                0x08019eba                __retarget_lock_acquire_recursive
 .text.__retarget_lock_release_recursive
                0x08019ebc        0x2 C:/ST/STM32CubeIDE_2.0.0/STM32CubeIDE/plugins/com.st.stm32cube.ide.mcu.externaltools.gnu-tools-for-stm32.13.3.rel1.win32_1.0.100.202509120712/tools/bin/../lib/gcc/arm-none-eabi/13.3.1/../../../../arm-none-eabi/lib/thumb/v7e-m+dp/hard\libc_nano.a(libc_a-lock.o)
                0x08019ebc                __retarget_lock_release_recursive
 .text.memcpy   0x08019ebe       0x1c C:/ST/STM32CubeIDE_2.0.0/STM32CubeIDE/plugins/com.st.stm32cube.ide.mcu.externaltools.gnu-tools-for-stm32.13.3.rel1.win32_1.0.100.202509120712/tools/bin/../lib/gcc/arm-none-eabi/13.3.1/../../../../arm-none-eabi/lib/thumb/v7e-m+dp/hard\libc_nano.a(libc_a-memcpy-stub.o)
                0x08019ebe                memcpy
 *fill*         0x08019eda        0x6 
 .text.nan      0x08019ee0       0x10 C:/ST/STM32CubeIDE_2.0.0/STM32CubeIDE/plugins/com.st.stm32cube.ide.mcu.externaltools.gnu-tools-for-stm32.13.3.rel1.win32_1.0.100.202509120712/tools/bin/../lib/gcc/arm-none-eabi/13.3.1/../../../../arm-none-eabi/lib/thumb/v7e-m+dp/hard\libc_nano.a(libm_a-s_nan.o)
                0x08019ee0                nan
 .text.nanf     0x08019ef0        0xc C:/ST/STM32CubeIDE_2.0.0/STM32CubeIDE/plugins/com.st.stm32cube.ide.mcu.externaltools.gnu-tools-for-stm32.13.3.rel1.win32_1.0.100.202509120712/tools/bin/../lib/gcc/arm-none-eabi/13.3.1/../../../../arm-none-eabi/lib/thumb/v7e-m+dp/hard\libc_nano.a(libm_a-sf_nan.o)
                0x08019ef0                nanf
 .text.__assert_func
                0x08019efc       0x3c C:/ST/STM32CubeIDE_2.0.0/STM32CubeIDE/plugins/com.st.stm32cube.ide.mcu.externaltools.gnu-tools-for-stm32.13.3.rel1.win32_1.0.100.202509120712/tools/bin/../lib/gcc/arm-none-eabi/13.3.1/../../../../arm-none-eabi/lib/thumb/v7e-m+dp/hard\libc_nano.a(libc_a-assert.o)
                0x08019efc                __assert_func
 .text.quorem   0x08019f38      0x110 C:/ST/STM32CubeIDE_2.0.0/STM32CubeIDE/plugins/com.st.stm32cube.ide.mcu.externaltools.gnu-tools-for-stm32.13.3.rel1.win32_1.0.100.202509120712/tools/bin/../lib/gcc/arm-none-eabi/13.3.1/../../../../arm-none-eabi/lib/thumb/v7e-m+dp/hard\libc_nano.a(libc_a-dtoa.o)
 .text._dtoa_r  0x0801a048      0xabc C:/ST/STM32CubeIDE_2.0.0/STM32CubeIDE/plugins/com.st.stm32cube.ide.mcu.externaltools.gnu-tools-for-stm32.13.3.rel1.win32_1.0.100.202509120712/tools/bin/../lib/gcc/arm-none-eabi/13.3.1/../../../../arm-none-eabi/lib/thumb/v7e-m+dp/hard\libc_nano.a(libc_a-dtoa.o)
                0x0801a048                _dtoa_r