Archive member included to satisfy reference by file (symbol)

C:/ST/STM32CubeIDE_2.0.0/STM32CubeIDE/plugins/com.st.stm32cube.ide.mcu.externaltools.gnu-tools-for-stm32.13.3.rel1.win32_1.0.100.202509120712/tools/bin/../lib/gcc/arm-none-eabi/13.3.1/../../../../arm-none-eabi/lib/thumb/v7e-m+dp/hard\libc_nano.a(libc_a-atof.o)
                              ./Core/Src/main.o (atof)
C:/ST/STM32CubeIDE_2.0.0/STM32CubeIDE/plugins/com.st.stm32cube.ide.mcu.externaltools.gnu-tools-for-stm32.13.3.rel1.win32_1.0.100.202509120712/tools/bin/../lib/gcc/arm-none-eabi/13.3.1/../../../../arm-none-eabi/lib/thumb/v7e-m+dp/hard\libc_nano.a(libc_a-atoi.o)
                              ./Core/Src/main.o (atoi)
C:/ST/STM32CubeIDE_2.0.0/STM32CubeIDE/plugins/com.st.stm32cube.ide.mcu.externaltools.gnu-tools-for-stm32.13.3.rel1.win32_1.0.100.202509120712/tools/bin/../lib/gcc/arm-none-eabi/13.3.1/../../../../arm-none-eabi/lib/thumb/v7e-m+dp/hard\libc_nano.a(libc_a-exit.o)
                              C:/ST/STM32CubeIDE_2.0.0/STM32CubeIDE/plugins/com.st.stm32cube.ide.mcu.externaltools.gnu-tools-for-stm32.13.3.rel1.win32_1.0.100.202509120712/tools/bin/../lib/gcc/arm-none-eabi/13.3.1/../../../../arm-none-eabi/lib/thumb/v7e-m+dp/hard/crt0.o (exit)
C:/ST/STM32CubeIDE_2.0.0/STM32CubeIDE/plugins/com.st.stm32cube.ide.mcu.externaltools.gnu-tools-for-stm32.13.3.rel1.win32_1.0.100.202509120712/tools/bin/../lib/gcc/arm-none-eabi/13.3.1/../../../../arm-none-eabi/lib/thumb/v7e-m+dp/hard\libc_nano.a(libc_a-strtod.o)
                              C:/ST/STM32CubeIDE_2.0.0/STM32CubeIDE/plugins/com.st.stm32cube.ide.mcu.externaltools.gnu-tools-for-stm32.13.3.rel1.win32_1.0.100.202509120712/tools/bin/../lib/gcc/arm-none-eabi/13.3.1/../../../../arm-none-eabi/lib/thumb/v7e-m+dp/hard\libc_nano.a(libc_a-atof.o) (strtod)
C:/ST/STM32CubeIDE_2.0.0/STM32CubeIDE/plugins/com.st.stm32cube.ide.mcu.externaltools.gnu-tools-for-stm32.13.3.rel1.win32_1.0.100.202509120712/tools/bin/../lib/gcc/arm-none-eabi/13.3.1/../../../../arm-none-eabi/lib/thumb/v7e-m+dp/hard\libc_nano.a(libc_a-strtol.o)
                              C:/ST/STM32CubeIDE_2.0.0/STM32CubeIDE/plugins/com.st.stm32cube.ide.mcu.externaltools.gnu-tools-for-stm32.13.3.rel1.win32_1.0.100.202509120712/tools/bin/../lib/gcc/arm-none-eabi/13.3.1/../../../../arm-none-eabi/lib/thumb/v7e-m+dp/hard\libc_nano.a(libc_a-atoi.o) (_strtol_r)
C:/ST/STM32CubeIDE_2.0.0/STM32CubeIDE/plugins/com.st.stm32cube.ide.mcu.externaltools.gnu-tools-for-stm32.13.3.rel1.win32_1.0.100.202509120712/tools/bin/../lib/gcc/arm-none-eabi/13.3.1/../../../../arm-none-eabi/lib/thumb/v7e-m+dp/hard\libc_nano.a(libc_a-system.o)
                              ./Core/Src/main.o (system)
C:/ST/STM32CubeIDE_2.0.0/STM32CubeIDE/plugins/com.st.stm32cube.ide.mcu.externaltools.gnu-tools-for-stm32.13.3.rel1.win32_1.0.100.202509120712/tools/bin/../lib/gcc/arm-none-eabi/13.3.1/../../../../arm-none-eabi/lib/thumb/v7e-m+dp/hard\libc_nano.a(libc_a-ctype_.o)
                              C:/ST/STM32CubeIDE_2.0.0/STM32CubeIDE/plugins/com.st.stm32cube.ide.mcu.externaltools.gnu-tools-for-stm32.13.3.rel1.win32_1.0.100.202509120712/tools/bin/../lib/gcc/arm-none-eabi/13.3.1/../../../../arm-none-eabi/lib/thumb/v7e-m+dp/hard\libc_nano.a(libc_a-strtol.o) (_ctype_)
C:/ST/STM32CubeIDE_2.0.0/STM32CubeIDE/plugins/com.st.stm32cube.ide.mcu.externaltools.gnu-tools-for-stm32.13.3.rel1.win32_1.0.100.202509120712/tools/bin/../lib/gcc/arm-none-eabi/13.3.1/../../../../arm-none-eabi/lib/thumb/v7e-m+dp/hard\libc_nano.a(libc_a-nano-vfprintf_float.o)
                              (_printf_float)
C:/ST/STM32CubeIDE_2.0.0/STM32CubeIDE/plugins/com.st.stm32cube.ide.mcu.externaltools.gnu-tools-for-stm32.13.3.rel1.win32_1.0.100.202509120712/tools/bin/../lib/gcc/arm-none-eabi/13.3.1/../../../../arm-none-eabi/lib/thumb/v7e-m+dp/hard\libc_nano.a(libc_a-nano-vfprintf_i.o)
                              C:/ST/STM32CubeIDE_2.0.0/STM32CubeIDE/plugins/com.st.stm32cube.ide.mcu.externaltools.gnu-tools-for-stm32.13.3.rel1.win32_1.0.100.202509120712/tools/bin/../lib/gcc/arm-none-eabi/13.3.1/../../../../arm-none-eabi/lib/thumb/v7e-m+dp/hard\libc_nano.a(libc_a-nano-vfprintf_float.o) (_printf_common)
C:/ST/STM32CubeIDE_2.0.0/STM32CubeIDE/plugins/com.st.stm32cube.ide.mcu.externaltools.gnu-tools-for-stm32.13.3.rel1.win32_1.0.100.202509120712/tools/bin/../lib/gcc/arm-none-eabi/13.3.1/../../../../arm-none-eabi/lib/thumb/v7e-m+dp/hard\libc_nano.a(libc_a-nano-vfscanf_float.o)
                              (_scanf_float)
C:/ST/STM32CubeIDE_2.0.0/STM32CubeIDE/plugins/com.st.stm32cube.ide.mcu.externaltools.gnu-tools-for-stm32.13.3.rel1.win32_1.0.100.202509120712/tools/bin/../lib/gcc/arm-none-eabi/13.3.1/../../../../arm-none-eabi/lib/thumb/v7e-m+dp/hard\libc_nano.a(libc_a-findfp.o)
[...]
Memory Configuration

Name             Origin             Length             Attributes
FLASH            0x08000000         0x00020000         xr
DTCMRAM          0x20000000         0x00020000         xrw
RAM_D1           0x24000000         0x00080000         xrw
RAM_D2           0x30000000         0x00048000         xrw
RAM_D3           0x38000000         0x00010000         xrw
ITCMRAM          0x00000000         0x00010000         xrw
*default*        0x00000000         0xffffffff

Linker script and memory map

LOAD C:/ST/STM32CubeIDE_2.0.0/STM32CubeIDE/plugins/com.st.stm32cube.ide.mcu.externaltools.gnu-tools-for-stm32.13.3.rel1.win32_1.0.100.202509120712/tools/bin/../lib/gcc/arm-none-eabi/13.3.1/thumb/v7e-m+dp/hard/crti.o
LOAD C:/ST/STM32CubeIDE_2.0.0/STM32CubeIDE/plugins/com.st.stm32cube.ide.mcu.externaltools.gnu-tools-for-stm32.13.3.rel1.win32_1.0.100.202509120712/tools/bin/../lib/gcc/arm-none-eabi/13.3.1/thumb/v7e-m+dp/hard/crtbegin.o
LOAD C:/ST/STM32CubeIDE_2.0.0/STM32CubeIDE/plugins/com.st.stm32cube.ide.mcu.externaltools.gnu-tools-for-stm32.13.3.rel1.win32_1.0.100.202509120712/tools/bin/../lib/gcc/arm-none-eabi/13.3.1/../../../../arm-none-eabi/lib/thumb/v7e-m+dp/hard/crt0.o
LOAD ./Core/Src/coil_driver.o
LOAD ./Core/Src/debug_console.o
LOAD ./Core/Src/dma.o
LOAD ./Core/Src/gpio.o
LOAD ./Core/Src/levitation_control.o
LOAD ./Core/Src/main.o
LOAD ./Core/Src/sensor_mlx90393.o
LOAD ./Core/Src/spi.o
LOAD ./Core/Src/stm32h7xx_hal_msp.o
LOAD ./Core/Src/stm32h7xx_it.o
LOAD ./Core/Src/syscalls.o
LOAD ./Core/Src/sysmem.o
LOAD ./Core/Src/system_stm32h7xx.o
LOAD ./Core/Src/tim.o
LOAD ./Core/Src/usart.o
LOAD ./Core/Startup/startup_stm32h750vbtx.o
LOAD ./Drivers/STM32H7xx_HAL_Driver/Src/stm32h7xx_hal.o
LOAD ./Drivers/STM32H7xx_HAL_Driver/Src/stm32h7xx_hal_cortex.o
LOAD ./Drivers/STM32H7xx_HAL_Driver/Src/stm32h7xx_hal_dma.o
LOAD ./Drivers/STM32H7xx_HAL_Driver/Src/stm32h7xx_hal_dma_ex.o
LOAD ./Drivers/STM32H7xx_HAL_Driver/Src/stm32h7xx_hal_exti.o
LOAD ./Drivers/STM32H7xx_HAL_Driver/Src/stm32h7xx_hal_flash.o
LOAD ./Drivers/STM32H7xx_HAL_Driver/Src/stm32h7xx_hal_flash_ex.o
LOAD ./Drivers/STM32H7xx_HAL_Driver/Src/stm32h7xx_hal_gpio.o
LOAD ./Drivers/STM32H7xx_HAL_Driver/Src/stm32h7xx_hal_hsem.o
LOAD ./Drivers/STM32H7xx_HAL_Driver/Src/stm32h7xx_hal_i2c.o
LOAD ./Drivers/STM32H7xx_HAL_Driver/Src/stm32h7xx_hal_i2c_ex.o
LOAD ./Drivers/STM32H7xx_HAL_Driver/Src/stm32h7xx_hal_mdma.o
LOAD ./Drivers/STM32H7xx_HAL_Driver/Src/stm32h7xx_hal_pwr.o
LOAD ./Drivers/STM32H7xx_HAL_Driver/Src/stm32h7xx_hal_pwr_ex.o
LOAD ./Drivers/STM32H7xx_HAL_Driver/Src/stm32h7xx_hal_rcc.o
LOAD ./Drivers/STM32H7xx_HAL_Driver/Src/stm32h7xx_hal_rcc_ex.o
LOAD ./Drivers/STM32H7xx_HAL_Driver/Src/stm32h7xx_hal_spi.o
LOAD ./Drivers/STM32H7xx_HAL_Driver/Src/stm32h7xx_hal_spi_ex.o
LOAD ./Drivers/STM32H7xx_HAL_Driver/Src/stm32h7xx_hal_tim.o
LOAD ./Drivers/STM32H7xx_HAL_Driver/Src/stm32h7xx_hal_tim_ex.o
LOAD ./Drivers/STM32H7xx_HAL_Driver/Src/stm32h7xx_hal_uart.o
LOAD ./Drivers/STM32H7xx_HAL_Driver/Src/stm32h7xx_hal_uart_ex.o
START GROUP
LOAD C:/ST/STM32CubeIDE_2.0.0/STM32CubeIDE/plugins/com.st.stm32cube.ide.mcu.externaltools.gnu-tools-for-stm32.13.3.rel1.win32_1.0.100.202509120712/tools/bin/../lib/gcc/arm-none-eabi/13.3.1/../../../../arm-none-eabi/lib/thumb/v7e-m+dp/hard\libc_nano.a
LOAD C:/ST/STM32CubeIDE_2.0.0/STM32CubeIDE/plugins/com.st.stm32cube.ide.mcu.externaltools.gnu-tools-for-stm32.13.3.rel1.win32_1.0.100.202509120712/tools/bin/../lib/gcc/arm-none-eabi/13.3.1/../../../../arm-none-eabi/lib/thumb/v7e-m+dp/hard\libm.a
END GROUP
START GROUP
LOAD C:/ST/STM32CubeIDE_2.0.0/STM32CubeIDE/plugins/com.st.stm32cube.ide.mcu.externaltools.gnu-tools-for-stm32.13.3.rel1.win32_1.0.100.202509120712/tools/bin/../lib/gcc/arm-none-eabi/13.3.1/thumb/v7e-m+dp/hard\libgcc.a
LOAD C:/ST/STM32CubeIDE_2.0.0/STM32CubeIDE/plugins/com.st.stm32cube.ide.mcu.externaltools.gnu-tools-for-stm32.13.3.rel1.win32_1.0.100.202509120712/tools/bin/../lib/gcc/arm-none-eabi/13.3.1/../../../../arm-none-eabi/lib/thumb/v7e-m+dp/hard\libc_nano.a
END GROUP
START GROUP
LOAD C:/ST/STM32CubeIDE_2.0.0/STM32CubeIDE/plugins/com.st.stm32cube.ide.mcu.externaltools.gnu-tools-for-stm32.13.3.rel1.win32_1.0.100.202509120712/tools/bin/../lib/gcc/arm-none-eabi/13.3.1/thumb/v7e-m+dp/hard\libgcc.a
LOAD C:/ST/STM32CubeIDE_2.0.0/STM32CubeIDE/plugins/com.st.stm32cube.ide.mcu.externaltools.gnu-tools-for-stm32.13.3.rel1.win32_1.0.100.202509120712/tools/bin/../lib/gcc/arm-none-eabi/13.3.1/../../../../arm-none-eabi/lib/thumb/v7e-m+dp/hard\libc_nano.a
LOAD C:/ST/STM32CubeIDE_2.0.0/STM32CubeIDE/plugins/com.st.stm32cube.ide.mcu.externaltools.gnu-tools-for-stm32.13.3.rel1.win32_1.0.100.202509120712/tools/bin/../lib/gcc/arm-none-eabi/13.3.1/../../../../arm-none-eabi/lib/thumb/v7e-m+dp/hard\libnosys.a
END GROUP
START GROUP
LOAD C:/ST/STM32CubeIDE_2.0.0/STM32CubeIDE/plugins/com.st.stm32cube.ide.mcu.externaltools.gnu-tools-for-stm32.13.3.rel1.win32_1.0.100.202509120712/tools/bin/../lib/gcc/arm-none-eabi/13.3.1/thumb/v7e-m+dp/hard\libgcc.a
LOAD C:/ST/STM32CubeIDE_2.0.0/STM32CubeIDE/plugins/com.st.stm32cube.ide.mcu.externaltools.gnu-tools-for-stm32.13.3.rel1.win32_1.0.100.202509120712/tools/bin/../lib/gcc/arm-none-eabi/13.3.1/../../../../arm-none-eabi/lib/thumb/v7e-m+dp/hard\libc_nano.a
LOAD C:/ST/STM32CubeIDE_2.0.0/STM32CubeIDE/plugins/com.st.stm32cube.ide.mcu.externaltools.gnu-tools-for-stm32.13.3.rel1.win32_1.0.100.202509120712/tools/bin/../lib/gcc/arm-none-eabi/13.3.1/../../../../arm-none-eabi/lib/thumb/v7e-m+dp/hard\libnosys.a
END GROUP
LOAD C:/ST/STM32CubeIDE_2.0.0/STM32CubeIDE/plugins/com.st.stm32cube.ide.mcu.externaltools.gnu-tools-for-stm32.13.3.rel1.win32_1.0.100.202509120712/tools/bin/../lib/gcc/arm-none-eabi/13.3.1/thumb/v7e-m+dp/hard/crtend.o
LOAD C:/ST/STM32CubeIDE_2.0.0/STM32CubeIDE/plugins/com.st.stm32cube.ide.mcu.externaltools.gnu-tools-for-stm32.13.3.rel1.win32_1.0.100.202509120712/tools/bin/../lib/gcc/arm-none-eabi/13.3.1/thumb/v7e-m+dp/hard/crtn.o
                0x24080000                        _estack = (ORIGIN (RAM_D1) + LENGTH (RAM_D1))
                0x00000200                        _Min_Heap_Size = 0x200
                0x00000400                        _Min_Stack_Size = 0x400

.isr_vector     0x08000000      0x298
                0x08000000                        . = ALIGN (0x4)
 *(.isr_vector)
 .isr_vector    0x08000000      0x298 ./Core/Startup/startup_stm32h750vbtx.o
                0x08000000                g_pfnVectors
                0x08000298                        . = ALIGN (0x4)

.text           0x080002a0    0x172f8
                0x080002a0                        . = ALIGN (0x4)
 *(.text)
 .text          0x080002a0       0x40 C:/ST/STM32CubeIDE_2.0.0/STM32CubeIDE/plugins/com.st.stm32cube.ide.mcu.externaltools.gnu-tools-for-stm32.13.3.rel1.win32_1.0.100.202509120712/tools/bin/../lib/gcc/arm-none-eabi/13.3.1/thumb/v7e-m+dp/hard/crtbegin.o
 .text          0x080002e0       0x14 C:/ST/STM32CubeIDE_2.0.0/STM32CubeIDE/plugins/com.st.stm32cube.ide.mcu.externaltools.gnu-tools-for-stm32.13.3.rel1.win32_1.0.100.202509120712/tools/bin/../lib/gcc/arm-none-eabi/13.3.1/../../../../arm-none-eabi/lib/thumb/v7e-m+dp/hard\libc_nano.a(libc_a-strcmp.o)
                0x080002e0                strcmp
 *fill*         0x080002f4        0xc 
 .text          0x08000300       0xa0 C:/ST/STM32CubeIDE_2.0.0/STM32CubeIDE/plugins/com.st.stm32cube.ide.mcu.externaltools.gnu-tools-for-stm32.13.3.rel1.win32_1.0.100.202509120712/tools/bin/../lib/gcc/arm-none-eabi/13.3.1/../../../../arm-none-eabi/lib/thumb/v7e-m+dp/hard\libc_nano.a(libc_a-memchr.o)
                0x08000300                memchr
 .text          0x080003a0       0x10 C:/ST/STM32CubeIDE_2.0.0/STM32CubeIDE/plugins/com.st.stm32cube.ide.mcu.externaltools.gnu-tools-for-stm32.13.3.rel1.win32_1.0.100.202509120712/tools/bin/../lib/gcc/arm-none-eabi/13.3.1/../../../../arm-none-eabi/lib/thumb/v7e-m+dp/hard\libc_nano.a(libc_a-strlen.o)
                0x080003a0                strlen
 .text          0x080003b0      0x378 C:/ST/STM32CubeIDE_2.0.0/STM32CubeIDE/plugins/com.st.stm32cube.ide.mcu.externaltools.gnu-tools-for-stm32.13.3.rel1.win32_1.0.100.202509120712/tools/bin/../lib/gcc/arm-none-eabi/13.3.1/thumb/v7e-m+dp/hard\libgcc.a(_arm_addsubdf3.o)
                0x080003b0                __aeabi_drsub
                0x080003b8                __aeabi_dsub
                0x080003b8                __subdf3
                0x080003bc                __aeabi_dadd
                0x080003bc                __adddf3
                0x08000634                __floatunsidf
                0x08000634                __aeabi_ui2d
                0x08000654                __floatsidf
                0x08000654                __aeabi_i2d
                0x08000678                __aeabi_f2d
                0x08000678                __extendsfdf2
                0x080006bc                __floatundidf
                0x080006bc                __aeabi_ul2d
                0x080006cc                __floatdidf
                0x080006cc                __aeabi_l2d
 .text          0x08000728       0x30 C:/ST/STM32CubeIDE_2.0.0/STM32CubeIDE/plugins/com.st.stm32cube.ide.mcu.externaltools.gnu-tools-for-stm32.13.3.rel1.win32_1.0.100.202509120712/tools/bin/../lib/gcc/arm-none-eabi/13.3.1/thumb/v7e-m+dp/hard\libgcc.a(_aeabi_uldivmod.o)
                0x08000728                __aeabi_uldivmod
 .text          0x08000758       0x30 C:/ST/STM32CubeIDE_2.0.0/STM32CubeIDE/plugins/com.st.stm32cube.ide.mcu.externaltools.gnu-tools-for-stm32.13.3.rel1.win32_1.0.100.202509120712/tools/bin/../lib/gcc/arm-none-eabi/13.3.1/thumb/v7e-m+dp/hard\libgcc.a(_fixdfdi.o)
                0x08000758                __fixdfdi
                0x08000758                __aeabi_d2lz
 .text          0x08000788       0x40 C:/ST/STM32CubeIDE_2.0.0/STM32CubeIDE/plugins/com.st.stm32cube.ide.mcu.externaltools.gnu-tools-for-stm32.13.3.rel1.win32_1.0.100.202509120712/tools/bin/../lib/gcc/arm-none-eabi/13.3.1/thumb/v7e-m+dp/hard\libgcc.a(_fixunsdfdi.o)
                0x08000788                __fixunsdfdi
                0x08000788                __aeabi_d2ulz
 .text          0x080007c8      0x2f8 C:/ST/STM32CubeIDE_2.0.0/STM32CubeIDE/plugins/com.st.stm32cube.ide.mcu.externaltools.gnu-tools-for-stm32.13.3.rel1.win32_1.0.100.202509120712/tools/bin/../lib/gcc/arm-none-eabi/13.3.1/thumb/v7e-m+dp/hard\libgcc.a(_udivmoddi4.o)
                0x080007c8                __udivmoddi4
 .text          0x08000ac0        0x4 C:/ST/STM32CubeIDE_2.0.0/STM32CubeIDE/plugins/com.st.stm32cube.ide.mcu.externaltools.gnu-tools-for-stm32.13.3.rel1.win32_1.0.100.202509120712/tools/bin/../lib/gcc/arm-none-eabi/13.3.1/thumb/v7e-m+dp/hard\libgcc.a(_dvmd_tls.o)
                0x08000ac0                __aeabi_idiv0
                0x08000ac0                __aeabi_ldiv0
 *(.text*)
 .text.Coils_Init
                0x08000ac4      0x280 ./Core/Src/coil_driver.o
                0x08000ac4                Coils_Init
 .text.Set_Coil_Power
                0x08000d44      0x170 ./Core/Src/coil_driver.o
                0x08000d44                Set_Coil_Power
 .text.Set_All_Coils_Power
                0x08000eb4       0x34 ./Core/Src/coil_driver.o
                0x08000eb4                Set_All_Coils_Power
 .text.Stop_All_Coils
                0x08000ee8       0x14 ./Core/Src/coil_driver.o
                0x08000ee8                Stop_All_Coils
 .text.Start_Coil_Test
                0x08000efc       0x58 ./Core/Src/coil_driver.o
                0x08000efc                Start_Coil_Test
 .text.Stop_Coil_Test
                0x08000f54       0x18 ./Core/Src/coil_driver.o
                0x08000f54                Stop_Coil_Test
 .text.Process_Coil_Test
                0x08000f6c       0xf4 ./Core/Src/coil_driver.o
                0x08000f6c                Process_Coil_Test
 .text.Is_Coil_Test_Running
                0x08001060       0x18 ./Core/Src/coil_driver.o
                0x08001060                Is_Coil_Test_Running
 .text.Check_Coils_Safety
                0x08001078      0x174 ./Core/Src/coil_driver.o
                0x08001078                Check_Coils_Safety
 .text.Reset_Coil_Fault
                0x080011ec       0x4c ./Core/Src/coil_driver.o
                0x080011ec                Reset_Coil_Fault
 .text.Get_Coils_Status_String
                0x08001238       0x84 ./Core/Src/coil_driver.o
                0x08001238                Get_Coils_Status_String
 .text.Debug_Init
                0x080012bc       0x20 ./Core/Src/debug_console.o
                0x080012bc                Debug_Init
 .text.Debug_Print
                0x080012dc       0xb0 ./Core/Src/debug_console.o
                0x080012dc                Debug_Print
 .text.Export_Coil_Data_CSV
                0x0800138c       0x14 ./Core/Src/debug_console.o
                0x0800138c                Export_Coil_Data_CSV
 .text.Export_Sensor_Data_CSV
                0x080013a0       0x14 ./Core/Src/debug_console.o
                0x080013a0                Export_Sensor_Data_CSV
 .text.Export_System_Log
                0x080013b4       0x14 ./Core/Src/debug_console.o
                0x080013b4                Export_System_Log
 .text.MX_DMA_Init
                0x080013c8       0x50 ./Core/Src/dma.o
                0x080013c8                MX_DMA_Init
 .text.MX_GPIO_Init
                0x08001418      0x144 ./Core/Src/gpio.o
                0x08001418                MX_GPIO_Init
 .text.Calculate_Ball_Position
                0x0800155c      0x240 ./Core/Src/levitation_control.o
                0x0800155c                Calculate_Ball_Position
 .text.Update_PID_Controller
                0x0800179c      0x2e4 ./Core/Src/levitation_control.o
                0x0800179c                Update_PID_Controller
 .text.Calculate_Coil_Forces
                0x08001a80      0x254 ./Core/Src/levitation_control.o
                0x08001a80                Calculate_Coil_Forces
 .text.Apply_Levitation_Control
                0x08001cd4      0x100 ./Core/Src/levitation_control.o
                0x08001cd4                Apply_Levitation_Control
 .text.Start_Levitation
                0x08001dd4       0xc8 ./Core/Src/levitation_control.o
                0x08001dd4                Start_Levitation
 .text.Stop_Levitation
                0x08001e9c       0x2c ./Core/Src/levitation_control.o
                0x08001e9c                Stop_Levitation
 .text.Set_Levitation_Target
                0x08001ec8       0x60 ./Core/Src/levitation_control.o
                0x08001ec8                Set_Levitation_Target
 .text.Get_Levitation_Status
                0x08001f28       0xd8 ./Core/Src/levitation_control.o
                0x08001f28                Get_Levitation_Status
 .text.System_Init
                0x08002000      0x11c ./Core/Src/main.o
                0x08002000                System_Init
 .text.Update_System_Status
                0x0800211c       0x14 ./Core/Src/main.o
                0x0800211c                Update_System_Status
 .text.Handle_Emergency_Stop
                0x08002130       0x2c ./Core/Src/main.o
                0x08002130                Handle_Emergency_Stop
 .text.Quick_Read_Sensor
                0x0800215c      0x314 ./Core/Src/main.o
                0x0800215c                Quick_Read_Sensor
 .text.Run_SPI_Test_Suite
                0x08002470       0x44 ./Core/Src/main.o
                0x08002470                Run_SPI_Test_Suite
 .text.Calculate_CPU_Usage
                0x080024b4       0xb0 ./Core/Src/main.o
                0x080024b4                Calculate_CPU_Usage
 .text.Update_Uptime
                0x08002564       0x18 ./Core/Src/main.o
                0x08002564                Update_Uptime
 .text.Save_System_Config
                0x0800257c       0x14 ./Core/Src/main.o
                0x0800257c                Save_System_Config
 .text.Load_System_Config
                0x08002590       0x18 ./Core/Src/main.o
                0x08002590                Load_System_Config
 .text.Show_Help_Menu
                0x080025a8      0x224 ./Core/Src/main.o
                0x080025a8                Show_Help_Menu
 .text.Show_System_Status
                0x080027cc       0xd4 ./Core/Src/main.o
                0x080027cc                Show_System_Status
 .text.Test_SPI_Pins
                0x080028a0      0x108 ./Core/Src/main.o
                0x080028a0                Test_SPI_Pins
 .text.Test_SPI_Communication
                0x080029a8       0xfc ./Core/Src/main.o
                0x080029a8                Test_SPI_Communication
 .text.HAL_UART_RxCpltCallback
                0x08002aa4       0xbc ./Core/Src/main.o
                0x08002aa4                HAL_UART_RxCpltCallback
 .text.Calculate_Temperature
                0x08002b60       0x44 ./Core/Src/main.o
                0x08002b60                Calculate_Temperature
 .text.Fast_Read_Sensor
                0x08002ba4      0x1c4 ./Core/Src/main.o
                0x08002ba4                Fast_Read_Sensor
 .text.Stream_Sensor_Data
                0x08002d68       0xa4 ./Core/Src/main.o
                0x08002d68                Stream_Sensor_Data
 .text.Test_All_Hardware
                0x08002e0c      0x154 ./Core/Src/main.o
                0x08002e0c                Test_All_Hardware
 .text.Calibrate_Sensors_Offset
                0x08002f60      0x18c ./Core/Src/main.o
                0x08002f60                Calibrate_Sensors_Offset
 .text.main     0x080030ec      0x11c ./Core/Src/main.o
                0x080030ec                main
 .text.SystemClock_Config
                0x08003208       0xf4 ./Core/Src/main.o
                0x08003208                SystemClock_Config
 .text.Error_Handler
                0x080032fc       0x2c ./Core/Src/main.o
                0x080032fc                Error_Handler
 .text.Process_Console_Commands
                0x08003328     0x2f4c ./Core/Src/main.o
                0x08003328                Process_Console_Commands
 .text.MPU_Config
                0x08006274       0x58 ./Core/Src/main.o
                0x08006274                MPU_Config
 .text.mlx90393_log_status
                0x080062cc       0x80 ./Core/Src/sensor_mlx90393.o
 .text.mlx90393_reset
                0x0800634c       0x94 ./Core/Src/sensor_mlx90393.o
 .text.mlx90393_exit
                0x080063e0       0x94 ./Core/Src/sensor_mlx90393.o
 .text.mlx90393_read_reg
                0x08006474       0xd0 ./Core/Src/sensor_mlx90393.o
 .text.mlx90393_start_sm_xyzT
                0x08006544       0xa8 ./Core/Src/sensor_mlx90393.o
 .text.mlx90393_read_rm_xyzT
                0x080065ec      0x130 ./Core/Src/sensor_mlx90393.o
 .text.ConfigureSensor
                0x0800671c      0x2c0 ./Core/Src/sensor_mlx90393.o
                0x0800671c                ConfigureSensor
 .text.Sensors_Init
                0x080069dc      0x228 ./Core/Src/sensor_mlx90393.o
                0x080069dc                Sensors_Init
 .text.Test_Sensor_Connection_Simple
                0x08006c04       0xc4 ./Core/Src/sensor_mlx90393.o
                0x08006c04                Test_Sensor_Connection_Simple
 .text.Read_Sensor
                0x08006cc8      0x278 ./Core/Src/sensor_mlx90393.o
                0x08006cc8                Read_Sensor
 .text.Calibrate_Sensors_Start
                0x08006f40       0xcc ./Core/Src/sensor_mlx90393.o
                0x08006f40                Calibrate_Sensors_Start
 .text.Is_Calibration_Running
                0x0800700c       0x18 ./Core/Src/sensor_mlx90393.o
                0x0800700c                Is_Calibration_Running
 .text.Load_Calibration_From_Flash
                0x08007024       0x14 ./Core/Src/sensor_mlx90393.o
                0x08007024                Load_Calibration_From_Flash
 .text.Calculate_Magnetic_Field_Strength
                0x08007038       0x8c ./Core/Src/sensor_mlx90393.o
                0x08007038                Calculate_Magnetic_Field_Strength
 .text.Test_Sensor_Connection
                0x080070c4       0x40 ./Core/Src/sensor_mlx90393.o
                0x080070c4                Test_Sensor_Connection
 .text.Get_Sensor_Stats_String
                0x08007104       0x5c ./Core/Src/sensor_mlx90393.o
                0x08007104                Get_Sensor_Stats_String
 .text.Test_SPI_Bus
                0x08007160       0xd4 ./Core/Src/sensor_mlx90393.o
                0x08007160                Test_SPI_Bus
 .text.Measure_SPI_Timing
                0x08007234       0x14 ./Core/Src/sensor_mlx90393.o
                0x08007234                Measure_SPI_Timing
 .text.Verify_SPI_Communication
                0x08007248       0x34 ./Core/Src/sensor_mlx90393.o
                0x08007248                Verify_SPI_Communication
 .text.MLX90393_Read_Register
                0x0800727c       0x40 ./Core/Src/sensor_mlx90393.o
                0x0800727c                MLX90393_Read_Register
 .text.MLX90393_Reset_Sensor
                0x080072bc       0x90 ./Core/Src/sensor_mlx90393.o
                0x080072bc                MLX90393_Reset_Sensor
 .text.MLX90393_Get_Raw_Data
                0x0800734c       0x80 ./Core/Src/sensor_mlx90393.o
                0x0800734c                MLX90393_Get_Raw_Data
 .text.MX_SPI1_Init
                0x080073cc       0xa4 ./Core/Src/spi.o
                0x080073cc                MX_SPI1_Init
 .text.HAL_SPI_MspInit
                0x08007470      0x244 ./Core/Src/spi.o
                0x08007470                HAL_SPI_MspInit
 .text.HAL_MspInit
                0x080076b4       0x34 ./Core/Src/stm32h7xx_hal_msp.o
                0x080076b4                HAL_MspInit
 .text.NMI_Handler
                0x080076e8        0x8 ./Core/Src/stm32h7xx_it.o
                0x080076e8                NMI_Handler
 .text.HardFault_Handler
                0x080076f0        0x8 ./Core/Src/stm32h7xx_it.o
                0x080076f0                HardFault_Handler
 .text.MemManage_Handler
                0x080076f8        0x8 ./Core/Src/stm32h7xx_it.o
                0x080076f8                MemManage_Handler
 .text.BusFault_Handler
                0x08007700        0x8 ./Core/Src/stm32h7xx_it.o
                0x08007700                BusFault_Handler
 .text.UsageFault_Handler
                0x08007708        0x8 ./Core/Src/stm32h7xx_it.o
                0x08007708                UsageFault_Handler
 .text.SVC_Handler
                0x08007710        0xe ./Core/Src/stm32h7xx_it.o
                0x08007710                SVC_Handler
 .text.DebugMon_Handler
                0x0800771e        0xe ./Core/Src/stm32h7xx_it.o
                0x0800771e                DebugMon_Handler
 .text.PendSV_Handler
                0x0800772c        0xe ./Core/Src/stm32h7xx_it.o
                0x0800772c                PendSV_Handler
 .text.SysTick_Handler
                0x0800773a        0xc ./Core/Src/stm32h7xx_it.o
                0x0800773a                SysTick_Handler
 *fill*         0x08007746        0x2 
 .text.DMA1_Stream0_IRQHandler
                0x08007748       0x14 ./Core/Src/stm32h7xx_it.o
                0x08007748                DMA1_Stream0_IRQHandler
 .text.DMA1_Stream1_IRQHandler
                0x0800775c       0x14 ./Core/Src/stm32h7xx_it.o
                0x0800775c                DMA1_Stream1_IRQHandler
 .text.SPI1_IRQHandler
                0x08007770       0x14 ./Core/Src/stm32h7xx_it.o
                0x08007770                SPI1_IRQHandler
 .text.USART2_IRQHandler
                0x08007784       0x14 ./Core/Src/stm32h7xx_it.o
                0x08007784                USART2_IRQHandler
 .text._getpid  0x08007798       0x10 ./Core/Src/syscalls.o
                0x08007798                _getpid
 .text._kill    0x080077a8       0x20 ./Core/Src/syscalls.o
                0x080077a8                _kill
 .text._exit    0x080077c8       0x16 ./Core/Src/syscalls.o
                0x080077c8                _exit
 .text._read    0x080077de       0x3a ./Core/Src/syscalls.o
                0x080077de                _read
 .text._write   0x08007818       0x38 ./Core/Src/syscalls.o
                0x08007818                _write
 .text._close   0x08007850       0x18 ./Core/Src/syscalls.o
                0x08007850                _close
 .text._fstat   0x08007868       0x20 ./Core/Src/syscalls.o
                0x08007868                _fstat
 .text._isatty  0x08007888       0x16 ./Core/Src/syscalls.o
                0x08007888                _isatty
 .text._lseek   0x0800789e       0x1a ./Core/Src/syscalls.o
                0x0800789e                _lseek
 .text._sbrk    0x080078b8       0x6c ./Core/Src/sysmem.o
                0x080078b8                _sbrk
 .text.SystemInit
                0x08007924      0x140 ./Core/Src/system_stm32h7xx.o
                0x08007924                SystemInit
 .text.ExitRun0Mode
                0x08007a64       0x30 ./Core/Src/system_stm32h7xx.o
                0x08007a64                ExitRun0Mode
 .text.MX_TIM1_Init
                0x08007a94      0x168 ./Core/Src/tim.o
                0x08007a94                MX_TIM1_Init
 .text.MX_TIM2_Init
                0x08007bfc       0xf8 ./Core/Src/tim.o
                0x08007bfc                MX_TIM2_Init
 .text.MX_TIM3_Init
                0x08007cf4       0xf8 ./Core/Src/tim.o
                0x08007cf4                MX_TIM3_Init
 .text.HAL_TIM_PWM_MspInit
                0x08007dec       0x9c ./Core/Src/tim.o
                0x08007dec                HAL_TIM_PWM_MspInit
 .text.HAL_TIM_MspPostInit
                0x08007e88      0x154 ./Core/Src/tim.o
                0x08007e88                HAL_TIM_MspPostInit
 .text.MX_USART2_UART_Init
                0x08007fdc       0x98 ./Core/Src/usart.o
                0x08007fdc                MX_USART2_UART_Init
 .text.MX_USART3_UART_Init
                0x08008074       0x98 ./Core/Src/usart.o
                0x08008074                MX_USART3_UART_Init
 .text.HAL_UART_MspInit
                0x0800810c      0x184 ./Core/Src/usart.o
                0x0800810c                HAL_UART_MspInit
 .text.Reset_Handler
                0x08008290       0x54 ./Core/Startup/startup_stm32h750vbtx.o
                0x08008290                Reset_Handler
 .text.Default_Handler
                0x080082e4        0x2 ./Core/Startup/startup_stm32h750vbtx.o
                0x080082e4                RTC_Alarm_IRQHandler
                0x080082e4                HASH_RNG_IRQHandler
                0x080082e4                EXTI2_IRQHandler
                0x080082e4                TIM8_CC_IRQHandler
                0x080082e4                HRTIM1_Master_IRQHandler
                0x080082e4                UART8_IRQHandler
                0x080082e4                SPI4_IRQHandler
                0x080082e4                TIM1_CC_IRQHandler
                0x080082e4                BDMA_Channel6_IRQHandler
                0x080082e4                DMA2_Stream5_IRQHandler
                0x080082e4                HRTIM1_FLT_IRQHandler
                0x080082e4                JPEG_IRQHandler
                0x080082e4                DMA1_Stream5_IRQHandler
                0x080082e4                BDMA_Channel1_IRQHandler
                0x080082e4                HRTIM1_TIMD_IRQHandler
                0x080082e4                TAMP_STAMP_IRQHandler
                0x080082e4                EXTI3_IRQHandler
                0x080082e4                LPTIM4_IRQHandler
                0x080082e4                TIM8_TRG_COM_TIM14_IRQHandler
                0x080082e4                LPTIM2_IRQHandler
                0x080082e4                DFSDM1_FLT1_IRQHandler
                0x080082e4                DMAMUX2_OVR_IRQHandler
                0x080082e4                TIM8_UP_TIM13_IRQHandler
                0x080082e4                I2C3_ER_IRQHandler
                0x080082e4                DFSDM1_FLT2_IRQHandler
                0x080082e4                MDMA_IRQHandler
                0x080082e4                LPTIM3_IRQHandler
                0x080082e4                HSEM1_IRQHandler
                0x080082e4                EXTI0_IRQHandler
                0x080082e4                I2C2_EV_IRQHandler
                0x080082e4                DMA1_Stream2_IRQHandler
                0x080082e4                FPU_IRQHandler
                0x080082e4                OTG_HS_WKUP_IRQHandler
                0x080082e4                FDCAN1_IT1_IRQHandler
                0x080082e4                LTDC_ER_IRQHandler
                0x080082e4                DMA2_Stream2_IRQHandler
                0x080082e4                HRTIM1_TIME_IRQHandler
                0x080082e4                TIM6_DAC_IRQHandler
                0x080082e4                DCMI_IRQHandler
                0x080082e4                HRTIM1_TIMC_IRQHandler
                0x080082e4                DMA2_Stream3_IRQHandler
                0x080082e4                SAI2_IRQHandler
                0x080082e4                DFSDM1_FLT3_IRQHandler
                0x080082e4                USART6_IRQHandler
                0x080082e4                TIM17_IRQHandler
                0x080082e4                USART3_IRQHandler
                0x080082e4                BDMA_Channel7_IRQHandler
                0x080082e4                CRYP_IRQHandler
                0x080082e4                LPTIM5_IRQHandler
                0x080082e4                UART5_IRQHandler
                0x080082e4                ADC3_IRQHandler
                0x080082e4                DMA2_Stream0_IRQHandler
                0x080082e4                TIM4_IRQHandler
                0x080082e4                BDMA_Channel2_IRQHandler
                0x080082e4                QUADSPI_IRQHandler
                0x080082e4                I2C1_EV_IRQHandler
                0x080082e4                DMA1_Stream6_IRQHandler
                0x080082e4                DMAMUX1_OVR_IRQHandler
                0x080082e4                TIM16_IRQHandler
                0x080082e4                UART4_IRQHandler
                0x080082e4                BDMA_Channel5_IRQHandler
                0x080082e4                TIM3_IRQHandler
                0x080082e4                RCC_IRQHandler
                0x080082e4                TIM8_BRK_TIM12_IRQHandler
                0x080082e4                TIM1_TRG_COM_IRQHandler
                0x080082e4                Default_Handler
                0x080082e4                ECC_IRQHandler
                0x080082e4                CEC_IRQHandler
                0x080082e4                EXTI15_10_IRQHandler
                0x080082e4                BDMA_Channel0_IRQHandler
                0x080082e4                ADC_IRQHandler
                0x080082e4                DMA1_Stream7_IRQHandler
                0x080082e4                HRTIM1_TIMA_IRQHandler
                0x080082e4                SPI5_IRQHandler
                0x080082e4                TIM7_IRQHandler
                0x080082e4                SDMMC1_IRQHandler
                0x080082e4                TIM5_IRQHandler
                0x080082e4                DMA2_Stream7_IRQHandler
                0x080082e4                TIM15_IRQHandler
                0x080082e4                PVD_AVD_IRQHandler
                0x080082e4                I2C3_EV_IRQHandler
                0x080082e4                EXTI9_5_IRQHandler
                0x080082e4                RTC_WKUP_IRQHandler
                0x080082e4                LTDC_IRQHandler
                0x080082e4                SAI3_IRQHandler
                0x080082e4                ETH_WKUP_IRQHandler
                0x080082e4                SPDIF_RX_IRQHandler
                0x080082e4                SPI2_IRQHandler
                0x080082e4                OTG_HS_EP1_IN_IRQHandler
                0x080082e4                CRS_IRQHandler
                0x080082e4                EXTI4_IRQHandler
                0x080082e4                HRTIM1_TIMB_IRQHandler
                0x080082e4                FDCAN2_IT1_IRQHandler
                0x080082e4                ETH_IRQHandler
                0x080082e4                TIM1_UP_IRQHandler
                0x080082e4                BDMA_Channel4_IRQHandler
                0x080082e4                OTG_HS_EP1_OUT_IRQHandler
                0x080082e4                WWDG_IRQHandler
                0x080082e4                SPI6_IRQHandler
                0x080082e4                MDIOS_IRQHandler
                0x080082e4                I2C4_EV_IRQHandler
                0x080082e4                FDCAN2_IT0_IRQHandler
                0x080082e4                LPUART1_IRQHandler
                0x080082e4                FDCAN1_IT0_IRQHandler
                0x080082e4                TIM2_IRQHandler
                0x080082e4                OTG_FS_WKUP_IRQHandler
                0x080082e4                OTG_HS_IRQHandler
                0x080082e4                DMA2D_IRQHandler
                0x080082e4                TIM1_BRK_IRQHandler
                0x080082e4                EXTI1_IRQHandler
                0x080082e4                SDMMC2_IRQHandler
                0x080082e4                OTG_FS_EP1_OUT_IRQHandler
                0x080082e4                BDMA_Channel3_IRQHandler
                0x080082e4                UART7_IRQHandler
                0x080082e4                MDIOS_WKUP_IRQHandler
                0x080082e4                DFSDM1_FLT0_IRQHandler
                0x080082e4                SAI4_IRQHandler
                0x080082e4                I2C2_ER_IRQHandler
                0x080082e4                DMA2_Stream1_IRQHandler
                0x080082e4                FLASH_IRQHandler
                0x080082e4                DMA2_Stream4_IRQHandler
                0x080082e4                USART1_IRQHandler
                0x080082e4                OTG_FS_IRQHandler
                0x080082e4                SPI3_IRQHandler
                0x080082e4                WAKEUP_PIN_IRQHandler
                0x080082e4                DMA1_Stream4_IRQHandler
                0x080082e4                OTG_FS_EP1_IN_IRQHandler
                0x080082e4                I2C1_ER_IRQHandler
                0x080082e4                FMC_IRQHandler
                0x080082e4                FDCAN_CAL_IRQHandler
                0x080082e4                SWPMI1_IRQHandler
                0x080082e4                COMP1_IRQHandler
                0x080082e4                LPTIM1_IRQHandler
                0x080082e4                I2C4_ER_IRQHandler
                0x080082e4                DMA2_Stream6_IRQHandler
                0x080082e4                SAI1_IRQHandler
                0x080082e4                DMA1_Stream3_IRQHandler
 *fill*         0x080082e6        0x2 
 .text.HAL_Init
                0x080082e8       0x78 ./Drivers/STM32H7xx_HAL_Driver/Src/stm32h7xx_hal.o
                0x080082e8                HAL_Init
 .text.HAL_InitTick
                0x08008360       0x6c ./Drivers/STM32H7xx_HAL_Driver/Src/stm32h7xx_hal.o
                0x08008360                HAL_InitTick
 .text.HAL_IncTick
                0x080083cc       0x28 ./Drivers/STM32H7xx_HAL_Driver/Src/stm32h7xx_hal.o
                0x080083cc                HAL_IncTick
 .text.HAL_GetTick
                0x080083f4       0x18 ./Drivers/STM32H7xx_HAL_Driver/Src/stm32h7xx_hal.o
                0x080083f4                HAL_GetTick
 .text.HAL_Delay
                0x0800840c       0x48 ./Drivers/STM32H7xx_HAL_Driver/Src/stm32h7xx_hal.o
                0x0800840c                HAL_Delay
 .text.HAL_GetREVID
                0x08008454       0x18 ./Drivers/STM32H7xx_HAL_Driver/Src/stm32h7xx_hal.o
                0x08008454                HAL_GetREVID
 .text.HAL_SYSCFG_AnalogSwitchConfig
                0x0800846c       0x2c ./Drivers/STM32H7xx_HAL_Driver/Src/stm32h7xx_hal.o
                0x0800846c                HAL_SYSCFG_AnalogSwitchConfig
 .text.__NVIC_SetPriorityGrouping
                0x08008498       0x48 ./Drivers/STM32H7xx_HAL_Driver/Src/stm32h7xx_hal_cortex.o
 .text.__NVIC_GetPriorityGrouping
                0x080084e0       0x1c ./Drivers/STM32H7xx_HAL_Driver/Src/stm32h7xx_hal_cortex.o
 .text.__NVIC_EnableIRQ
                0x080084fc       0x3c ./Drivers/STM32H7xx_HAL_Driver/Src/stm32h7xx_hal_cortex.o
 .text.__NVIC_SetPriority
                0x08008538       0x54 ./Drivers/STM32H7xx_HAL_Driver/Src/stm32h7xx_hal_cortex.o
 .text.NVIC_EncodePriority
                0x0800858c       0x66 ./Drivers/STM32H7xx_HAL_Driver/Src/stm32h7xx_hal_cortex.o
 *fill*         0x080085f2        0x2 
 .text.SysTick_Config
                0x080085f4       0x44 ./Drivers/STM32H7xx_HAL_Driver/Src/stm32h7xx_hal_cortex.o
 .text.HAL_NVIC_SetPriorityGrouping
                0x08008638       0x16 ./Drivers/STM32H7xx_HAL_Driver/Src/stm32h7xx_hal_cortex.o
                0x08008638                HAL_NVIC_SetPriorityGrouping
 .text.HAL_NVIC_SetPriority
                0x0800864e       0x34 ./Drivers/STM32H7xx_HAL_Driver/Src/stm32h7xx_hal_cortex.o
                0x0800864e                HAL_NVIC_SetPriority
 .text.HAL_NVIC_EnableIRQ
                0x08008682       0x1c ./Drivers/STM32H7xx_HAL_Driver/Src/stm32h7xx_hal_cortex.o
                0x08008682                HAL_NVIC_EnableIRQ
 .text.HAL_SYSTICK_Config
                0x0800869e       0x18 ./Drivers/STM32H7xx_HAL_Driver/Src/stm32h7xx_hal_cortex.o
                0x0800869e                HAL_SYSTICK_Config
 *fill*         0x080086b6        0x2 
 .text.HAL_MPU_Disable
                0x080086b8       0x30 ./Drivers/STM32H7xx_HAL_Driver/Src/stm32h7xx_hal_cortex.o
                0x080086b8                HAL_MPU_Disable
 .text.HAL_MPU_Enable
                0x080086e8       0x40 ./Drivers/STM32H7xx_HAL_Driver/Src/stm32h7xx_hal_cortex.o
                0x080086e8                HAL_MPU_Enable
 .text.HAL_MPU_ConfigRegion
                0x08008728       0x80 ./Drivers/STM32H7xx_HAL_Driver/Src/stm32h7xx_hal_cortex.o
                0x08008728                HAL_MPU_ConfigRegion
 .text.HAL_DMA_Init
                0x080087a8      0x6b8 ./Drivers/STM32H7xx_HAL_Driver/Src/stm32h7xx_hal_dma.o
                0x080087a8                HAL_DMA_Init
 .text.HAL_DMA_Abort
                0x08008e60      0x63c ./Drivers/STM32H7xx_HAL_Driver/Src/stm32h7xx_hal_dma.o
                0x08008e60                HAL_DMA_Abort
 .text.HAL_DMA_Abort_IT
                0x0800949c      0x48c ./Drivers/STM32H7xx_HAL_Driver/Src/stm32h7xx_hal_dma.o
                0x0800949c                HAL_DMA_Abort_IT
 .text.HAL_DMA_IRQHandler
                0x08009928      0xe54 ./Drivers/STM32H7xx_HAL_Driver/Src/stm32h7xx_hal_dma.o
                0x08009928                HAL_DMA_IRQHandler
 .text.DMA_CalcBaseAndBitshift
                0x0800a77c      0x164 ./Drivers/STM32H7xx_HAL_Driver/Src/stm32h7xx_hal_dma.o
 .text.DMA_CheckFifoParam
                0x0800a8e0       0xf8 ./Drivers/STM32H7xx_HAL_Driver/Src/stm32h7xx_hal_dma.o
 .text.DMA_CalcDMAMUXChannelBaseAndMask
                0x0800a9d8      0x134 ./Drivers/STM32H7xx_HAL_Driver/Src/stm32h7xx_hal_dma.o
 .text.DMA_CalcDMAMUXRequestGenBaseAndMask
                0x0800ab0c       0xe8 ./Drivers/STM32H7xx_HAL_Driver/Src/stm32h7xx_hal_dma.o
 .text.HAL_GPIO_Init
                0x0800abf4      0x360 ./Drivers/STM32H7xx_HAL_Driver/Src/stm32h7xx_hal_gpio.o
                0x0800abf4                HAL_GPIO_Init
 .text.HAL_GPIO_ReadPin
                0x0800af54       0x30 ./Drivers/STM32H7xx_HAL_Driver/Src/stm32h7xx_hal_gpio.o
                0x0800af54                HAL_GPIO_ReadPin
 .text.HAL_GPIO_WritePin
                0x0800af84       0x32 ./Drivers/STM32H7xx_HAL_Driver/Src/stm32h7xx_hal_gpio.o
                0x0800af84                HAL_GPIO_WritePin
 .text.HAL_GPIO_TogglePin
                0x0800afb6       0x34 ./Drivers/STM32H7xx_HAL_Driver/Src/stm32h7xx_hal_gpio.o
                0x0800afb6                HAL_GPIO_TogglePin
 *fill*         0x0800afea        0x2 
 .text.HAL_PWREx_ConfigSupply
                0x0800afec       0x74 ./Drivers/STM32H7xx_HAL_Driver/Src/stm32h7xx_hal_pwr_ex.o
                0x0800afec                HAL_PWREx_ConfigSupply
 .text.HAL_RCC_OscConfig
                0x0800b060      0x8b4 ./Drivers/STM32H7xx_HAL_Driver/Src/stm32h7xx_hal_rcc.o
                0x0800b060                HAL_RCC_OscConfig
 .text.HAL_RCC_ClockConfig
                0x0800b914      0x36c ./Drivers/STM32H7xx_HAL_Driver/Src/stm32h7xx_hal_rcc.o
                0x0800b914                HAL_RCC_ClockConfig
 .text.HAL_RCC_GetSysClockFreq
                0x0800bc80      0x2f4 ./Drivers/STM32H7xx_HAL_Driver/Src/stm32h7xx_hal_rcc.o
                0x0800bc80                HAL_RCC_GetSysClockFreq
 .text.HAL_RCC_GetHCLKFreq
                0x0800bf74       0x60 ./Drivers/STM32H7xx_HAL_Driver/Src/stm32h7xx_hal_rcc.o
                0x0800bf74                HAL_RCC_GetHCLKFreq
 .text.HAL_RCC_GetPCLK1Freq
                0x0800bfd4       0x2c ./Drivers/STM32H7xx_HAL_Driver/Src/stm32h7xx_hal_rcc.o
                0x0800bfd4                HAL_RCC_GetPCLK1Freq
 .text.HAL_RCC_GetPCLK2Freq
                0x0800c000       0x2c ./Drivers/STM32H7xx_HAL_Driver/Src/stm32h7xx_hal_rcc.o
                0x0800c000                HAL_RCC_GetPCLK2Freq
 .text.HAL_RCCEx_PeriphCLKConfig
                0x0800c02c     0x1414 ./Drivers/STM32H7xx_HAL_Driver/Src/stm32h7xx_hal_rcc_ex.o
                0x0800c02c                HAL_RCCEx_PeriphCLKConfig
 .text.HAL_RCCEx_GetD3PCLK1Freq
                0x0800d440       0x2c ./Drivers/STM32H7xx_HAL_Driver/Src/stm32h7xx_hal_rcc_ex.o
                0x0800d440                HAL_RCCEx_GetD3PCLK1Freq
 .text.HAL_RCCEx_GetPLL2ClockFreq
                0x0800d46c      0x2a8 ./Drivers/STM32H7xx_HAL_Driver/Src/stm32h7xx_hal_rcc_ex.o
                0x0800d46c                HAL_RCCEx_GetPLL2ClockFreq
 .text.HAL_RCCEx_GetPLL3ClockFreq
                0x0800d714      0x2a8 ./Drivers/STM32H7xx_HAL_Driver/Src/stm32h7xx_hal_rcc_ex.o
                0x0800d714                HAL_RCCEx_GetPLL3ClockFreq
 .text.RCCEx_PLL2_Config
                0x0800d9bc      0x164 ./Drivers/STM32H7xx_HAL_Driver/Src/stm32h7xx_hal_rcc_ex.o
 .text.RCCEx_PLL3_Config
                0x0800db20      0x164 ./Drivers/STM32H7xx_HAL_Driver/Src/stm32h7xx_hal_rcc_ex.o
 .text.HAL_SPI_Init
                0x0800dc84      0x248 ./Drivers/STM32H7xx_HAL_Driver/Src/stm32h7xx_hal_spi.o
                0x0800dc84                HAL_SPI_Init
 .text.HAL_SPI_TransmitReceive
                0x0800decc      0x674 ./Drivers/STM32H7xx_HAL_Driver/Src/stm32h7xx_hal_spi.o
                0x0800decc                HAL_SPI_TransmitReceive
 .text.HAL_SPI_IRQHandler
                0x0800e540      0x39c ./Drivers/STM32H7xx_HAL_Driver/Src/stm32h7xx_hal_spi.o
                0x0800e540                HAL_SPI_IRQHandler
 .text.HAL_SPI_TxCpltCallback
                0x0800e8dc       0x14 ./Drivers/STM32H7xx_HAL_Driver/Src/stm32h7xx_hal_spi.o
                0x0800e8dc                HAL_SPI_TxCpltCallback
 .text.HAL_SPI_RxCpltCallback
                0x0800e8f0       0x14 ./Drivers/STM32H7xx_HAL_Driver/Src/stm32h7xx_hal_spi.o
                0x0800e8f0                HAL_SPI_RxCpltCallback
 .text.HAL_SPI_TxRxCpltCallback
                0x0800e904       0x14 ./Drivers/STM32H7xx_HAL_Driver/Src/stm32h7xx_hal_spi.o
                0x0800e904                HAL_SPI_TxRxCpltCallback
 .text.HAL_SPI_ErrorCallback
                0x0800e918       0x14 ./Drivers/STM32H7xx_HAL_Driver/Src/stm32h7xx_hal_spi.o
                0x0800e918                HAL_SPI_ErrorCallback
 .text.HAL_SPI_SuspendCallback
                0x0800e92c       0x14 ./Drivers/STM32H7xx_HAL_Driver/Src/stm32h7xx_hal_spi.o
                0x0800e92c                HAL_SPI_SuspendCallback
 .text.SPI_DMAAbortOnError
                0x0800e940       0x34 ./Drivers/STM32H7xx_HAL_Driver/Src/stm32h7xx_hal_spi.o
 .text.SPI_CloseTransfer
                0x0800e974      0x140 ./Drivers/STM32H7xx_HAL_Driver/Src/stm32h7xx_hal_spi.o
 .text.SPI_WaitOnFlagUntilTimeout
                0x0800eab4       0x5c ./Drivers/STM32H7xx_HAL_Driver/Src/stm32h7xx_hal_spi.o
 .text.SPI_GetPacketSize
                0x0800eb10       0x36 ./Drivers/STM32H7xx_HAL_Driver/Src/stm32h7xx_hal_spi.o
 .text.HAL_TIM_PWM_Init
                0x0800eb46       0xae ./Drivers/STM32H7xx_HAL_Driver/Src/stm32h7xx_hal_tim.o
                0x0800eb46                HAL_TIM_PWM_Init
 .text.HAL_TIM_PWM_Start
                0x0800ebf4      0x21c ./Drivers/STM32H7xx_HAL_Driver/Src/stm32h7xx_hal_tim.o
                0x0800ebf4                HAL_TIM_PWM_Start
 .text.HAL_TIM_PWM_ConfigChannel
                0x0800ee10      0x228 ./Drivers/STM32H7xx_HAL_Driver/Src/stm32h7xx_hal_tim.o
                0x0800ee10                HAL_TIM_PWM_ConfigChannel
 .text.TIM_Base_SetConfig
                0x0800f038      0x140 ./Drivers/STM32H7xx_HAL_Driver/Src/stm32h7xx_hal_tim.o
                0x0800f038                TIM_Base_SetConfig
 .text.TIM_OC1_SetConfig
                0x0800f178      0x120 ./Drivers/STM32H7xx_HAL_Driver/Src/stm32h7xx_hal_tim.o
 .text.TIM_OC2_SetConfig
                0x0800f298      0x114 ./Drivers/STM32H7xx_HAL_Driver/Src/stm32h7xx_hal_tim.o
                0x0800f298                TIM_OC2_SetConfig
 .text.TIM_OC3_SetConfig
                0x0800f3ac      0x110 ./Drivers/STM32H7xx_HAL_Driver/Src/stm32h7xx_hal_tim.o
 .text.TIM_OC4_SetConfig
                0x0800f4bc       0xd4 ./Drivers/STM32H7xx_HAL_Driver/Src/stm32h7xx_hal_tim.o
 .text.TIM_OC5_SetConfig
                0x0800f590       0xc8 ./Drivers/STM32H7xx_HAL_Driver/Src/stm32h7xx_hal_tim.o
 .text.TIM_OC6_SetConfig
                0x0800f658       0xcc ./Drivers/STM32H7xx_HAL_Driver/Src/stm32h7xx_hal_tim.o
 .text.TIM_CCxChannelCmd
                0x0800f724       0x4a ./Drivers/STM32H7xx_HAL_Driver/Src/stm32h7xx_hal_tim.o
                0x0800f724                TIM_CCxChannelCmd
 *fill*         0x0800f76e        0x2 
 .text.HAL_TIMEx_MasterConfigSynchronization
                0x0800f770      0x11c ./Drivers/STM32H7xx_HAL_Driver/Src/stm32h7xx_hal_tim_ex.o
                0x0800f770                HAL_TIMEx_MasterConfigSynchronization
 .text.HAL_TIMEx_ConfigBreakDeadTime
                0x0800f88c       0xfc ./Drivers/STM32H7xx_HAL_Driver/Src/stm32h7xx_hal_tim_ex.o
                0x0800f88c                HAL_TIMEx_ConfigBreakDeadTime
 .text.HAL_UART_Init
                0x0800f988       0xa0 ./Drivers/STM32H7xx_HAL_Driver/Src/stm32h7xx_hal_uart.o
                0x0800f988                HAL_UART_Init
 .text.HAL_UART_Transmit
                0x0800fa28      0x11c ./Drivers/STM32H7xx_HAL_Driver/Src/stm32h7xx_hal_uart.o
                0x0800fa28                HAL_UART_Transmit
 .text.HAL_UART_Receive_IT
                0x0800fb44       0x98 ./Drivers/STM32H7xx_HAL_Driver/Src/stm32h7xx_hal_uart.o
                0x0800fb44                HAL_UART_Receive_IT
 .text.HAL_UART_IRQHandler
                0x0800fbdc      0x7ac ./Drivers/STM32H7xx_HAL_Driver/Src/stm32h7xx_hal_uart.o
                0x0800fbdc                HAL_UART_IRQHandler
 .text.HAL_UART_TxCpltCallback
                0x08010388       0x14 ./Drivers/STM32H7xx_HAL_Driver/Src/stm32h7xx_hal_uart.o
                0x08010388                HAL_UART_TxCpltCallback
 .text.HAL_UART_ErrorCallback
                0x0801039c       0x14 ./Drivers/STM32H7xx_HAL_Driver/Src/stm32h7xx_hal_uart.o
                0x0801039c                HAL_UART_ErrorCallback
 .text.HAL_UARTEx_RxEventCallback
                0x080103b0       0x18 ./Drivers/STM32H7xx_HAL_Driver/Src/stm32h7xx_hal_uart.o
                0x080103b0                HAL_UARTEx_RxEventCallback
 .text.UART_SetConfig
                0x080103c8      0xad0 ./Drivers/STM32H7xx_HAL_Driver/Src/stm32h7xx_hal_uart.o
                0x080103c8                UART_SetConfig
 .text.UART_AdvFeatureConfig
                0x08010e98      0x144 ./Drivers/STM32H7xx_HAL_Driver/Src/stm32h7xx_hal_uart.o
                0x08010e98                UART_AdvFeatureConfig
 .text.UART_CheckIdleState
                0x08010fdc      0x154 ./Drivers/STM32H7xx_HAL_Driver/Src/stm32h7xx_hal_uart.o
                0x08010fdc                UART_CheckIdleState
 .text.UART_WaitOnFlagUntilTimeout
                0x08011130       0xda ./Drivers/STM32H7xx_HAL_Driver/Src/stm32h7xx_hal_uart.o
                0x08011130                UART_WaitOnFlagUntilTimeout
 *fill*         0x0801120a        0x2 
 .text.UART_Start_Receive_IT
                0x0801120c      0x244 ./Drivers/STM32H7xx_HAL_Driver/Src/stm32h7xx_hal_uart.o
                0x0801120c                UART_Start_Receive_IT
 .text.UART_EndRxTransfer
                0x08011450       0xcc ./Drivers/STM32H7xx_HAL_Driver/Src/stm32h7xx_hal_uart.o
 .text.UART_DMAAbortOnError
                0x0801151c       0x24 ./Drivers/STM32H7xx_HAL_Driver/Src/stm32h7xx_hal_uart.o
 .text.UART_EndTransmit_IT
                0x08011540       0x56 ./Drivers/STM32H7xx_HAL_Driver/Src/stm32h7xx_hal_uart.o
 *fill*         0x08011596        0x2 
 .text.UART_RxISR_8BIT
                0x08011598      0x1b8 ./Drivers/STM32H7xx_HAL_Driver/Src/stm32h7xx_hal_uart.o
 .text.UART_RxISR_16BIT
                0x08011750      0x1b8 ./Drivers/STM32H7xx_HAL_Driver/Src/stm32h7xx_hal_uart.o
 .text.UART_RxISR_8BIT_FIFOEN
                0x08011908      0x364 ./Drivers/STM32H7xx_HAL_Driver/Src/stm32h7xx_hal_uart.o
 .text.UART_RxISR_16BIT_FIFOEN
                0x08011c6c      0x36c ./Drivers/STM32H7xx_HAL_Driver/Src/stm32h7xx_hal_uart.o
 .text.HAL_UARTEx_WakeupCallback
                0x08011fd8       0x14 ./Drivers/STM32H7xx_HAL_Driver/Src/stm32h7xx_hal_uart_ex.o
                0x08011fd8                HAL_UARTEx_WakeupCallback
 .text.HAL_UARTEx_RxFifoFullCallback
                0x08011fec       0x14 ./Drivers/STM32H7xx_HAL_Driver/Src/stm32h7xx_hal_uart_ex.o
                0x08011fec                HAL_UARTEx_RxFifoFullCallback
 .text.HAL_UARTEx_TxFifoEmptyCallback
                0x08012000       0x14 ./Drivers/STM32H7xx_HAL_Driver/Src/stm32h7xx_hal_uart_ex.o
                0x08012000                HAL_UARTEx_TxFifoEmptyCallback
 .text.HAL_UARTEx_DisableFifoMode
                0x08012014       0x72 ./Drivers/STM32H7xx_HAL_Driver/Src/stm32h7xx_hal_uart_ex.o
                0x08012014                HAL_UARTEx_DisableFifoMode
 .text.HAL_UARTEx_SetTxFifoThreshold
                0x08012086       0x7c ./Drivers/STM32H7xx_HAL_Driver/Src/stm32h7xx_hal_uart_ex.o
                0x08012086                HAL_UARTEx_SetTxFifoThreshold
 .text.HAL_UARTEx_SetRxFifoThreshold
                0x08012102       0x7c ./Drivers/STM32H7xx_HAL_Driver/Src/stm32h7xx_hal_uart_ex.o
                0x08012102                HAL_UARTEx_SetRxFifoThreshold
 *fill*         0x0801217e        0x2 
 .text.UARTEx_SetNbDataToProcess
                0x08012180       0x9c ./Drivers/STM32H7xx_HAL_Driver/Src/stm32h7xx_hal_uart_ex.o
 .text.atof     0x0801221c        0x6 C:/ST/STM32CubeIDE_2.0.0/STM32CubeIDE/plugins/com.st.stm32cube.ide.mcu.externaltools.gnu-tools-for-stm32.13.3.rel1.win32_1.0.100.202509120712/tools/bin/../lib/gcc/arm-none-eabi/13.3.1/../../../../arm-none-eabi/lib/thumb/v7e-m+dp/hard\libc_nano.a(libc_a-atof.o)
                0x0801221c                atof
 .text.atoi     0x08012222        0x8 C:/ST/STM32CubeIDE_2.0.0/STM32CubeIDE/plugins/com.st.stm32cube.ide.mcu.externaltools.gnu-tools-for-stm32.13.3.rel1.win32_1.0.100.202509120712/tools/bin/../lib/gcc/arm-none-eabi/13.3.1/../../../../arm-none-eabi/lib/thumb/v7e-m+dp/hard\libc_nano.a(libc_a-atoi.o)
                0x08012222                atoi
 .text.sulp     0x0801222a       0x34 C:/ST/STM32CubeIDE_2.0.0/STM32CubeIDE/plugins/com.st.stm32cube.ide.mcu.externaltools.gnu-tools-for-stm32.13.3.rel1.win32_1.0.100.202509120712/tools/bin/../lib/gcc/arm-none-eabi/13.3.1/../../../../arm-none-eabi/lib/thumb/v7e-m+dp/hard\libc_nano.a(libc_a-strtod.o)
 *fill*         0x0801225e        0x2 
 .text._strtod_l
                0x08012260      0xb34 C:/ST/STM32CubeIDE_2.0.0/STM32CubeIDE/plugins/com.st.stm32cube.ide.mcu.externaltools.gnu-tools-for-stm32.13.3.rel1.win32_1.0.100.202509120712/tools/bin/../lib/gcc/arm-none-eabi/13.3.1/../../../../arm-none-eabi/lib/thumb/v7e-m+dp/hard\libc_nano.a(libc_a-strtod.o)
                0x08012260                _strtod_l
 .text._strtod_r
                0x08012d94        0xc C:/ST/STM32CubeIDE_2.0.0/STM32CubeIDE/plugins/com.st.stm32cube.ide.mcu.externaltools.gnu-tools-for-stm32.13.3.rel1.win32_1.0.100.202509120712/tools/bin/../lib/gcc/arm-none-eabi/13.3.1/../../../../arm-none-eabi/lib/thumb/v7e-m+dp/hard\libc_nano.a(libc_a-strtod.o)
                0x08012d94                _strtod_r
 .text.strtod   0x08012da0       0x18 C:/ST/STM32CubeIDE_2.0.0/STM32CubeIDE/plugins/com.st.stm32cube.ide.mcu.externaltools.gnu-tools-for-stm32.13.3.rel1.win32_1.0.100.202509120712/tools/bin/../lib/gcc/arm-none-eabi/13.3.1/../../../../arm-none-eabi/lib/thumb/v7e-m+dp/hard\libc_nano.a(libc_a-strtod.o)
                0x08012da0                strtod
 .text._strtol_l.isra.0
                0x08012db8       0xf4 C:/ST/STM32CubeIDE_2.0.0/STM32CubeIDE/plugins/com.st.stm32cube.ide.mcu.externaltools.gnu-tools-for-stm32.13.3.rel1.win32_1.0.100.202509120712/tools/bin/../lib/gcc/arm-none-eabi/13.3.1/../../../../arm-none-eabi/lib/thumb/v7e-m+dp/hard\libc_nano.a(libc_a-strtol.o)
 .text._strtol_r
                0x08012eac        0x4 C:/ST/STM32CubeIDE_2.0.0/STM32CubeIDE/plugins/com.st.stm32cube.ide.mcu.externaltools.gnu-tools-for-stm32.13.3.rel1.win32_1.0.100.202509120712/tools/bin/../lib/gcc/arm-none-eabi/13.3.1/../../../../arm-none-eabi/lib/thumb/v7e-m+dp/hard\libc_nano.a(libc_a-strtol.o)
                0x08012eac                _strtol_r
 .text.strtol   0x08012eb0       0x14 C:/ST/STM32CubeIDE_2.0.0/STM32CubeIDE/plugins/com.st.stm32cube.ide.mcu.externaltools.gnu-tools-for-stm32.13.3.rel1.win32_1.0.100.202509120712/tools/bin/../lib/gcc/arm-none-eabi/13.3.1/../../../../arm-none-eabi/lib/thumb/v7e-m+dp/hard\libc_nano.a(libc_a-strtol.o)
                0x08012eb0                strtol
 .text.system   0x08012ec4       0x12 C:/ST/STM32CubeIDE_2.0.0/STM32CubeIDE/plugins/com.st.stm32cube.ide.mcu.externaltools.gnu-tools-for-stm32.13.3.rel1.win32_1.0.100.202509120712/tools/bin/../lib/gcc/arm-none-eabi/13.3.1/../../../../arm-none-eabi/lib/thumb/v7e-m+dp/hard\libc_nano.a(libc_a-system.o)
                0x08012ec4                system
 .text.__cvt    0x08012ed6       0xa8 C:/ST/STM32CubeIDE_2.0.0/STM32CubeIDE/plugins/com.st.stm32cube.ide.mcu.externaltools.gnu-tools-for-stm32.13.3.rel1.win32_1.0.100.202509120712/tools/bin/../lib/gcc/arm-none-eabi/13.3.1/../../../../arm-none-eabi/lib/thumb/v7e-m+dp/hard\libc_nano.a(libc_a-nano-vfprintf_float.o)
                0x08012ed6                __cvt
 .text.__exponent
                0x08012f7e       0x74 C:/ST/STM32CubeIDE_2.0.0/STM32CubeIDE/plugins/com.st.stm32cube.ide.mcu.externaltools.gnu-tools-for-stm32.13.3.rel1.win32_1.0.100.202509120712/tools/bin/../lib/gcc/arm-none-eabi/13.3.1/../../../../arm-none-eabi/lib/thumb/v7e-m+dp/hard\libc_nano.a(libc_a-nano-vfprintf_float.o)
                0x08012f7e                __exponent
 *fill*         0x08012ff2        0x6 
 .text._printf_float
                0x08012ff8      0x434 C:/ST/STM32CubeIDE_2.0.0/STM32CubeIDE/plugins/com.st.stm32cube.ide.mcu.externaltools.gnu-tools-for-stm32.13.3.rel1.win32_1.0.100.202509120712/tools/bin/../lib/gcc/arm-none-eabi/13.3.1/../../../../arm-none-eabi/lib/thumb/v7e-m+dp/hard\libc_nano.a(libc_a-nano-vfprintf_float.o)
                0x08012ff8                _printf_float
 .text._printf_common
                0x0801342c       0xda C:/ST/STM32CubeIDE_2.0.0/STM32CubeIDE/plugins/com.st.stm32cube.ide.mcu.externaltools.gnu-tools-for-stm32.13.3.rel1.win32_1.0.100.202509120712/tools/bin/../lib/gcc/arm-none-eabi/13.3.1/../../../../arm-none-eabi/lib/thumb/v7e-m+dp/hard\libc_nano.a(libc_a-nano-vfprintf_i.o)
                0x0801342c                _printf_common
 *fill*         0x08013506        0x2 
 .text._printf_i
                0x08013508      0x23c C:/ST/STM32CubeIDE_2.0.0/STM32CubeIDE/plugins/com.st.stm32cube.ide.mcu.externaltools.gnu-tools-for-stm32.13.3.rel1.win32_1.0.100.202509120712/tools/bin/../lib/gcc/arm-none-eabi/13.3.1/../../../../arm-none-eabi/lib/thumb/v7e-m+dp/hard\libc_nano.a(libc_a-nano-vfprintf_i.o)
                0x08013508                _printf_i
 .text._scanf_float
                0x08013744      0x40c C:/ST/STM32CubeIDE_2.0.0/STM32CubeIDE/plugins/com.st.stm32cube.ide.mcu.externaltools.gnu-tools-for-stm32.13.3.rel1.win32_1.0.100.202509120712/tools/bin/../lib/gcc/arm-none-eabi/13.3.1/../../../../arm-none-eabi/lib/thumb/v7e-m+dp/hard\libc_nano.a(libc_a-nano-vfscanf_float.o)
                0x08013744                _scanf_float
 .text.std      0x08013b50       0x6c C:/ST/STM32CubeIDE_2.0.0/STM32CubeIDE/plugins/com.st.stm32cube.ide.mcu.externaltools.gnu-tools-for-stm32.13.3.rel1.win32_1.0.100.202509120712/tools/bin/../lib/gcc/arm-none-eabi/13.3.1/../../../../arm-none-eabi/lib/thumb/v7e-m+dp/hard\libc_nano.a(libc_a-findfp.o)
 .text.stdio_exit_handler
                0x08013bbc       0x18 C:/ST/STM32CubeIDE_2.0.0/STM32CubeIDE/plugins/com.st.stm32cube.ide.mcu.externaltools.gnu-tools-for-stm32.13.3.rel1.win32_1.0.100.202509120712/tools/bin/../lib/gcc/arm-none-eabi/13.3.1/../../../../arm-none-eabi/lib/thumb/v7e-m+dp/hard\libc_nano.a(libc_a-findfp.o)
 .text.cleanup_stdio
                0x08013bd4       0x40 C:/ST/STM32CubeIDE_2.0.0/STM32CubeIDE/plugins/com.st.stm32cube.ide.mcu.externaltools.gnu-tools-for-stm32.13.3.rel1.win32_1.0.100.202509120712/tools/bin/../lib/gcc/arm-none-eabi/13.3.1/../../../../arm-none-eabi/lib/thumb/v7e-m+dp/hard\libc_nano.a(libc_a-findfp.o)
 .text.global_stdio_init.part.0
                0x08013c14       0x3c C:/ST/STM32CubeIDE_2.0.0/STM32CubeIDE/plugins/com.st.stm32cube.ide.mcu.externaltools.gnu-tools-for-stm32.13.3.rel1.win32_1.0.100.202509120712/tools/bin/../lib/gcc/arm-none-eabi/13.3.1/../../../../arm-none-eabi/lib/thumb/v7e-m+dp/hard\libc_nano.a(libc_a-findfp.o)
 .text.__sfp_lock_acquire
                0x08013c50        0xc C:/ST/STM32CubeIDE_2.0.0/STM32CubeIDE/plugins/com.st.stm32cube.ide.mcu.externaltools.gnu-tools-for-stm32.13.3.rel1.win32_1.0.100.202509120712/tools/bin/../lib/gcc/arm-none-eabi/13.3.1/../../../../arm-none-eabi/lib/thumb/v7e-m+dp/hard\libc_nano.a(libc_a-findfp.o)
                0x08013c50                __sfp_lock_acquire
 .text.__sfp_lock_release
                0x08013c5c        0xc C:/ST/STM32CubeIDE_2.0.0/STM32CubeIDE/plugins/com.st.stm32cube.ide.mcu.externaltools.gnu-tools-for-stm32.13.3.rel1.win32_1.0.100.202509120712/tools/bin/../lib/gcc/arm-none-eabi/13.3.1/../../../../arm-none-eabi/lib/thumb/v7e-m+dp/hard\libc_nano.a(libc_a-findfp.o)
                0x08013c5c                __sfp_lock_release
 .text.__sinit  0x08013c68       0x30 C:/ST/STM32CubeIDE_2.0.0/STM32CubeIDE/plugins/com.st.stm32cube.ide.mcu.externaltools.gnu-tools-for-stm32.13.3.rel1.win32_1.0.100.202509120712/tools/bin/../lib/gcc/arm-none-eabi/13.3.1/../../../../arm-none-eabi/lib/thumb/v7e-m+dp/hard\libc_nano.a(libc_a-findfp.o)
                0x08013c68                __sinit
 .text._fwalk_sglue
                0x08013c98       0x3c C:/ST/STM32CubeIDE_2.0.0/STM32CubeIDE/plugins/com.st.stm32cube.ide.mcu.externaltools.gnu-tools-for-stm32.13.3.rel1.win32_1.0.100.202509120712/tools/bin/../lib/gcc/arm-none-eabi/13.3.1/../../../../arm-none-eabi/lib/thumb/v7e-m+dp/hard\libc_nano.a(libc_a-fwalk.o)
                0x08013c98                _fwalk_sglue
 .text.snprintf
                0x08013cd4       0x6c C:/ST/STM32CubeIDE_2.0.0/STM32CubeIDE/plugins/com.st.stm32cube.ide.mcu.externaltools.gnu-tools-for-stm32.13.3.rel1.win32_1.0.100.202509120712/tools/bin/../lib/gcc/arm-none-eabi/13.3.1/../../../../arm-none-eabi/lib/thumb/v7e-m+dp/hard\libc_nano.a(libc_a-snprintf.o)
                0x08013cd4                sniprintf
                0x08013cd4                snprintf
 .text.sprintf  0x08013d40       0x44 C:/ST/STM32CubeIDE_2.0.0/STM32CubeIDE/plugins/com.st.stm32cube.ide.mcu.externaltools.gnu-tools-for-stm32.13.3.rel1.win32_1.0.100.202509120712/tools/bin/../lib/gcc/arm-none-eabi/13.3.1/../../../../arm-none-eabi/lib/thumb/v7e-m+dp/hard\libc_nano.a(libc_a-sprintf.o)
                0x08013d40                siprintf
                0x08013d40                sprintf
 .text.sscanf   0x08013d84       0x58 C:/ST/STM32CubeIDE_2.0.0/STM32CubeIDE/plugins/com.st.stm32cube.ide.mcu.externaltools.gnu-tools-for-stm32.13.3.rel1.win32_1.0.100.202509120712/tools/bin/../lib/gcc/arm-none-eabi/13.3.1/../../../../arm-none-eabi/lib/thumb/v7e-m+dp/hard\libc_nano.a(libc_a-sscanf.o)
                0x08013d84                siscanf
                0x08013d84                sscanf
 .text.__sread  0x08013ddc       0x22 C:/ST/STM32CubeIDE_2.0.0/STM32CubeIDE/plugins/com.st.stm32cube.ide.mcu.externaltools.gnu-tools-for-stm32.13.3.rel1.win32_1.0.100.202509120712/tools/bin/../lib/gcc/arm-none-eabi/13.3.1/../../../../arm-none-eabi/lib/thumb/v7e-m+dp/hard\libc_nano.a(libc_a-stdio.o)
                0x08013ddc                __sread
 .text.__seofread
                0x08013dfe        0x4 C:/ST/STM32CubeIDE_2.0.0/STM32CubeIDE/plugins/com.st.stm32cube.ide.mcu.externaltools.gnu-tools-for-stm32.13.3.rel1.win32_1.0.100.202509120712/tools/bin/../lib/gcc/arm-none-eabi/13.3.1/../../../../arm-none-eabi/lib/thumb/v7e-m+dp/hard\libc_nano.a(libc_a-stdio.o)
                0x08013dfe                __seofread
 .text.__swrite
                0x08013e02       0x38 C:/ST/STM32CubeIDE_2.0.0/STM32CubeIDE/plugins/com.st.stm32cube.ide.mcu.externaltools.gnu-tools-for-stm32.13.3.rel1.win32_1.0.100.202509120712/tools/bin/../lib/gcc/arm-none-eabi/13.3.1/../../../../arm-none-eabi/lib/thumb/v7e-m+dp/hard\libc_nano.a(libc_a-stdio.o)
                0x08013e02                __swrite
 .text.__sseek  0x08013e3a       0x24 C:/ST/STM32CubeIDE_2.0.0/STM32CubeIDE/plugins/com.st.stm32cube.ide.mcu.externaltools.gnu-tools-for-stm32.13.3.rel1.win32_1.0.100.202509120712/tools/bin/../lib/gcc/arm-none-eabi/13.3.1/../../../../arm-none-eabi/lib/thumb/v7e-m+dp/hard\libc_nano.a(libc_a-stdio.o)
                0x08013e3a                __sseek
 .text.__sclose
                0x08013e5e        0x8 C:/ST/STM32CubeIDE_2.0.0/STM32CubeIDE/plugins/com.st.stm32cube.ide.mcu.externaltools.gnu-tools-for-stm32.13.3.rel1.win32_1.0.100.202509120712/tools/bin/../lib/gcc/arm-none-eabi/13.3.1/../../../../arm-none-eabi/lib/thumb/v7e-m+dp/hard\libc_nano.a(libc_a-stdio.o)
                0x08013e5e                __sclose
 .text._vsnprintf_r
                0x08013e66       0x5c C:/ST/STM32CubeIDE_2.0.0/STM32CubeIDE/plugins/com.st.stm32cube.ide.mcu.externaltools.gnu-tools-for-stm32.13.3.rel1.win32_1.0.100.202509120712/tools/bin/../lib/gcc/arm-none-eabi/13.3.1/../../../../arm-none-eabi/lib/thumb/v7e-m+dp/hard\libc_nano.a(libc_a-vsnprintf.o)
                0x08013e66                _vsniprintf_r
                0x08013e66                _vsnprintf_r
 *fill*         0x08013ec2        0x2 
 .text.vsnprintf
                0x08013ec4       0x1c C:/ST/STM32CubeIDE_2.0.0/STM32CubeIDE/plugins/com.st.stm32cube.ide.mcu.externaltools.gnu-tools-for-stm32.13.3.rel1.win32_1.0.100.202509120712/tools/bin/../lib/gcc/arm-none-eabi/13.3.1/../../../../arm-none-eabi/lib/thumb/v7e-m+dp/hard\libc_nano.a(libc_a-vsnprintf.o)
                0x08013ec4                vsniprintf
                0x08013ec4                vsnprintf
 .text.memset   0x08013ee0       0x10 C:/ST/STM32CubeIDE_2.0.0/STM32CubeIDE/plugins/com.st.stm32cube.ide.mcu.externaltools.gnu-tools-for-stm32.13.3.rel1.win32_1.0.100.202509120712/tools/bin/../lib/gcc/arm-none-eabi/13.3.1/../../../../arm-none-eabi/lib/thumb/v7e-m+dp/hard\libc_nano.a(libc_a-memset.o)
                0x08013ee0                memset
 .text.strncat  0x08013ef0       0x26 C:/ST/STM32CubeIDE_2.0.0/STM32CubeIDE/plugins/com.st.stm32cube.ide.mcu.externaltools.gnu-tools-for-stm32.13.3.rel1.win32_1.0.100.202509120712/tools/bin/../lib/gcc/arm-none-eabi/13.3.1/../../../../arm-none-eabi/lib/thumb/v7e-m+dp/hard\libc_nano.a(libc_a-strncat.o)
                0x08013ef0                strncat
 .text.strncmp  0x08013f16       0x24 C:/ST/STM32CubeIDE_2.0.0/STM32CubeIDE/plugins/com.st.stm32cube.ide.mcu.externaltools.gnu-tools-for-stm32.13.3.rel1.win32_1.0.100.202509120712/tools/bin/../lib/gcc/arm-none-eabi/13.3.1/../../../../arm-none-eabi/lib/thumb/v7e-m+dp/hard\libc_nano.a(libc_a-strncmp.o)
                0x08013f16                strncmp
 .text.strncpy  0x08013f3a       0x26 C:/ST/STM32CubeIDE_2.0.0/STM32CubeIDE/plugins/com.st.stm32cube.ide.mcu.externaltools.gnu-tools-for-stm32.13.3.rel1.win32_1.0.100.202509120712/tools/bin/../lib/gcc/arm-none-eabi/13.3.1/../../../../arm-none-eabi/lib/thumb/v7e-m+dp/hard\libc_nano.a(libc_a-strncpy.o)
                0x08013f3a                strncpy
 .text.strtok   0x08013f60       0x68 C:/ST/STM32CubeIDE_2.0.0/STM32CubeIDE/plugins/com.st.stm32cube.ide.mcu.externaltools.gnu-tools-for-stm32.13.3.rel1.win32_1.0.100.202509120712/tools/bin/../lib/gcc/arm-none-eabi/13.3.1/../../../../arm-none-eabi/lib/thumb/v7e-m+dp/hard\libc_nano.a(libc_a-strtok.o)
                0x08013f60                strtok
 .text.__strtok_r
                0x08013fc8       0x50 C:/ST/STM32CubeIDE_2.0.0/STM32CubeIDE/plugins/com.st.stm32cube.ide.mcu.externaltools.gnu-tools-for-stm32.13.3.rel1.win32_1.0.100.202509120712/tools/bin/../lib/gcc/arm-none-eabi/13.3.1/../../../../arm-none-eabi/lib/thumb/v7e-m+dp/hard\libc_nano.a(libc_a-strtok_r.o)
                0x08013fc8                __strtok_r
 .text._localeconv_r
                0x08014018        0x8 C:/ST/STM32CubeIDE_2.0.0/STM32CubeIDE/plugins/com.st.stm32cube.ide.mcu.externaltools.gnu-tools-for-stm32.13.3.rel1.win32_1.0.100.202509120712/tools/bin/../lib/gcc/arm-none-eabi/13.3.1/../../../../arm-none-eabi/lib/thumb/v7e-m+dp/hard\libc_nano.a(libc_a-localeconv.o)
                0x08014018                _localeconv_r
 .text._close_r
                0x08014020       0x20 C:/ST/STM32CubeIDE_2.0.0/STM32CubeIDE/plugins/com.st.stm32cube.ide.mcu.externaltools.gnu-tools-for-stm32.13.3.rel1.win32_1.0.100.202509120712/tools/bin/../lib/gcc/arm-none-eabi/13.3.1/../../../../arm-none-eabi/lib/thumb/v7e-m+dp/hard\libc_nano.a(libc_a-closer.o)
                0x08014020                _close_r
 .text._lseek_r
                0x08014040       0x24 C:/ST/STM32CubeIDE_2.0.0/STM32CubeIDE/plugins/com.st.stm32cube.ide.mcu.externaltools.gnu-tools-for-stm32.13.3.rel1.win32_1.0.100.202509120712/tools/bin/../lib/gcc/arm-none-eabi/13.3.1/../../../../arm-none-eabi/lib/thumb/v7e-m+dp/hard\libc_nano.a(libc_a-lseekr.o)
                0x08014040                _lseek_r
 .text._read_r  0x08014064       0x24 C:/ST/STM32CubeIDE_2.0.0/STM32CubeIDE/plugins/com.st.stm32cube.ide.mcu.externaltools.gnu-tools-for-stm32.13.3.rel1.win32_1.0.100.202509120712/tools/bin/../lib/gcc/arm-none-eabi/13.3.1/../../../../arm-none-eabi/lib/thumb/v7e-m+dp/hard\libc_nano.a(libc_a-readr.o)
                0x08014064                _read_r
 .text._write_r
                0x08014088       0x24 C:/ST/STM32CubeIDE_2.0.0/STM32CubeIDE/plugins/com.st.stm32cube.ide.mcu.externaltools.gnu-tools-for-stm32.13.3.rel1.win32_1.0.100.202509120712/tools/bin/../lib/gcc/arm-none-eabi/13.3.1/../../../../arm-none-eabi/lib/thumb/v7e-m+dp/hard\libc_nano.a(libc_a-writer.o)
                0x08014088                _write_r
 .text.__errno  0x080140ac        0xc C:/ST/STM32CubeIDE_2.0.0/STM32CubeIDE/plugins/com.st.stm32cube.ide.mcu.externaltools.gnu-tools-for-stm32.13.3.rel1.win32_1.0.100.202509120712/tools/bin/../lib/gcc/arm-none-eabi/13.3.1/../../../../arm-none-eabi/lib/thumb/v7e-m+dp/hard\libc_nano.a(libc_a-errno.o)
                0x080140ac                __errno
 .text.__libc_init_array
                0x080140b8       0x48 C:/ST/STM32CubeIDE_2.0.0/STM32CubeIDE/plugins/com.st.stm32cube.ide.mcu.externaltools.gnu-tools-for-stm32.13.3.rel1.win32_1.0.100.202509120712/tools/bin/../lib/gcc/arm-none-eabi/13.3.1/../../../../arm-none-eabi/lib/thumb/v7e-m+dp/hard\libc_nano.a(libc_a-init.o)
                0x080140b8                __libc_init_array
 .text.__retarget_lock_init_recursive
                0x08014100        0x2 C:/ST/STM32CubeIDE_2.0.0/STM32CubeIDE/plugins/com.st.stm32cube.ide.mcu.externaltools.gnu-tools-for-stm32.13.3.rel1.win32_1.0.100.202509120712/tools/bin/../lib/gcc/arm-none-eabi/13.3.1/../../../../arm-none-eabi/lib/thumb/v7e-m+dp/hard\libc_nano.a(libc_a-lock.o)
                0x08014100                __retarget_lock_init_recursive
 .text.__retarget_lock_acquire_recursive
                0x08014102        0x2 C:/ST/STM32CubeIDE_2.0.0/STM32CubeIDE/plugins/com.st.stm32cube.ide.mcu.externaltools.gnu-tools-for-stm32.13.3.rel1.win32_1.0.100.202509120712/tools/bin/../lib/gcc/arm-none-eabi/13.3.1/../../../../arm-none-eabi/lib/thumb/v7e-m+dp/hard\libc_nano.a(libc_a-lock.o)
                0x08014102                __retarget_lock_acquire_recursive
 .text.__retarget_lock_release_recursive
                0x08014104        0x2 C:/ST/STM32CubeIDE_2.0.0/STM32CubeIDE/plugins/com.st.stm32cube.ide.mcu.externaltools.gnu-tools-for-stm32.13.3.rel1.win32_1.0.100.202509120712/tools/bin/../lib/gcc/arm-none-eabi/13.3.1/../../../../arm-none-eabi/lib/thumb/v7e-m+dp/hard\libc_nano.a(libc_a-lock.o)
                0x08014104                __retarget_lock_release_recursive
 .text.memcpy   0x08014106       0x1c C:/ST/STM32CubeIDE_2.0.0/STM32CubeIDE/plugins/com.st.stm32cube.ide.mcu.externaltools.gnu-tools-for-stm32.13.3.rel1.win32_1.0.100.202509120712/tools/bin/../lib/gcc/arm-none-eabi/13.3.1/../../../../arm-none-eabi/lib/thumb/v7e-m+dp/hard\libc_nano.a(libc_a-memcpy-stub.o)
                0x08014106                memcpy
 *fill*         0x08014122        0x6 
 .text.nan      0x08014128       0x10 C:/ST/STM32CubeIDE_2.0.0/STM32CubeIDE/plugins/com.st.stm32cube.ide.mcu.externaltools.gnu-tools-for-stm32.13.3.rel1.win32_1.0.100.202509120712/tools/bin/../lib/gcc/arm-none-eabi/13.3.1/../../../../arm-none-eabi/lib/thumb/v7e-m+dp/hard\libc_nano.a(libm_a-s_nan.o)
                0x08014128                nan
 .text.nanf     0x08014138        0xc C:/ST/STM32CubeIDE_2.0.0/STM32CubeIDE/plugins/com.st.stm32cube.ide.mcu.externaltools.gnu-tools-for-stm32.13.3.rel1.win32_1.0.100.202509120712/tools/bin/../lib/gcc/arm-none-eabi/13.3.1/../../../../arm-none-eabi/lib/thumb/v7e-m+dp/hard\libc_nano.a(libm_a-sf_nan.o)
                0x08014138                nanf
 .text.__assert_func
                0x08014144       0x3c C:/ST/STM32CubeIDE_2.0.0/STM32CubeIDE/plugins/com.st.stm32cube.ide.mcu.externaltools.gnu-tools-for-stm32.13.3.rel1.win32_1.0.100.202509120712/tools/bin/../lib/gcc/arm-none-eabi/13.3.1/../../../../arm-none-eabi/lib/thumb/v7e-m+dp/hard\libc_nano.a(libc_a-assert.o)
                0x08014144                __assert_func
 .text.quorem   0x08014180      0x110 C:/ST/STM32CubeIDE_2.0.0/STM32CubeIDE/plugins/com.st.stm32cube.ide.mcu.externaltools.gnu-tools-for-stm32.13.3.rel1.win32_1.0.100.202509120712/tools/bin/../lib/gcc/arm-none-eabi/13.3.1/../../../../arm-none-eabi/lib/thumb/v7e-m+dp/hard\libc_nano.a(libc_a-dtoa.o)
 .text._dtoa_r  0x08014290      0xabc C:/ST/STM32CubeIDE_2.0.0/STM32CubeIDE/plugins/com.st.stm32cube.ide.mcu.externaltools.gnu-tools-for-stm32.13.3.rel1.win32_1.0.100.202509120712/tools/bin/../lib/gcc/arm-none-eabi/13.3.1/../../../../arm-none-eabi/lib/thumb/v7e-m+dp/hard\libc_nano.a(libc_a-dtoa.o)
                0x08014290                _dtoa_r
 .text._free_r  0x08014d4c       0x94 C:/ST/STM32CubeIDE_2.0.0/STM32CubeIDE/plugins/com.st.stm32cube.ide.mcu.externaltools.gnu-tools-for-stm32.13.3.rel1.win32_1.0.100.202509120712/tools/bin/../lib/gcc/arm-none-eabi/13.3.1/../../../../arm-none-eabi/lib/thumb/v7e-m+dp/hard\libc_nano.a(libc_a-freer.o)
                0x08014d4c                _free_r
 .text.rshift   0x08014de0       0xa4 C:/ST/STM32CubeIDE_2.0.0/STM32CubeIDE/plugins/com.st.stm32cube.ide.mcu.externaltools.gnu-tools-for-stm32.13.3.rel1.win32_1.0.100.202509120712/tools/bin/../lib/gcc/arm-none-eabi/13.3.1/../../../../arm-none-eabi/lib/thumb/v7e-m+dp/hard\libc_nano.a(libc_a-gdtoa-gethex.o)
 .text.__hexdig_fun
                0x08014e84       0x2a C:/ST/STM32CubeIDE_2.0.0/STM32CubeIDE/plugins/com.st.stm32cube.ide.mcu.externaltools.gnu-tools-for-stm32.13.3.rel1.win32_1.0.100.202509120712/tools/bin/../lib/gcc/arm-none-eabi/13.3.1/../../../../arm-none-eabi/lib/thumb/v7e-m+dp/hard\libc_nano.a(libc_a-gdtoa-gethex.o)
                0x08014e84                __hexdig_fun
 *fill*         0x08014eae        0x2 
 .text.__gethex
                0x08014eb0      0x420 C:/ST/STM32CubeIDE_2.0.0/STM32CubeIDE/plugins/com.st.stm32cube.ide.mcu.externaltools.gnu-tools-for-stm32.13.3.rel1.win32_1.0.100.202509120712/tools/bin/../lib/gcc/arm-none-eabi/13.3.1/../../../../arm-none-eabi/lib/thumb/v7e-m+dp/hard\libc_nano.a(libc_a-gdtoa-gethex.o)
                0x08014eb0                __gethex
 .text.L_shift  0x080152d0       0x24 C:/ST/STM32CubeIDE_2.0.0/STM32CubeIDE/plugins/com.st.stm32cube.ide.mcu.externaltools.gnu-tools-for-stm32.13.3.rel1.win32_1.0.100.202509120712/tools/bin/../lib/gcc/arm-none-eabi/13.3.1/../../../../arm-none-eabi/lib/thumb/v7e-m+dp/hard\libc_nano.a(libc_a-gdtoa-hexnan.o)
 .text.__match  0x080152f4       0x28 C:/ST/STM32CubeIDE_2.0.0/STM32CubeIDE/plugins/com.st.stm32cube.ide.mcu.externaltools.gnu-tools-for-stm32.13.3.rel1.win32_1.0.100.202509120712/tools/bin/../lib/gcc/arm-none-eabi/13.3.1/../../../../arm-none-eabi/lib/thumb/v7e-m+dp/hard\libc_nano.a(libc_a-gdtoa-hexnan.o)
                0x080152f4                __match
 .text.__hexnan
                0x0801531c      0x136 C:/ST/STM32CubeIDE_2.0.0/STM32CubeIDE/plugins/com.st.stm32cube.ide.mcu.externaltools.gnu-tools-for-stm32.13.3.rel1.win32_1.0.100.202509120712/tools/bin/../lib/gcc/arm-none-eabi/13.3.1/../../../../arm-none-eabi/lib/thumb/v7e-m+dp/hard\libc_nano.a(libc_a-gdtoa-hexnan.o)
                0x0801531c                __hexnan
 *fill*         0x08015452        0x2 
 .text.malloc   0x08015454       0x10 C:/ST/STM32CubeIDE_2.0.0/STM32CubeIDE/plugins/com.st.stm32cube.ide.mcu.externaltools.gnu-tools-for-stm32.13.3.rel1.win32_1.0.100.202509120712/tools/bin/../lib/gcc/arm-none-eabi/13.3.1/../../../../arm-none-eabi/lib/thumb/v7e-m+dp/hard\libc_nano.a(libc_a-malloc.o)
                0x08015454                malloc
 .text.sbrk_aligned
                0x08015464       0x44 C:/ST/STM32CubeIDE_2.0.0/STM32CubeIDE/plugins/com.st.stm32cube.ide.mcu.externaltools.gnu-tools-for-stm32.13.3.rel1.win32_1.0.100.202509120712/tools/bin/../lib/gcc/arm-none-eabi/13.3.1/../../../../arm-none-eabi/lib/thumb/v7e-m+dp/hard\libc_nano.a(libc_a-mallocr.o)
 .text._malloc_r
                0x080154a8      0x100 C:/ST/STM32CubeIDE_2.0.0/STM32CubeIDE/plugins/com.st.stm32cube.ide.mcu.externaltools.gnu-tools-for-stm32.13.3.rel1.win32_1.0.100.202509120712/tools/bin/../lib/gcc/arm-none-eabi/13.3.1/../../../../arm-none-eabi/lib/thumb/v7e-m+dp/hard\libc_nano.a(libc_a-mallocr.o)
                0x080154a8                _malloc_r
 .text.__ascii_mbtowc
                0x080155a8       0x24 C:/ST/STM32CubeIDE_2.0.0/STM32CubeIDE/plugins/com.st.stm32cube.ide.mcu.externaltools.gnu-tools-for-stm32.13.3.rel1.win32_1.0.100.202509120712/tools/bin/../lib/gcc/arm-none-eabi/13.3.1/../../../../arm-none-eabi/lib/thumb/v7e-m+dp/hard\libc_nano.a(libc_a-mbtowc_r.o)
                0x080155a8                __ascii_mbtowc
 .text.__malloc_lock
                0x080155cc        0xc C:/ST/STM32CubeIDE_2.0.0/STM32CubeIDE/plugins/com.st.stm32cube.ide.mcu.externaltools.gnu-tools-for-stm32.13.3.rel1.win32_1.0.100.202509120712/tools/bin/../lib/gcc/arm-none-eabi/13.3.1/../../../../arm-none-eabi/lib/thumb/v7e-m+dp/hard\libc_nano.a(libc_a-mlock.o)
                0x080155cc                __malloc_lock
 .text.__malloc_unlock
                0x080155d8        0xc C:/ST/STM32CubeIDE_2.0.0/STM32CubeIDE/plugins/com.st.stm32cube.ide.mcu.externaltools.gnu-tools-for-stm32.13.3.rel1.win32_1.0.100.202509120712/tools/bin/../lib/gcc/arm-none-eabi/13.3.1/../../../../arm-none-eabi/lib/thumb/v7e-m+dp/hard\libc_nano.a(libc_a-mlock.o)
                0x080155d8                __malloc_unlock
 .text._Balloc  0x080155e4       0x80 C:/ST/STM32CubeIDE_2.0.0/STM32CubeIDE/plugins/com.st.stm32cube.ide.mcu.externaltools.gnu-tools-for-stm32.13.3.rel1.win32_1.0.100.202509120712/tools/bin/../lib/gcc/arm-none-eabi/13.3.1/../../../../arm-none-eabi/lib/thumb/v7e-m+dp/hard\libc_nano.a(libc_a-mprec.o)
                0x080155e4                _Balloc
 .text._Bfree   0x08015664       0x44 C:/ST/STM32CubeIDE_2.0.0/STM32CubeIDE/plugins/com.st.stm32cube.ide.mcu.externaltools.gnu-tools-for-stm32.13.3.rel1.win32_1.0.100.202509120712/tools/bin/../lib/gcc/arm-none-eabi/13.3.1/../../../../arm-none-eabi/lib/thumb/v7e-m+dp/hard\libc_nano.a(libc_a-mprec.o)
                0x08015664                _Bfree
 .text.__multadd
                0x080156a8       0x8c C:/ST/STM32CubeIDE_2.0.0/STM32CubeIDE/plugins/com.st.stm32cube.ide.mcu.externaltools.gnu-tools-for-stm32.13.3.rel1.win32_1.0.100.202509120712/tools/bin/../lib/gcc/arm-none-eabi/13.3.1/../../../../arm-none-eabi/lib/thumb/v7e-m+dp/hard\libc_nano.a(libc_a-mprec.o)
                0x080156a8                __multadd
 .text.__s2b    0x08015734       0x94 C:/ST/STM32CubeIDE_2.0.0/STM32CubeIDE/plugins/com.st.stm32cube.ide.mcu.externaltools.gnu-tools-for-stm32.13.3.rel1.win32_1.0.100.202509120712/tools/bin/../lib/gcc/arm-none-eabi/13.3.1/../../../../arm-none-eabi/lib/thumb/v7e-m+dp/hard\libc_nano.a(libc_a-mprec.o)
                0x08015734                __s2b
 .text.__hi0bits
                0x080157c8       0x3e C:/ST/STM32CubeIDE_2.0.0/STM32CubeIDE/plugins/com.st.stm32cube.ide.mcu.externaltools.gnu-tools-for-stm32.13.3.rel1.win32_1.0.100.202509120712/tools/bin/../lib/gcc/arm-none-eabi/13.3.1/../../../../arm-none-eabi/lib/thumb/v7e-m+dp/hard\libc_nano.a(libc_a-mprec.o)
                0x080157c8                __hi0bits
 .text.__lo0bits
                0x08015806       0x5a C:/ST/STM32CubeIDE_2.0.0/STM32CubeIDE/plugins/com.st.stm32cube.ide.mcu.externaltools.gnu-tools-for-stm32.13.3.rel1.win32_1.0.100.202509120712/tools/bin/../lib/gcc/arm-none-eabi/13.3.1/../../../../arm-none-eabi/lib/thumb/v7e-m+dp/hard\libc_nano.a(libc_a-mprec.o)
                0x08015806                __lo0bits
 .text.__i2b    0x08015860       0x2c C:/ST/STM32CubeIDE_2.0.0/STM32CubeIDE/plugins/com.st.stm32cube.ide.mcu.externaltools.gnu-tools-for-stm32.13.3.rel1.win32_1.0.100.202509120712/tools/bin/../lib/gcc/arm-none-eabi/13.3.1/../../../../arm-none-eabi/lib/thumb/v7e-m+dp/hard\libc_nano.a(libc_a-mprec.o)
                0x08015860                __i2b
 .text.__multiply
                0x0801588c      0x144 C:/ST/STM32CubeIDE_2.0.0/STM32CubeIDE/plugins/com.st.stm32cube.ide.mcu.externaltools.gnu-tools-for-stm32.13.3.rel1.win32_1.0.100.202509120712/tools/bin/../lib/gcc/arm-none-eabi/13.3.1/../../../../arm-none-eabi/lib/thumb/v7e-m+dp/hard\libc_nano.a(libc_a-mprec.o)
                0x0801588c                __multiply
 .text.__pow5mult
                0x080159d0       0xb4 C:/ST/STM32CubeIDE_2.0.0/STM32CubeIDE/plugins/com.st.stm32cube.ide.mcu.externaltools.gnu-tools-for-stm32.13.3.rel1.win32_1.0.100.202509120712/tools/bin/../lib/gcc/arm-none-eabi/13.3.1/../../../../arm-none-eabi/lib/thumb/v7e-m+dp/hard\libc_nano.a(libc_a-mprec.o)
                0x080159d0                __pow5mult
 .text.__lshift
                0x08015a84       0xd8 C:/ST/STM32CubeIDE_2.0.0/STM32CubeIDE/plugins/com.st.stm32cube.ide.mcu.externaltools.gnu-tools-for-stm32.13.3.rel1.win32_1.0.100.202509120712/tools/bin/../lib/gcc/arm-none-eabi/13.3.1/../../../../arm-none-eabi/lib/thumb/v7e-m+dp/hard\libc_nano.a(libc_a-mprec.o)
                0x08015a84                __lshift
 .text.__mcmp   0x08015b5c       0x36 C:/ST/STM32CubeIDE_2.0.0/STM32CubeIDE/plugins/com.st.stm32cube.ide.mcu.externaltools.gnu-tools-for-stm32.13.3.rel1.win32_1.0.100.202509120712/tools/bin/../lib/gcc/arm-none-eabi/13.3.1/../../../../arm-none-eabi/lib/thumb/v7e-m+dp/hard\libc_nano.a(libc_a-mprec.o)
                0x08015b5c                __mcmp
 *fill*         0x08015b92        0x2 
 .text.__mdiff  0x08015b94      0x128 C:/ST/STM32CubeIDE_2.0.0/STM32CubeIDE/plugins/com.st.stm32cube.ide.mcu.externaltools.gnu-tools-for-stm32.13.3.rel1.win32_1.0.100.202509120712/tools/bin/../lib/gcc/arm-none-eabi/13.3.1/../../../../arm-none-eabi/lib/thumb/v7e-m+dp/hard\libc_nano.a(libc_a-mprec.o)
                0x08015b94                __mdiff
 .text.__ulp    0x08015cbc       0x4c C:/ST/STM32CubeIDE_2.0.0/STM32CubeIDE/plugins/com.st.stm32cube.ide.mcu.externaltools.gnu-tools-for-stm32.13.3.rel1.win32_1.0.100.202509120712/tools/bin/../lib/gcc/arm-none-eabi/13.3.1/../../../../arm-none-eabi/lib/thumb/v7e-m+dp/hard\libc_nano.a(libc_a-mprec.o)
                0x08015cbc                __ulp
 .text.__b2d    0x08015d08       0x94 C:/ST/STM32CubeIDE_2.0.0/STM32CubeIDE/plugins/com.st.stm32cube.ide.mcu.externaltools.gnu-tools-for-stm32.13.3.rel1.win32_1.0.100.202509120712/tools/bin/../lib/gcc/arm-none-eabi/13.3.1/../../../../arm-none-eabi/lib/thumb/v7e-m+dp/hard\libc_nano.a(libc_a-mprec.o)
                0x08015d08                __b2d
 .text.__d2b    0x08015d9c       0xb0 C:/ST/STM32CubeIDE_2.0.0/STM32CubeIDE/plugins/com.st.stm32cube.ide.mcu.externaltools.gnu-tools-for-stm32.13.3.rel1.win32_1.0.100.202509120712/tools/bin/../lib/gcc/arm-none-eabi/13.3.1/../../../../arm-none-eabi/lib/thumb/v7e-m+dp/hard\libc_nano.a(libc_a-mprec.o)
                0x08015d9c                __d2b
 .text.__ratio  0x08015e4c       0x5e C:/ST/STM32CubeIDE_2.0.0/STM32CubeIDE/plugins/com.st.stm32cube.ide.mcu.externaltools.gnu-tools-for-stm32.13.3.rel1.win32_1.0.100.202509120712/tools/bin/../lib/gcc/arm-none-eabi/13.3.1/../../../../arm-none-eabi/lib/thumb/v7e-m+dp/hard\libc_nano.a(libc_a-mprec.o)
                0x08015e4c                __ratio
 .text.__copybits
                0x08015eaa       0x46 C:/ST/STM32CubeIDE_2.0.0/STM32CubeIDE/plugins/com.st.stm32cube.ide.mcu.externaltools.gnu-tools-for-stm32.13.3.rel1.win32_1.0.100.202509120712/tools/bin/../lib/gcc/arm-none-eabi/13.3.1/../../../../arm-none-eabi/lib/thumb/v7e-m+dp/hard\libc_nano.a(libc_a-mprec.o)
                0x08015eaa                __copybits
 .text.__any_on
                0x08015ef0       0x42 C:/ST/STM32CubeIDE_2.0.0/STM32CubeIDE/plugins/com.st.stm32cube.ide.mcu.externaltools.gnu-tools-for-stm32.13.3.rel1.win32_1.0.100.202509120712/tools/bin/../lib/gcc/arm-none-eabi/13.3.1/../../../../arm-none-eabi/lib/thumb/v7e-m+dp/hard\libc_nano.a(libc_a-mprec.o)
                0x08015ef0                __any_on
 .text.__ascii_wctomb
                0x08015f32       0x1a C:/ST/STM32CubeIDE_2.0.0/STM32CubeIDE/plugins/com.st.stm32cube.ide.mcu.externaltools.gnu-tools-for-stm32.13.3.rel1.win32_1.0.100.202509120712/tools/bin/../lib/gcc/arm-none-eabi/13.3.1/../../../../arm-none-eabi/lib/thumb/v7e-m+dp/hard\libc_nano.a(libc_a-wctomb_r.o)
                0x08015f32                __ascii_wctomb
 .text.__ssputs_r
                0x08015f4c       0xb6 C:/ST/STM32CubeIDE_2.0.0/STM32CubeIDE/plugins/com.st.stm32cube.ide.mcu.externaltools.gnu-tools-for-stm32.13.3.rel1.win32_1.0.100.202509120712/tools/bin/../lib/gcc/arm-none-eabi/13.3.1/../../../../arm-none-eabi/lib/thumb/v7e-m+dp/hard\libc_nano.a(libc_a-nano-svfprintf.o)
                0x08015f4c                __ssputs_r
 *fill*         0x08016002        0x2 
 .text._svfprintf_r
                0x08016004      0x1f8 C:/ST/STM32CubeIDE_2.0.0/STM32CubeIDE/plugins/com.st.stm32cube.ide.mcu.externaltools.gnu-tools-for-stm32.13.3.rel1.win32_1.0.100.202509120712/tools/bin/../lib/gcc/arm-none-eabi/13.3.1/../../../../arm-none-eabi/lib/thumb/v7e-m+dp/hard\libc_nano.a(libc_a-nano-svfprintf.o)
                0x08016004                _svfiprintf_r
                0x08016004                _svfprintf_r
 .text._sungetc_r
                0x080161fc       0x7a C:/ST/STM32CubeIDE_2.0.0/STM32CubeIDE/plugins/com.st.stm32cube.ide.mcu.externaltools.gnu-tools-for-stm32.13.3.rel1.win32_1.0.100.202509120712/tools/bin/../lib/gcc/arm-none-eabi/13.3.1/../../../../arm-none-eabi/lib/thumb/v7e-m+dp/hard\libc_nano.a(libc_a-nano-svfscanf.o)
                0x080161fc                _sungetc_r
 .text.__ssrefill_r
                0x08016276       0x3a C:/ST/STM32CubeIDE_2.0.0/STM32CubeIDE/plugins/com.st.stm32cube.ide.mcu.externaltools.gnu-tools-for-stm32.13.3.rel1.win32_1.0.100.202509120712/tools/bin/../lib/gcc/arm-none-eabi/13.3.1/../../../../arm-none-eabi/lib/thumb/v7e-m+dp/hard\libc_nano.a(libc_a-nano-svfscanf.o)
                0x08016276                __ssrefill_r
 .text.__ssvfscanf_r
                0x080162b0      0x2ec C:/ST/STM32CubeIDE_2.0.0/STM32CubeIDE/plugins/com.st.stm32cube.ide.mcu.externaltools.gnu-tools-for-stm32.13.3.rel1.win32_1.0.100.202509120712/tools/bin/../lib/gcc/arm-none-eabi/13.3.1/../../../../arm-none-eabi/lib/thumb/v7e-m+dp/hard\libc_nano.a(libc_a-nano-svfscanf.o)
                0x080162b0                __ssvfiscanf_r
                0x080162b0                __ssvfscanf_r
 .text._scanf_chars
                0x0801659c       0xb4 C:/ST/STM32CubeIDE_2.0.0/STM32CubeIDE/plugins/com.st.stm32cube.ide.mcu.externaltools.gnu-tools-for-stm32.13.3.rel1.win32_1.0.100.202509120712/tools/bin/../lib/gcc/arm-none-eabi/13.3.1/../../../../arm-none-eabi/lib/thumb/v7e-m+dp/hard\libc_nano.a(libc_a-nano-vfscanf_i.o)
                0x0801659c                _scanf_chars
 .text._scanf_i
                0x08016650      0x1e8 C:/ST/STM32CubeIDE_2.0.0/STM32CubeIDE/plugins/com.st.stm32cube.ide.mcu.externaltools.gnu-tools-for-stm32.13.3.rel1.win32_1.0.100.202509120712/tools/bin/../lib/gcc/arm-none-eabi/13.3.1/../../../../arm-none-eabi/lib/thumb/v7e-m+dp/hard\libc_nano.a(libc_a-nano-vfscanf_i.o)
                0x08016650                _scanf_i
 .text.__sflush_r
                0x08016838      0x108 C:/ST/STM32CubeIDE_2.0.0/STM32CubeIDE/plugins/com.st.stm32cube.ide.mcu.externaltools.gnu-tools-for-stm32.13.3.rel1.win32_1.0.100.202509120712/tools/bin/../lib/gcc/arm-none-eabi/13.3.1/../../../../arm-none-eabi/lib/thumb/v7e-m+dp/hard\libc_nano.a(libc_a-fflush.o)
                0x08016838                __sflush_r
 .text._fflush_r
                0x08016940       0x50 C:/ST/STM32CubeIDE_2.0.0/STM32CubeIDE/plugins/com.st.stm32cube.ide.mcu.externaltools.gnu-tools-for-stm32.13.3.rel1.win32_1.0.100.202509120712/tools/bin/../lib/gcc/arm-none-eabi/13.3.1/../../../../arm-none-eabi/lib/thumb/v7e-m+dp/hard\libc_nano.a(libc_a-fflush.o)
                0x08016940                _fflush_r
 .text.fprintf  0x08016990       0x24 C:/ST/STM32CubeIDE_2.0.0/STM32CubeIDE/plugins/com.st.stm32cube.ide.mcu.externaltools.gnu-tools-for-stm32.13.3.rel1.win32_1.0.100.202509120712/tools/bin/../lib/gcc/arm-none-eabi/13.3.1/../../../../arm-none-eabi/lib/thumb/v7e-m+dp/hard\libc_nano.a(libc_a-fprintf.o)
                0x08016990                fiprintf
                0x08016990                fprintf
 .text.__sccl   0x080169b4       0x72 C:/ST/STM32CubeIDE_2.0.0/STM32CubeIDE/plugins/com.st.stm32cube.ide.mcu.externaltools.gnu-tools-for-stm32.13.3.rel1.win32_1.0.100.202509120712/tools/bin/../lib/gcc/arm-none-eabi/13.3.1/../../../../arm-none-eabi/lib/thumb/v7e-m+dp/hard\libc_nano.a(libc_a-sccl.o)
                0x080169b4                __sccl
 .text.__submore
                0x08016a26       0x74 C:/ST/STM32CubeIDE_2.0.0/STM32CubeIDE/plugins/com.st.stm32cube.ide.mcu.externaltools.gnu-tools-for-stm32.13.3.rel1.win32_1.0.100.202509120712/tools/bin/../lib/gcc/arm-none-eabi/13.3.1/../../../../arm-none-eabi/lib/thumb/v7e-m+dp/hard\libc_nano.a(libc_a-ungetc.o)
                0x08016a26                __submore
 .text.memmove  0x08016a9a       0x34 C:/ST/STM32CubeIDE_2.0.0/STM32CubeIDE/plugins/com.st.stm32cube.ide.mcu.externaltools.gnu-tools-for-stm32.13.3.rel1.win32_1.0.100.202509120712/tools/bin/../lib/gcc/arm-none-eabi/13.3.1/../../../../arm-none-eabi/lib/thumb/v7e-m+dp/hard\libc_nano.a(libc_a-memmove.o)
                0x08016a9a                memmove
 *fill*         0x08016ace        0x2 
 .text._sbrk_r  0x08016ad0       0x20 C:/ST/STM32CubeIDE_2.0.0/STM32CubeIDE/plugins/com.st.stm32cube.ide.mcu.externaltools.gnu-tools-for-stm32.13.3.rel1.win32_1.0.100.202509120712/tools/bin/../lib/gcc/arm-none-eabi/13.3.1/../../../../arm-none-eabi/lib/thumb/v7e-m+dp/hard\libc_nano.a(libc_a-sbrkr.o)
                0x08016ad0                _sbrk_r
 .text.abort    0x08016af0        0xe C:/ST/STM32CubeIDE_2.0.0/STM32CubeIDE/plugins/com.st.stm32cube.ide.mcu.externaltools.gnu-tools-for-stm32.13.3.rel1.win32_1.0.100.202509120712/tools/bin/../lib/gcc/arm-none-eabi/13.3.1/../../../../arm-none-eabi/lib/thumb/v7e-m+dp/hard\libc_nano.a(libc_a-abort.o)
                0x08016af0                abort
 .text._calloc_r
                0x08016afe       0x28 C:/ST/STM32CubeIDE_2.0.0/STM32CubeIDE/plugins/com.st.stm32cube.ide.mcu.externaltools.gnu-tools-for-stm32.13.3.rel1.win32_1.0.100.202509120712/tools/bin/../lib/gcc/arm-none-eabi/13.3.1/../../../../arm-none-eabi/lib/thumb/v7e-m+dp/hard\libc_nano.a(libc_a-callocr.o)
                0x08016afe                _calloc_r
 .text._realloc_r
                0x08016b26       0x5c C:/ST/STM32CubeIDE_2.0.0/STM32CubeIDE/plugins/com.st.stm32cube.ide.mcu.externaltools.gnu-tools-for-stm32.13.3.rel1.win32_1.0.100.202509120712/tools/bin/../lib/gcc/arm-none-eabi/13.3.1/../../../../arm-none-eabi/lib/thumb/v7e-m+dp/hard\libc_nano.a(libc_a-reallocr.o)
                0x08016b26                _realloc_r
 *fill*         0x08016b82        0x2 
 .text._strtoul_l.isra.0
                0x08016b84       0xdc C:/ST/STM32CubeIDE_2.0.0/STM32CubeIDE/plugins/com.st.stm32cube.ide.mcu.externaltools.gnu-tools-for-stm32.13.3.rel1.win32_1.0.100.202509120712/tools/bin/../lib/gcc/arm-none-eabi/13.3.1/../../../../arm-none-eabi/lib/thumb/v7e-m+dp/hard\libc_nano.a(libc_a-strtoul.o)
 .text._strtoul_r
                0x08016c60        0x4 C:/ST/STM32CubeIDE_2.0.0/STM32CubeIDE/plugins/com.st.stm32cube.ide.mcu.externaltools.gnu-tools-for-stm32.13.3.rel1.win32_1.0.100.202509120712/tools/bin/../lib/gcc/arm-none-eabi/13.3.1/../../../../arm-none-eabi/lib/thumb/v7e-m+dp/hard\libc_nano.a(libc_a-strtoul.o)
                0x08016c60                _strtoul_r
 .text.__sfputc_r
                0x08016c64       0x2e C:/ST/STM32CubeIDE_2.0.0/STM32CubeIDE/plugins/com.st.stm32cube.ide.mcu.externaltools.gnu-tools-for-stm32.13.3.rel1.win32_1.0.100.202509120712/tools/bin/../lib/gcc/arm-none-eabi/13.3.1/../../../../arm-none-eabi/lib/thumb/v7e-m+dp/hard\libc_nano.a(libc_a-nano-vfprintf.o)
 .text.__sfputs_r
                0x08016c92       0x24 C:/ST/STM32CubeIDE_2.0.0/STM32CubeIDE/plugins/com.st.stm32cube.ide.mcu.externaltools.gnu-tools-for-stm32.13.3.rel1.win32_1.0.100.202509120712/tools/bin/../lib/gcc/arm-none-eabi/13.3.1/../../../../arm-none-eabi/lib/thumb/v7e-m+dp/hard\libc_nano.a(libc_a-nano-vfprintf.o)
                0x08016c92                __sfputs_r
 *fill*         0x08016cb6        0x2 
 .text._vfprintf_r
                0x08016cb8      0x230 C:/ST/STM32CubeIDE_2.0.0/STM32CubeIDE/plugins/com.st.stm32cube.ide.mcu.externaltools.gnu-tools-for-stm32.13.3.rel1.win32_1.0.100.202509120712/tools/bin/../lib/gcc/arm-none-eabi/13.3.1/../../../../arm-none-eabi/lib/thumb/v7e-m+dp/hard\libc_nano.a(libc_a-nano-vfprintf.o)
                0x08016cb8                _vfprintf_r
                0x08016cb8                _vfiprintf_r
 .text.__swbuf_r
                0x08016ee8       0x7c C:/ST/STM32CubeIDE_2.0.0/STM32CubeIDE/plugins/com.st.stm32cube.ide.mcu.externaltools.gnu-tools-for-stm32.13.3.rel1.win32_1.0.100.202509120712/tools/bin/../lib/gcc/arm-none-eabi/13.3.1/../../../../arm-none-eabi/lib/thumb/v7e-m+dp/hard\libc_nano.a(libc_a-wbuf.o)
                0x08016ee8                __swbuf_r
 .text.__swsetup_r
                0x08016f64       0xac C:/ST/STM32CubeIDE_2.0.0/STM32CubeIDE/plugins/com.st.stm32cube.ide.mcu.externaltools.gnu-tools-for-stm32.13.3.rel1.win32_1.0.100.202509120712/tools/bin/../lib/gcc/arm-none-eabi/13.3.1/../../../../arm-none-eabi/lib/thumb/v7e-m+dp/hard\libc_nano.a(libc_a-wsetup.o)
                0x08016f64                __swsetup_r
 .text._raise_r
                0x08017010       0x50 C:/ST/STM32CubeIDE_2.0.0/STM32CubeIDE/plugins/com.st.stm32cube.ide.mcu.externaltools.gnu-tools-for-stm32.13.3.rel1.win32_1.0.100.202509120712/tools/bin/../lib/gcc/arm-none-eabi/13.3.1/../../../../arm-none-eabi/lib/thumb/v7e-m+dp/hard\libc_nano.a(libc_a-signal.o)
                0x08017010                _raise_r
 .text.raise    0x08017060       0x10 C:/ST/STM32CubeIDE_2.0.0/STM32CubeIDE/plugins/com.st.stm32cube.ide.mcu.externaltools.gnu-tools-for-stm32.13.3.rel1.win32_1.0.100.202509120712/tools/bin/../lib/gcc/arm-none-eabi/13.3.1/../../../../arm-none-eabi/lib/thumb/v7e-m+dp/hard\libc_nano.a(libc_a-signal.o)
                0x08017060                raise
 .text._kill_r  0x08017070       0x24 C:/ST/STM32CubeIDE_2.0.0/STM32CubeIDE/plugins/com.st.stm32cube.ide.mcu.externaltools.gnu-tools-for-stm32.13.3.rel1.win32_1.0.100.202509120712/tools/bin/../lib/gcc/arm-none-eabi/13.3.1/../../../../arm-none-eabi/lib/thumb/v7e-m+dp/hard\libc_nano.a(libc_a-signalr.o)
                0x08017070                _kill_r
 .text._getpid_r
                0x08017094        0x4 C:/ST/STM32CubeIDE_2.0.0/STM32CubeIDE/plugins/com.st.stm32cube.ide.mcu.externaltools.gnu-tools-for-stm32.13.3.rel1.win32_1.0.100.202509120712/tools/bin/../lib/gcc/arm-none-eabi/13.3.1/../../../../arm-none-eabi/lib/thumb/v7e-m+dp/hard\libc_nano.a(libc_a-signalr.o)
                0x08017094                _getpid_r
 .text._malloc_usable_size_r
                0x08017098       0x10 C:/ST/STM32CubeIDE_2.0.0/STM32CubeIDE/plugins/com.st.stm32cube.ide.mcu.externaltools.gnu-tools-for-stm32.13.3.rel1.win32_1.0.100.202509120712/tools/bin/../lib/gcc/arm-none-eabi/13.3.1/../../../../arm-none-eabi/lib/thumb/v7e-m+dp/hard\libc_nano.a(libc_a-msizer.o)
                0x08017098                _malloc_usable_size_r
 .text.__swhatbuf_r
                0x080170a8       0x4c C:/ST/STM32CubeIDE_2.0.0/STM32CubeIDE/plugins/com.st.stm32cube.ide.mcu.externaltools.gnu-tools-for-stm32.13.3.rel1.win32_1.0.100.202509120712/tools/bin/../lib/gcc/arm-none-eabi/13.3.1/../../../../arm-none-eabi/lib/thumb/v7e-m+dp/hard\libc_nano.a(libc_a-makebuf.o)
                0x080170a8                __swhatbuf_r
 .text.__smakebuf_r
                0x080170f4       0x78 C:/ST/STM32CubeIDE_2.0.0/STM32CubeIDE/plugins/com.st.stm32cube.ide.mcu.externaltools.gnu-tools-for-stm32.13.3.rel1.win32_1.0.100.202509120712/tools/bin/../lib/gcc/arm-none-eabi/13.3.1/../../../../arm-none-eabi/lib/thumb/v7e-m+dp/hard\libc_nano.a(libc_a-makebuf.o)